<html>
<body>
<pre>
<h1>µVision Build Log</h1>
<h2>Project:</h2>
C:\Users\Administrator\Desktop\stm32\013 ‘∆Ω°øµ ≤‚ ‘∞Ê0.2\src\main.uvproj
Project File Date:  09/27/2015

<h2>Output:</h2>
Build target 'Target 1'
compiling main.c...
compiling usart.c...
linking...
..\obj\main.axf: Warning: L6304W: Duplicate input file ..\obj\usart.o ignored.
Program Size: Code=21322 RO-data=8038 RW-data=76 ZI-data=1852  
Finished: 0 information, 1 warning and 0 error messages.
FromELF: creating hex file...
"..\obj\main.axf" - 0 Error(s), 1 Warning(s).
</pre>
</body>
</html>
mation, 1 warning and 0 error messages.
FromELF: creating hex file...
"..\obj\main.axf" - 0 Error(s), 2 Warning(s).
=1852  
Finished: 0 information, 1 warning and 0 error messages.
FromELF: creating hex file...
"..\obj\main.axf" - 0 Error(s), 3 Warning(s).
Load "..\\obj\\main.axf" 
Erase Done.
Programming Done.
Verify OK.
Application running ...

ed: 0 information, 1 warning and 0 error messages.
FromELF: creating hex file...
"..\obj\main.axf" - 0 Error(s), 4 Warning(s).
