Product: MDK-ARM Professional 5.10
Component: ARM Compiler 5.04 update 1 (build 49)
Tool: armlink [5040049]

==============================================================================

Section Cross References

    startup_stm32f10x_hd.o(STACK) refers (Special) to heapauxi.o(.text) for __use_two_region_memory
    startup_stm32f10x_hd.o(HEAP) refers (Special) to heapauxi.o(.text) for __use_two_region_memory
    startup_stm32f10x_hd.o(RESET) refers (Special) to heapauxi.o(.text) for __use_two_region_memory
    startup_stm32f10x_hd.o(RESET) refers to startup_stm32f10x_hd.o(STACK) for __initial_sp
    startup_stm32f10x_hd.o(RESET) refers to startup_stm32f10x_hd.o(.text) for Reset_Handler
    startup_stm32f10x_hd.o(RESET) refers to usart2.o(.text) for TIM4_IRQHandler
    startup_stm32f10x_hd.o(RESET) refers to usart.o(.text) for USART1_IRQHandler
    startup_stm32f10x_hd.o(RESET) refers to usart3.o(.text) for USART3_IRQHandler
    startup_stm32f10x_hd.o(RESET) refers to key.o(.text) for EXTI15_10_IRQHandler
    startup_stm32f10x_hd.o(.text) refers (Special) to heapauxi.o(.text) for __use_two_region_memory
    startup_stm32f10x_hd.o(.text) refers to __main.o(!!!main) for __main
    startup_stm32f10x_hd.o(.text) refers to startup_stm32f10x_hd.o(HEAP) for Heap_Mem
    startup_stm32f10x_hd.o(.text) refers to startup_stm32f10x_hd.o(STACK) for Stack_Mem
    delay.o(.text) refers to delay.o(.data) for fac_us
    sys.o(.text) refers to sys.o(.emb_text) for WFI_SET
    usart.o(.rev16_text) refers (Special) to use_no_semi_2.o(.text) for __use_no_semihosting
    usart.o(.revsh_text) refers (Special) to use_no_semi_2.o(.text) for __use_no_semihosting
    usart.o(.text) refers (Special) to use_no_semi_2.o(.text) for __use_no_semihosting
    usart.o(.text) refers to fflt_clz.o(x$fpl$ffltu) for __aeabi_ui2f
    usart.o(.text) refers to fdiv.o(x$fpl$fdiv) for __aeabi_fdiv
    usart.o(.text) refers to ffixu.o(x$fpl$ffixu) for __aeabi_f2uiz
    usart.o(.text) refers to faddsub_clz.o(x$fpl$frsb) for __aeabi_frsub
    usart.o(.text) refers to fmul.o(x$fpl$fmul) for __aeabi_fmul
    usart.o(.text) refers to sys.o(.text) for MY_NVIC_Init
    usart.o(.text) refers to usart.o(.data) for USART_RX_STA
    usart.o(.text) refers to usart.o(.bss) for USART_RX_BUF
    usart.o(.bss) refers (Special) to use_no_semi_2.o(.text) for __use_no_semihosting
    usart.o(.data) refers (Special) to use_no_semi_2.o(.text) for __use_no_semihosting
    main.o(.text) refers to sys.o(.text) for Stm32_Clock_Init
    main.o(.text) refers to delay.o(.text) for delay_init
    main.o(.text) refers to usart.o(.text) for uart_init
    main.o(.text) refers to usart2.o(.text) for USART2_Init
    main.o(.text) refers to usart3.o(.text) for USART3_Init
    main.o(.text) refers to gsm.o(.text) for ChangeNumber
    main.o(.text) refers to led.o(.text) for LED_Init
    main.o(.text) refers to buzzer.o(.text) for Buzzer_Init
    main.o(.text) refers to key.o(.text) for Key_Init
    main.o(.text) refers to io.o(.text) for IO_Init
    main.o(.text) refers to stmiic.o(.text) for IICinit
    main.o(.text) refers to mpu6050.o(.text) for initmpu6050
    main.o(.text) refers to falldown.o(.text) for FallDown
    main.o(.text) refers to gps.o(.text) for getgps
    main.o(.text) refers to gsm.o(.bss) for AddresseeNumber
    main.o(.text) refers to key.o(.data) for KeyStatus
    main.o(.text) refers to usart2.o(.data) for USART2_RX_STA
    main.o(.text) refers to usart2.o(.bss) for USART2_RX_BUF
    key.o(.text) refers to sys.o(.text) for Ex_NVIC_Config
    key.o(.text) refers to delay.o(.text) for delay_ms
    key.o(.text) refers to key.o(.data) for KeyStatus
    usart2.o(.text) refers to sys.o(.text) for MY_NVIC_Init
    usart2.o(.text) refers to delay.o(.text) for delay_us
    usart2.o(.text) refers to c89vsprintf.o(.text) for __c89vsprintf
    usart2.o(.text) refers to strlen.o(.text) for strlen
    usart2.o(.text) refers to usart2.o(.data) for USART2_RX_STA
    usart2.o(.text) refers to usart2.o(.bss) for USART2_RX_BUF
    gsm.o(.text) refers to gps.o(.text) for ChangeCoord
    gsm.o(.text) refers to dmul.o(x$fpl$dmul) for __aeabi_dmul
    gsm.o(.text) refers to dfix.o(x$fpl$dfix) for __aeabi_d2iz
    gsm.o(.text) refers to delay.o(.text) for delay_ms
    gsm.o(.text) refers to usart.o(.data) for USART_RX_STA
    gsm.o(.text) refers to usart.o(.bss) for USART_RX_BUF
    gsm.o(.text) refers to gsm.o(.constdata) for SmsReady
    gsm.o(.text) refers to gsm.o(.bss) for LocationMessage
    gsm.o(.text) refers to gps.o(.data) for LongtitudeDirection
    gps.o(.text) refers to rt_memclr_w.o(.text) for __aeabi_memclr4
    gps.o(.text) refers to dflt_clz.o(x$fpl$dfltu) for __aeabi_ui2d
    gps.o(.text) refers to pow.o(i.pow) for pow
    gps.o(.text) refers to dflt_clz.o(x$fpl$dflt) for __aeabi_i2d
    gps.o(.text) refers to dmul.o(x$fpl$dmul) for __aeabi_dmul
    gps.o(.text) refers to daddsub_clz.o(x$fpl$dadd) for __aeabi_dadd
[...]
    .ARM.Collect$$_printf_percent$$00000010  0x08000202   Section        6  _printf_llo.o(.ARM.Collect$$_printf_percent$$00000010)
    .ARM.Collect$$_printf_percent$$00000011  0x08000208   Section        6  _printf_llx.o(.ARM.Collect$$_printf_percent$$00000011)
    .ARM.Collect$$_printf_percent$$00000012  0x0800020e   Section       10  _printf_l.o(.ARM.Collect$$_printf_percent$$00000012)
    .ARM.Collect$$_printf_percent$$00000013  0x08000218   Section        6  _printf_c.o(.ARM.Collect$$_printf_percent$$00000013)
    .ARM.Collect$$_printf_percent$$00000014  0x0800021e   Section        6  _printf_s.o(.ARM.Collect$$_printf_percent$$00000014)
    .ARM.Collect$$_printf_percent$$00000015  0x08000224   Section        6  _printf_lc.o(.ARM.Collect$$_printf_percent$$00000015)
    .ARM.Collect$$_printf_percent$$00000016  0x0800022a   Section        6  _printf_ls.o(.ARM.Collect$$_printf_percent$$00000016)
    .ARM.Collect$$_printf_percent$$00000017  0x08000230   Section        4  _printf_percent_end.o(.ARM.Collect$$_printf_percent$$00000017)
    .ARM.Collect$$libinit$$00000000          0x08000234   Section        2  libinit.o(.ARM.Collect$$libinit$$00000000)
    .ARM.Collect$$libinit$$00000002          0x08000236   Section        0  libinit2.o(.ARM.Collect$$libinit$$00000002)
    .ARM.Collect$$libinit$$00000008          0x08000236   Section        0  libinit2.o(.ARM.Collect$$libinit$$00000008)
    .ARM.Collect$$libinit$$0000000A          0x08000236   Section        0  libinit2.o(.ARM.Collect$$libinit$$0000000A)
    .ARM.Collect$$libinit$$0000000C          0x08000236   Section        0  libinit2.o(.ARM.Collect$$libinit$$0000000C)
    .ARM.Collect$$libinit$$0000000D          0x08000236   Section        6  libinit2.o(.ARM.Collect$$libinit$$0000000D)
    .ARM.Collect$$libinit$$0000000F          0x0800023c   Section        0  libinit2.o(.ARM.Collect$$libinit$$0000000F)
    .ARM.Collect$$libinit$$00000010          0x0800023c   Section       12  libinit2.o(.ARM.Collect$$libinit$$00000010)
    .ARM.Collect$$libinit$$00000011          0x08000248   Section        0  libinit2.o(.ARM.Collect$$libinit$$00000011)
    .ARM.Collect$$libinit$$00000013          0x08000248   Section        0  libinit2.o(.ARM.Collect$$libinit$$00000013)
    .ARM.Collect$$libinit$$00000014          0x08000248   Section       10  libinit2.o(.ARM.Collect$$libinit$$00000014)
    .ARM.Collect$$libinit$$00000015          0x08000252   Section        0  libinit2.o(.ARM.Collect$$libinit$$00000015)
    .ARM.Collect$$libinit$$00000017          0x08000252   Section        0  libinit2.o(.ARM.Collect$$libinit$$00000017)
    .ARM.Collect$$libinit$$00000019          0x08000252   Section        0  libinit2.o(.ARM.Collect$$libinit$$00000019)
    .ARM.Collect$$libinit$$0000001B          0x08000252   Section        0  libinit2.o(.ARM.Collect$$libinit$$0000001B)
    .ARM.Collect$$libinit$$0000001D          0x08000252   Section        0  libinit2.o(.ARM.Collect$$libinit$$0000001D)
    .ARM.Collect$$libinit$$0000001F          0x08000252   Section        0  libinit2.o(.ARM.Collect$$libinit$$0000001F)
    .ARM.Collect$$libinit$$00000021          0x08000252   Section        0  libinit2.o(.ARM.Collect$$libinit$$00000021)
    .ARM.Collect$$libinit$$00000023          0x08000252   Section        0  libinit2.o(.ARM.Collect$$libinit$$00000023)
    .ARM.Collect$$libinit$$0000002A          0x08000252   Section        0  libinit2.o(.ARM.Collect$$libinit$$0000002A)
    .ARM.Collect$$libinit$$0000002C          0x08000252   Section        0  libinit2.o(.ARM.Collect$$libinit$$0000002C)
    .ARM.Collect$$libinit$$0000002E          0x08000252   Section        0  libinit2.o(.ARM.Collect$$libinit$$0000002E)
    .ARM.Collect$$libinit$$00000030          0x08000252   Section        0  libinit2.o(.ARM.Collect$$libinit$$00000030)
    .ARM.Collect$$libinit$$00000031          0x08000252   Section        2  libinit2.o(.ARM.Collect$$libinit$$00000031)
    .ARM.Collect$$libshutdown$$00000000      0x08000254   Section        2  libshutdown.o(.ARM.Collect$$libshutdown$$00000000)
    .ARM.Collect$$libshutdown$$00000003      0x08000256   Section        0  libshutdown2.o(.ARM.Collect$$libshutdown$$00000003)
    .ARM.Collect$$libshutdown$$00000006      0x08000256   Section        0  libshutdown2.o(.ARM.Collect$$libshutdown$$00000006)
    .ARM.Collect$$libshutdown$$00000009      0x08000256   Section        0  libshutdown2.o(.ARM.Collect$$libshutdown$$00000009)
    .ARM.Collect$$libshutdown$$0000000B      0x08000256   Section        0  libshutdown2.o(.ARM.Collect$$libshutdown$$0000000B)
    .ARM.Collect$$libshutdown$$0000000E      0x08000256   Section        0  libshutdown2.o(.ARM.Collect$$libshutdown$$0000000E)
    .ARM.Collect$$libshutdown$$0000000F      0x08000256   Section        2  libshutdown2.o(.ARM.Collect$$libshutdown$$0000000F)
    .ARM.Collect$$rtentry$$00000000          0x08000258   Section        0  rtentry.o(.ARM.Collect$$rtentry$$00000000)
    .ARM.Collect$$rtentry$$00000002          0x08000258   Section        0  rtentry2.o(.ARM.Collect$$rtentry$$00000002)
    .ARM.Collect$$rtentry$$00000004          0x08000258   Section        6  rtentry4.o(.ARM.Collect$$rtentry$$00000004)
    .ARM.Collect$$rtentry$$00000009          0x0800025e   Section        0  rtentry2.o(.ARM.Collect$$rtentry$$00000009)
    .ARM.Collect$$rtentry$$0000000A          0x0800025e   Section        4  rtentry2.o(.ARM.Collect$$rtentry$$0000000A)
    .ARM.Collect$$rtentry$$0000000C          0x08000262   Section        0  rtentry2.o(.ARM.Collect$$rtentry$$0000000C)
    .ARM.Collect$$rtentry$$0000000D          0x08000262   Section        8  rtentry2.o(.ARM.Collect$$rtentry$$0000000D)
    .ARM.Collect$$rtexit$$00000000           0x0800026a   Section        2  rtexit.o(.ARM.Collect$$rtexit$$00000000)
    .ARM.Collect$$rtexit$$00000002           0x0800026c   Section        0  rtexit2.o(.ARM.Collect$$rtexit$$00000002)
    .ARM.Collect$$rtexit$$00000003           0x0800026c   Section        4  rtexit2.o(.ARM.Collect$$rtexit$$00000003)
    .ARM.Collect$$rtexit$$00000004           0x08000270   Section        6  rtexit2.o(.ARM.Collect$$rtexit$$00000004)
    .emb_text                                0x08000278   Section       12  sys.o(.emb_text)
    .text                                    0x08000284   Section       56  startup_stm32f10x_hd.o(.text)
    .text                                    0x080002bc   Section        0  delay.o(.text)
    .text                                    0x0800036c   Section        0  sys.o(.text)
    .text                                    0x08000628   Section        0  usart.o(.text)
    .text                                    0x080007ac   Section        0  main.o(.text)
    .text                                    0x08000a20   Section        0  key.o(.text)
    .text                                    0x08000ab4   Section        0  led.o(.text)
    .text                                    0x08000af0   Section        0  usart2.o(.text)
    .text                                    0x08000d5c   Section        0  gsm.o(.text)
    .text                                    0x08001258   Section        0  gps.o(.text)
    .text                                    0x080014f0   Section        0  mpu6050.o(.text)
    .text                                    0x08001718   Section        0  stmiic.o(.text)
    .text                                    0x08001a14   Section        0  usart3.o(.text)
    .text                                    0x08001bc8   Section        0  falldown.o(.text)
    .text                                    0x08001e24   Section        0  buzzer.o(.text)
    .text                                    0x08001e9c   Section        0  io.o(.text)
    .text                                    0x08001f24   Section        2  use_no_semi_2.o(.text)
    .text                                    0x08001f28   Section        0  c89vsprintf.o(.text)
    .text                                    0x08001f4c   Section        0  strlen.o(.text)
    .text                                    0x08001f8a   Section       78  rt_memclr_w.o(.text)
    .text                                    0x08001fd8   Section        0  heapauxi.o(.text)
    .text                                    0x08001fde   Section        2  use_no_semi.o(.text)
    .text                                    0x08001fe0   Section        0  _rserrno.o(.text)
    .text                                    0x08001ff6   Section        0  _printf_pad.o(.text)
    .text                                    0x08002044   Section        0  _printf_truncate.o(.text)
    .text                                    0x08002068   Section        0  _printf_str.o(.text)
    .text                                    0x080020bc   Section        0  _printf_dec.o(.text)
    .text                                    0x08002130   Section        0  _printf_charcount.o(.text)
    .text                                    0x08002158   Section        0  _printf_char_common.o(.text)
    _printf_input_char                       0x08002159   Thumb Code    10  _printf_char_common.o(.text)
    .text                                    0x08002188   Section        0  _sputc.o(.text)
    .text                                    0x08002194   Section        0  _printf_wctomb.o(.text)
    .text                                    0x08002250   Section        0  _printf_longlong_dec.o(.text)
    .text                                    0x080022c8   Section        0  _printf_oct_int_ll.o(.text)
    _printf_longlong_oct_internal            0x080022c9   Thumb Code     0  _printf_oct_int_ll.o(.text)
    .text                                    0x08002338   Section        0  _printf_hex_int_ll_ptr.o(.text)
    _printf_hex_common                       0x08002339   Thumb Code     0  _printf_hex_int_ll_ptr.o(.text)
    .text                                    0x080023cc   Section        0  __printf_flags_ss_wp.o(.text)
    .text                                    0x08002554   Section        8  rt_errno_addr_intlibspace.o(.text)
    .text                                    0x0800255c   Section      138  lludiv10.o(.text)
    .text                                    0x080025e6   Section        0  _printf_intcommon.o(.text)
    .text                                    0x08002698   Section        0  _printf_fp_dec.o(.text)
    _fp_digits                               0x0800269b   Thumb Code   428  _printf_fp_dec.o(.text)
    .text                                    0x08002aae   Section        0  _printf_char.o(.text)
    .text                                    0x08002ada   Section        0  _printf_wchar.o(.text)
    .text                                    0x08002b06   Section        0  _wcrtomb.o(.text)
    .text                                    0x08002b48   Section        8  libspace.o(.text)
    .text                                    0x08002b50   Section       74  sys_stackheap_outer.o(.text)
    .text                                    0x08002b9c   Section       16  rt_ctype_table.o(.text)
    .text                                    0x08002bac   Section        8  rt_locale_intlibspace.o(.text)
    .text                                    0x08002bb4   Section        0  _printf_fp_infnan.o(.text)
    .text                                    0x08002c34   Section        0  bigflt0.o(.text)
    .text                                    0x08002d0c   Section        0  exit.o(.text)
    .text                                    0x08002d18   Section      128  strcmpv7m.o(.text)
    CL$$btod_d2e                             0x08002d98   Section       62  btod.o(CL$$btod_d2e)
    CL$$btod_d2e_denorm_low                  0x08002dd6   Section       70  btod.o(CL$$btod_d2e_denorm_low)
    CL$$btod_d2e_norm_op1                    0x08002e1c   Section       96  btod.o(CL$$btod_d2e_norm_op1)
    CL$$btod_div_common                      0x08002e7c   Section      824  btod.o(CL$$btod_div_common)
    CL$$btod_e2e                             0x080031b4   Section      198  btod.o(CL$$btod_e2e)
    CL$$btod_ediv                            0x0800327a   Section       40  btod.o(CL$$btod_ediv)
    CL$$btod_emul                            0x080032a2   Section       40  btod.o(CL$$btod_emul)
    CL$$btod_mult_common                     0x080032ca   Section      580  btod.o(CL$$btod_mult_common)
    i.__ARM_fpclassify                       0x0800350e   Section        0  fpclassify.o(i.__ARM_fpclassify)
    i.__kernel_poly                          0x08003536   Section        0  poly.o(i.__kernel_poly)
    i.__mathlib_dbl_underflow                0x080035e0   Section        0  dunder.o(i.__mathlib_dbl_underflow)
    i._is_digit                              0x080035f0   Section        0  __printf_wp.o(i._is_digit)
    i.pow                                    0x08003600   Section        0  pow.o(i.pow)
    i.sqrt                                   0x08003fe0   Section        0  sqrt.o(i.sqrt)
    locale$$code                             0x0800402c   Section       44  lc_numeric_c.o(locale$$code)
    locale$$code                             0x08004058   Section       44  lc_ctype_c.o(locale$$code)
    x$fpl$dadd                               0x08004084   Section      336  daddsub_clz.o(x$fpl$dadd)
    _dadd1                                   0x08004095   Thumb Code     0  daddsub_clz.o(x$fpl$dadd)
    x$fpl$dcheck1                            0x080041d4   Section       16  dcheck1.o(x$fpl$dcheck1)
    x$fpl$dcmpinf                            0x080041e4   Section       24  dcmpi.o(x$fpl$dcmpinf)
    x$fpl$ddiv                               0x080041fc   Section      688  ddiv.o(x$fpl$ddiv)
    ddiv_entry                               0x08004203   Thumb Code     0  ddiv.o(x$fpl$ddiv)
    x$fpl$dfix                               0x080044ac   Section       94  dfix.o(x$fpl$dfix)
    x$fpl$dfixu                              0x0800450c   Section       90  dfixu.o(x$fpl$dfixu)
    x$fpl$dflt                               0x08004566   Section       46  dflt_clz.o(x$fpl$dflt)
    x$fpl$dfltu                              0x08004594   Section       38  dflt_clz.o(x$fpl$dfltu)
    x$fpl$dleqf                              0x080045bc   Section      120  dleqf.o(x$fpl$dleqf)
    x$fpl$dmul                               0x08004634   Section      340  dmul.o(x$fpl$dmul)
    x$fpl$dnaninf                            0x08004788   Section      156  dnaninf.o(x$fpl$dnaninf)
    x$fpl$dretinf                            0x08004824   Section       12  dretinf.o(x$fpl$dretinf)
    x$fpl$drleqf                             0x08004830   Section      108  drleqf.o(x$fpl$drleqf)
    x$fpl$drsb                               0x0800489c   Section       22  daddsub_clz.o(x$fpl$drsb)
    x$fpl$dsqrt                              0x080048b4   Section      460  dsqrt_noumaal.o(x$fpl$dsqrt)
    x$fpl$dsub                               0x08004a80   Section      468  daddsub_clz.o(x$fpl$dsub)
    _dsub1                                   0x08004a91   Thumb Code     0  daddsub_clz.o(x$fpl$dsub)
    x$fpl$fadd                               0x08004c54   Section      196  faddsub_clz.o(x$fpl$fadd)
    _fadd1                                   0x08004c63   Thumb Code     0  faddsub_clz.o(x$fpl$fadd)
    x$fpl$fdiv                               0x08004d18   Section      388  fdiv.o(x$fpl$fdiv)
    _fdiv1                                   0x08004d19   Thumb Code     0  fdiv.o(x$fpl$fdiv)
    x$fpl$ffixu                              0x08004e9c   Section       62  ffixu.o(x$fpl$ffixu)
    x$fpl$ffltu                              0x08004edc   Section       38  fflt_clz.o(x$fpl$ffltu)
    x$fpl$fmul                               0x08004f04   Section      258  fmul.o(x$fpl$fmul)
    x$fpl$fnaninf                            0x08005006   Section      140  fnaninf.o(x$fpl$fnaninf)
    x$fpl$fretinf                            0x08005092   Section       10  fretinf.o(x$fpl$fretinf)
    x$fpl$frsb                               0x0800509c   Section       20  faddsub_clz.o(x$fpl$frsb)
    x$fpl$fsub                               0x080050b0   Section      234  faddsub_clz.o(x$fpl$fsub)
    _fsub1                                   0x080050bf   Thumb Code     0  faddsub_clz.o(x$fpl$fsub)
    x$fpl$printf1                            0x0800519a   Section        4  printf1.o(x$fpl$printf1)
    x$fpl$retnan                             0x0800519e   Section      100  retnan.o(x$fpl$retnan)
    x$fpl$scalbn                             0x08005202   Section       92  scalbn.o(x$fpl$scalbn)
    x$fpl$trapveneer                         0x0800525e   Section       48  trapv.o(x$fpl$trapveneer)
    .constdata                               0x0800528e   Section        9  gsm.o(.constdata)
    x$fpl$usenofp                            0x0800528e   Section        0  usenofp.o(x$fpl$usenofp)
    .constdata                               0x08005298   Section      136  pow.o(.constdata)
    bp                                       0x08005298   Data          16  pow.o(.constdata)
    dp_h                                     0x080052a8   Data          16  pow.o(.constdata)
    dp_l                                     0x080052b8   Data          16  pow.o(.constdata)
    L                                        0x080052c8   Data          48  pow.o(.constdata)
    P                                        0x080052f8   Data          40  pow.o(.constdata)
    .constdata                               0x08005320   Section        8  _printf_wctomb.o(.constdata)
    initial_mbstate                          0x08005320   Data           8  _printf_wctomb.o(.constdata)
    .constdata                               0x08005328   Section       40  _printf_hex_int_ll_ptr.o(.constdata)
    uc_hextab                                0x08005328   Data          20  _printf_hex_int_ll_ptr.o(.constdata)
    lc_hextab                                0x0800533c   Data          20  _printf_hex_int_ll_ptr.o(.constdata)
    .constdata                               0x08005350   Section       17  __printf_flags_ss_wp.o(.constdata)
    maptable                                 0x08005350   Data          17  __printf_flags_ss_wp.o(.constdata)
    .constdata                               0x08005368   Section        8  qnan.o(.constdata)
    .constdata                               0x08005370   Section      148  bigflt0.o(.constdata)
    tenpwrs_x                                0x08005370   Data          60  bigflt0.o(.constdata)
    tenpwrs_i                                0x080053ac   Data          64  bigflt0.o(.constdata)
    locale$$data                             0x08005424   Section       28  lc_numeric_c.o(locale$$data)
    __lcnum_c_name                           0x08005428   Data           2  lc_numeric_c.o(locale$$data)
    __lcnum_c_start                          0x08005430   Data           0  lc_numeric_c.o(locale$$data)
    __lcnum_c_point                          0x0800543c   Data           0  lc_numeric_c.o(locale$$data)
    __lcnum_c_thousands                      0x0800543e   Data           0  lc_numeric_c.o(locale$$data)
    __lcnum_c_grouping                       0x0800543f   Data           0  lc_numeric_c.o(locale$$data)
    locale$$data                             0x08005440   Section      272  lc_ctype_c.o(locale$$data)
    __lcnum_c_end                            0x08005440   Data           0  lc_numeric_c.o(locale$$data)
    __lcctype_c_name                         0x08005444   Data           2  lc_ctype_c.o(locale$$data)
    __lcctype_c_start                        0x0800544c   Data           0  lc_ctype_c.o(locale$$data)
    __lcctype_c_end                          0x08005550   Data           0  lc_ctype_c.o(locale$$data)
    .data                                    0x20000000   Section        4  delay.o(.data)
    fac_us                                   0x20000000   Data           1  delay.o(.data)
    fac_ms                                   0x20000002   Data           2  delay.o(.data)
    .data                                    0x20000004   Section        6  usart.o(.data)
    .data                                    0x2000000a   Section        1  key.o(.data)
    .data                                    0x2000000c   Section        2  usart2.o(.data)
    .data                                    0x20000010   Section       24  gps.o(.data)
    .data                                    0x20000028   Section       16  mpu6050.o(.data)
    .data                                    0x20000038   Section        7  usart3.o(.data)
    Com3RecCount                             0x2000003d   Data           1  usart3.o(.data)
    Com3CheckSum                             0x2000003e   Data           1  usart3.o(.data)
    .data                                    0x20000040   Section       14  falldown.o(.data)
    .bss                                     0x20000050   Section      200  usart.o(.bss)
    .bss                                     0x20000118   Section      400  usart2.o(.bss)
    .bss                                     0x200002a8   Section       64  gsm.o(.bss)
    .bss                                     0x200002e8   Section       12  mpu6050.o(.bss)
    .bss                                     0x200002f4   Section       80  falldown.o(.bss)
    .bss                                     0x20000344   Section       96  libspace.o(.bss)
    HEAP                                     0x200003a8   Section      512  startup_stm32f10x_hd.o(HEAP)
    Heap_Mem                                 0x200003a8   Data         512  startup_stm32f10x_hd.o(HEAP)
    STACK                                    0x200005a8   Section     1024  startup_stm32f10x_hd.o(STACK)
    Stack_Mem                                0x200005a8   Data        1024  startup_stm32f10x_hd.o(STACK)
    __initial_sp                             0x200009a8   Data           0  startup_stm32f10x_hd.o(STACK)

    Global Symbols

    Symbol Name                              Value     Ov Type        Size  Object(Section)

    BuildAttributes$$THM_ISAv4$P$D$K$B$S$PE$A:L22UL41UL21$X:L11$S22US41US21$IEEE1$IW$USESV6$~STKCKD$USESV7$~SHL$OTIME$ROPI$IEEEX$EBA8$UX$STANDARDLIB$REQ8$PRES8$EABIv2 0x00000000   Number         0  anon$$obj.o ABSOLUTE
    __ARM_use_no_argv                        0x00000000   Number         0  main.o ABSOLUTE
    _printf_flags                            0x00000000   Number         0  printf_stubs.o ABSOLUTE
    _printf_return_value                     0x00000000   Number         0  printf_stubs.o ABSOLUTE
    _printf_sizespec                         0x00000000   Number         0  printf_stubs.o ABSOLUTE
    _printf_widthprec                        0x00000000   Number         0  printf_stubs.o ABSOLUTE
    __ARM_exceptions_init                     - Undefined Weak Reference
    __alloca_initialize                       - Undefined Weak Reference
    __cpp_initialize__aeabi_                  - Undefined Weak Reference
    __cxa_finalize                            - Undefined Weak Reference
    __sigvec_lookup                           - Undefined Weak Reference
    _atexit_init                              - Undefined Weak Reference
    _call_atexit_fns                          - Undefined Weak Reference
    _clock_init                               - Undefined Weak Reference
    _fp_trap_init                             - Undefined Weak Reference
    _fp_trap_shutdown                         - Undefined Weak Reference
    _get_lc_collate                           - Undefined Weak Reference
    _get_lc_monetary                          - Undefined Weak Reference
    _get_lc_time                              - Undefined Weak Reference
    _getenv_init                              - Undefined Weak Reference
    _handle_redirection                       - Undefined Weak Reference
    _init_alloc                               - Undefined Weak Reference
    _init_user_alloc                          - Undefined Weak Reference
    _initio                                   - Undefined Weak Reference
    _printf_fp_hex                            - Undefined Weak Reference
    _printf_mbtowc                            - Undefined Weak Reference
    _printf_wc                                - Undefined Weak Reference
    _rand_init                                - Undefined Weak Reference
    _signal_finish                            - Undefined Weak Reference
    _signal_init                              - Undefined Weak Reference
    _terminate_alloc                          - Undefined Weak Reference
    _terminate_user_alloc                     - Undefined Weak Reference
    _terminateio                              - Undefined Weak Reference
    __Vectors_Size                           0x00000130   Number         0  startup_stm32f10x_hd.o ABSOLUTE
    __Vectors                                0x08000000   Data           4  startup_stm32f10x_hd.o(RESET)
    __Vectors_End                            0x08000130   Data           0  startup_stm32f10x_hd.o(RESET)
    __main                                   0x08000131   Thumb Code     8  __main.o(!!!main)
    __scatterload                            0x08000139   Thumb Code     0  __scatter.o(!!!scatter)
    __scatterload_rt2                        0x08000139   Thumb Code    44  __scatter.o(!!!scatter)
    __scatterload_rt2_thumb_only             0x08000139   Thumb Code     0  __scatter.o(!!!scatter)
    __scatterload_null                       0x08000147   Thumb Code     0  __scatter.o(!!!scatter)
    __scatterload_copy                       0x0800016d   Thumb Code    26  __scatter_copy.o(!!handler_copy)
    __scatterload_zeroinit                   0x08000189   Thumb Code    28  __scatter_zi.o(!!handler_zi)
    _printf_n                                0x080001a5   Thumb Code     0  _printf_n.o(.ARM.Collect$$_printf_percent$$00000001)
    _printf_percent                          0x080001a5   Thumb Code     0  _printf_percent.o(.ARM.Collect$$_printf_percent$$00000000)
    _printf_p                                0x080001ab   Thumb Code     0  _printf_p.o(.ARM.Collect$$_printf_percent$$00000002)
    _printf_f                                0x080001b1   Thumb Code     0  _printf_f.o(.ARM.Collect$$_printf_percent$$00000003)
    _printf_e                                0x080001b7   Thumb Code     0  _printf_e.o(.ARM.Collect$$_printf_percent$$00000004)
    _printf_g                                0x080001bd   Thumb Code     0  _printf_g.o(.ARM.Collect$$_printf_percent$$00000005)
    _printf_a                                0x080001c3   Thumb Code     0  _printf_a.o(.ARM.Collect$$_printf_percent$$00000006)
    _printf_ll                               0x080001c9   Thumb Code     0  _printf_ll.o(.ARM.Collect$$_printf_percent$$00000007)
    _printf_i                                0x080001d3   Thumb Code     0  _printf_i.o(.ARM.Collect$$_printf_percent$$00000008)
    _printf_d                                0x080001d9   Thumb Code     0  _printf_d.o(.ARM.Collect$$_printf_percent$$00000009)
    _printf_u                                0x080001df   Thumb Code     0  _printf_u.o(.ARM.Collect$$_printf_percent$$0000000A)
    _printf_o                                0x080001e5   Thumb Code     0  _printf_o.o(.ARM.Collect$$_printf_percent$$0000000B)
    _printf_x                                0x080001eb   Thumb Code     0  _printf_x.o(.ARM.Collect$$_printf_percent$$0000000C)
    _printf_lli                              0x080001f1   Thumb Code     0  _printf_lli.o(.ARM.Collect$$_printf_percent$$0000000D)
    _printf_lld                              0x080001f7   Thumb Code     0  _printf_lld.o(.ARM.Collect$$_printf_percent$$0000000E)
    _printf_llu                              0x080001fd   Thumb Code     0  _printf_llu.o(.ARM.Collect$$_printf_percent$$0000000F)
    _printf_llo                              0x08000203   Thumb Code     0  _printf_llo.o(.ARM.Collect$$_printf_percent$$00000010)
    _printf_llx                              0x08000209   Thumb Code     0  _printf_llx.o(.ARM.Collect$$_printf_percent$$00000011)
    _printf_l                                0x0800020f   Thumb Code     0  _printf_l.o(.ARM.Collect$$_printf_percent$$00000012)
    _printf_c                                0x08000219   Thumb Code     0  _printf_c.o(.ARM.Collect$$_printf_percent$$00000013)
    _printf_s                                0x0800021f   Thumb Code     0  _printf_s.o(.ARM.Collect$$_printf_percent$$00000014)
    _printf_lc                               0x08000225   Thumb Code     0  _printf_lc.o(.ARM.Collect$$_printf_percent$$00000015)
    _printf_ls                               0x0800022b   Thumb Code     0  _printf_ls.o(.ARM.Collect$$_printf_percent$$00000016)
    _printf_percent_end                      0x08000231   Thumb Code     0  _printf_percent_end.o(.ARM.Collect$$_printf_percent$$00000017)
    __rt_lib_init                            0x08000235   Thumb Code     0  libinit.o(.ARM.Collect$$libinit$$00000000)
    __rt_lib_init_fp_1                       0x08000237   Thumb Code     0  libinit2.o(.ARM.Collect$$libinit$$00000002)
    __rt_lib_init_heap_1                     0x08000237   Thumb Code     0  libinit2.o(.ARM.Collect$$libinit$$00000008)
    __rt_lib_init_lc_common                  0x08000237   Thumb Code     0  libinit2.o(.ARM.Collect$$libinit$$0000000D)
    __rt_lib_init_rand_1                     0x08000237   Thumb Code     0  libinit2.o(.ARM.Collect$$libinit$$0000000C)
    __rt_lib_init_user_alloc_1               0x08000237   Thumb Code     0  libinit2.o(.ARM.Collect$$libinit$$0000000A)
    __rt_lib_init_lc_collate_1               0x0800023d   Thumb Code     0  libinit2.o(.ARM.Collect$$libinit$$0000000F)
    __rt_lib_init_lc_ctype_2                 0x0800023d   Thumb Code     0  libinit2.o(.ARM.Collect$$libinit$$00000010)
    __rt_lib_init_lc_ctype_1                 0x08000249   Thumb Code     0  libinit2.o(.ARM.Collect$$libinit$$00000011)
    __rt_lib_init_lc_monetary_1              0x08000249   Thumb Code     0  libinit2.o(.ARM.Collect$$libinit$$00000013)
    __rt_lib_init_lc_numeric_2               0x08000249   Thumb Code     0  libinit2.o(.ARM.Collect$$libinit$$00000014)
    __rt_lib_init_alloca_1                   0x08000253   Thumb Code     0  libinit2.o(.ARM.Collect$$libinit$$0000002C)
    __rt_lib_init_argv_1                     0x08000253   Thumb Code     0  libinit2.o(.ARM.Collect$$libinit$$0000002A)
    __rt_lib_init_atexit_1                   0x08000253   Thumb Code     0  libinit2.o(.ARM.Collect$$libinit$$00000019)
    __rt_lib_init_clock_1                    0x08000253   Thumb Code     0  libinit2.o(.ARM.Collect$$libinit$$0000001F)
    __rt_lib_init_cpp_1                      0x08000253   Thumb Code     0  libinit2.o(.ARM.Collect$$libinit$$00000030)
    __rt_lib_init_exceptions_1               0x08000253   Thumb Code     0  libinit2.o(.ARM.Collect$$libinit$$0000002E)
    __rt_lib_init_fp_trap_1                  0x08000253   Thumb Code     0  libinit2.o(.ARM.Collect$$libinit$$0000001D)
    __rt_lib_init_getenv_1                   0x08000253   Thumb Code     0  libinit2.o(.ARM.Collect$$libinit$$00000021)
    __rt_lib_init_lc_numeric_1               0x08000253   Thumb Code     0  libinit2.o(.ARM.Collect$$libinit$$00000015)
    __rt_lib_init_lc_time_1                  0x08000253   Thumb Code     0  libinit2.o(.ARM.Collect$$libinit$$00000017)
    __rt_lib_init_return                     0x08000253   Thumb Code     0  libinit2.o(.ARM.Collect$$libinit$$00000031)
    __rt_lib_init_signal_1                   0x08000253   Thumb Code     0  libinit2.o(.ARM.Collect$$libinit$$0000001B)
    __rt_lib_init_stdio_1                    0x08000253   Thumb Code     0  libinit2.o(.ARM.Collect$$libinit$$00000023)
    __rt_lib_shutdown                        0x08000255   Thumb Code     0  libshutdown.o(.ARM.Collect$$libshutdown$$00000000)
    __rt_lib_shutdown_fp_trap_1              0x08000257   Thumb Code     0  libshutdown2.o(.ARM.Collect$$libshutdown$$00000006)
    __rt_lib_shutdown_heap_1                 0x08000257   Thumb Code     0  libshutdown2.o(.ARM.Collect$$libshutdown$$0000000E)
    __rt_lib_shutdown_return                 0x08000257   Thumb Code     0  libshutdown2.o(.ARM.Collect$$libshutdown$$0000000F)
    __rt_lib_shutdown_signal_1               0x08000257   Thumb Code     0  libshutdown2.o(.ARM.Collect$$libshutdown$$00000009)
    __rt_lib_shutdown_stdio_1                0x08000257   Thumb Code     0  libshutdown2.o(.ARM.Collect$$libshutdown$$00000003)
    __rt_lib_shutdown_user_alloc_1           0x08000257   Thumb Code     0  libshutdown2.o(.ARM.Collect$$libshutdown$$0000000B)
    __rt_entry                               0x08000259   Thumb Code     0  rtentry.o(.ARM.Collect$$rtentry$$00000000)
    __rt_entry_presh_1                       0x08000259   Thumb Code     0  rtentry2.o(.ARM.Collect$$rtentry$$00000002)
    __rt_entry_sh                            0x08000259   Thumb Code     0  rtentry4.o(.ARM.Collect$$rtentry$$00000004)
    __rt_entry_li                            0x0800025f   Thumb Code     0  rtentry2.o(.ARM.Collect$$rtentry$$0000000A)
    __rt_entry_postsh_1                      0x0800025f   Thumb Code     0  rtentry2.o(.ARM.Collect$$rtentry$$00000009)
    __rt_entry_main                          0x08000263   Thumb Code     0  rtentry2.o(.ARM.Collect$$rtentry$$0000000D)
    __rt_entry_postli_1                      0x08000263   Thumb Code     0  rtentry2.o(.ARM.Collect$$rtentry$$0000000C)
    __rt_exit                                0x0800026b   Thumb Code     0  rtexit.o(.ARM.Collect$$rtexit$$00000000)
    __rt_exit_ls                             0x0800026d   Thumb Code     0  rtexit2.o(.ARM.Collect$$rtexit$$00000003)
    __rt_exit_prels_1                        0x0800026d   Thumb Code     0  rtexit2.o(.ARM.Collect$$rtexit$$00000002)
    __rt_exit_exit                           0x08000271   Thumb Code     0  rtexit2.o(.ARM.Collect$$rtexit$$00000004)
    WFI_SET                                  0x08000279   Thumb Code     2  sys.o(.emb_text)
    INTX_DISABLE                             0x0800027b   Thumb Code     2  sys.o(.emb_text)
    INTX_ENABLE                              0x0800027d   Thumb Code     2  sys.o(.emb_text)
    MSR_MSP                                  0x0800027f   Thumb Code     6  sys.o(.emb_text)
    Reset_Handler                            0x08000285   Thumb Code     4  startup_stm32f10x_hd.o(.text)
    NMI_Handler                              0x08000289   Thumb Code     2  startup_stm32f10x_hd.o(.text)
    HardFault_Handler                        0x0800028b   Thumb Code     2  startup_stm32f10x_hd.o(.text)
    MemManage_Handler                        0x0800028d   Thumb Code     2  startup_stm32f10x_hd.o(.text)
    BusFault_Handler                         0x0800028f   Thumb Code     2  startup_stm32f10x_hd.o(.text)
    UsageFault_Handler                       0x08000291   Thumb Code     2  startup_stm32f10x_hd.o(.text)
    SVC_Handler                              0x08000293   Thumb Code     2  startup_stm32f10x_hd.o(.text)
    DebugMon_Handler                         0x08000295   Thumb Code     2  startup_stm32f10x_hd.o(.text)
    PendSV_Handler                           0x08000297   Thumb Code     2  startup_stm32f10x_hd.o(.text)
    SysTick_Handler                          0x08000299   Thumb Code     2  startup_stm32f10x_hd.o(.text)
    ADC1_2_IRQHandler                        0x0800029b   Thumb Code     0  startup_stm32f10x_hd.o(.text)
    ADC3_IRQHandler                          0x0800029b   Thumb Code     0  startup_stm32f10x_hd.o(.text)
    CAN1_RX1_IRQHandler                      0x0800029b   Thumb Code     0  startup_stm32f10x_hd.o(.text)
    CAN1_SCE_IRQHandler                      0x0800029b   Thumb Code     0  startup_stm32f10x_hd.o(.text)
    DMA1_Channel1_IRQHandler                 0x0800029b   Thumb Code     0  startup_stm32f10x_hd.o(.text)
    DMA1_Channel2_IRQHandler                 0x0800029b   Thumb Code     0  startup_stm32f10x_hd.o(.text)
    DMA1_Channel3_IRQHandler                 0x0800029b   Thumb Code     0  startup_stm32f10x_hd.o(.text)
    DMA1_Channel4_IRQHandler                 0x0800029b   Thumb Code     0  startup_stm32f10x_hd.o(.text)
    DMA1_Channel5_IRQHandler                 0x0800029b   Thumb Code     0  startup_stm32f10x_hd.o(.text)
    DMA1_Channel6_IRQHandler                 0x0800029b   Thumb Code     0  startup_stm32f10x_hd.o(.text)
    DMA1_Channel7_IRQHandler                 0x0800029b   Thumb Code     0  startup_stm32f10x_hd.o(.text)
    DMA2_Channel1_IRQHandler                 0x0800029b   Thumb Code     0  startup_stm32f10x_hd.o(.text)
    DMA2_Channel2_IRQHandler                 0x0800029b   Thumb Code     0  startup_stm32f10x_hd.o(.text)
    DMA2_Channel3_IRQHandler                 0x0800029b   Thumb Code     0  startup_stm32f10x_hd.o(.text)
    DMA2_Channel4_5_IRQHandler               0x0800029b   Thumb Code     0  startup_stm32f10x_hd.o(.text)
    EXTI0_IRQHandler                         0x0800029b   Thumb Code     0  startup_stm32f10x_hd.o(.text)
    EXTI1_IRQHandler                         0x0800029b   Thumb Code     0  startup_stm32f10x_hd.o(.text)
    EXTI2_IRQHandler                         0x0800029b   Thumb Code     0  startup_stm32f10x_hd.o(.text)
    EXTI3_IRQHandler                         0x0800029b   Thumb Code     0  startup_stm32f10x_hd.o(.text)
    EXTI4_IRQHandler                         0x0800029b   Thumb Code     0  startup_stm32f10x_hd.o(.text)
    EXTI9_5_IRQHandler                       0x0800029b   Thumb Code     0  startup_stm32f10x_hd.o(.text)
    FLASH_IRQHandler                         0x0800029b   Thumb Code     0  startup_stm32f10x_hd.o(.text)
    FSMC_IRQHandler                          0x0800029b   Thumb Code     0  startup_stm32f10x_hd.o(.text)
    I2C1_ER_IRQHandler                       0x0800029b   Thumb Code     0  startup_stm32f10x_hd.o(.text)
    I2C1_EV_IRQHandler                       0x0800029b   Thumb Code     0  startup_stm32f10x_hd.o(.text)
    I2C2_ER_IRQHandler                       0x0800029b   Thumb Code     0  startup_stm32f10x_hd.o(.text)
    I2C2_EV_IRQHandler                       0x0800029b   Thumb Code     0  startup_stm32f10x_hd.o(.text)
    PVD_IRQHandler                           0x0800029b   Thumb Code     0  startup_stm32f10x_hd.o(.text)
    RCC_IRQHandler                           0x0800029b   Thumb Code     0  startup_stm32f10x_hd.o(.text)
    RTCAlarm_IRQHandler                      0x0800029b   Thumb Code     0  startup_stm32f10x_hd.o(.text)
    RTC_IRQHandler                           0x0800029b   Thumb Code     0  startup_stm32f10x_hd.o(.text)
    SDIO_IRQHandler                          0x0800029b   Thumb Code     0  startup_stm32f10x_hd.o(.text)
    SPI1_IRQHandler                          0x0800029b   Thumb Code     0  startup_stm32f10x_hd.o(.text)
    SPI2_IRQHandler                          0x0800029b   Thumb Code     0  startup_stm32f10x_hd.o(.text)
    SPI3_IRQHandler                          0x0800029b   Thumb Code     0  startup_stm32f10x_hd.o(.text)
    TAMPER_IRQHandler                        0x0800029b   Thumb Code     0  startup_stm32f10x_hd.o(.text)
    TIM1_BRK_IRQHandler                      0x0800029b   Thumb Code     0  startup_stm32f10x_hd.o(.text)
    TIM1_CC_IRQHandler                       0x0800029b   Thumb Code     0  startup_stm32f10x_hd.o(.text)
    TIM1_TRG_COM_IRQHandler                  0x0800029b   Thumb Code     0  startup_stm32f10x_hd.o(.text)
    TIM1_UP_IRQHandler                       0x0800029b   Thumb Code     0  startup_stm32f10x_hd.o(.text)
    TIM2_IRQHandler                          0x0800029b   Thumb Code     0  startup_stm32f10x_hd.o(.text)
    TIM3_IRQHandler                          0x0800029b   Thumb Code     0  startup_stm32f10x_hd.o(.text)
    TIM5_IRQHandler                          0x0800029b   Thumb Code     0  startup_stm32f10x_hd.o(.text)
    TIM6_IRQHandler                          0x0800029b   Thumb Code     0  startup_stm32f10x_hd.o(.text)
    TIM7_IRQHandler                          0x0800029b   Thumb Code     0  startup_stm32f10x_hd.o(.text)
    TIM8_BRK_IRQHandler                      0x0800029b   Thumb Code     0  startup_stm32f10x_hd.o(.text)
    TIM8_CC_IRQHandler                       0x0800029b   Thumb Code     0  startup_stm32f10x_hd.o(.text)
    TIM8_TRG_COM_IRQHandler                  0x0800029b   Thumb Code     0  startup_stm32f10x_hd.o(.text)
    TIM8_UP_IRQHandler                       0x0800029b   Thumb Code     0  startup_stm32f10x_hd.o(.text)
    UART4_IRQHandler                         0x0800029b   Thumb Code     0  startup_stm32f10x_hd.o(.text)
    UART5_IRQHandler                         0x0800029b   Thumb Code     0  startup_stm32f10x_hd.o(.text)
    USBWakeUp_IRQHandler                     0x0800029b   Thumb Code     0  startup_stm32f10x_hd.o(.text)
    USB_HP_CAN1_TX_IRQHandler                0x0800029b   Thumb Code     0  startup_stm32f10x_hd.o(.text)
    USB_LP_CAN1_RX0_IRQHandler               0x0800029b   Thumb Code     0  startup_stm32f10x_hd.o(.text)
    WWDG_IRQHandler                          0x0800029b   Thumb Code     0  startup_stm32f10x_hd.o(.text)
    __user_initial_stackheap                 0x0800029d   Thumb Code     0  startup_stm32f10x_hd.o(.text)
    delay_init                               0x080002bd   Thumb Code    56  delay.o(.text)
    delay_us                                 0x080002f5   Thumb Code    56  delay.o(.text)
    delay_ms                                 0x0800032d   Thumb Code    56  delay.o(.text)
    MY_NVIC_SetVectorTable                   0x0800036d   Thumb Code    12  sys.o(.text)
    MY_NVIC_PriorityGroupConfig              0x08000379   Thumb Code    36  sys.o(.text)
    MY_NVIC_Init                             0x0800039d   Thumb Code   116  sys.o(.text)
    Ex_NVIC_Config                           0x08000411   Thumb Code   146  sys.o(.text)
    MYRCC_DeInit                             0x080004a3   Thumb Code    90  sys.o(.text)
    Sys_Standby                              0x080004fd   Thumb Code    68  sys.o(.text)
    Sys_Soft_Reset                           0x08000541   Thumb Code    12  sys.o(.text)
    JTAG_Set                                 0x0800054d   Thumb Code    42  sys.o(.text)
    Stm32_Clock_Init                         0x08000577   Thumb Code   134  sys.o(.text)
    _sys_exit                                0x08000629   Thumb Code     6  usart.o(.text)
    fputc                                    0x0800062f   Thumb Code    24  usart.o(.text)
    USART1_IRQHandler                        0x08000647   Thumb Code   118  usart.o(.text)
    uart_init                                0x080006bd   Thumb Code   214  usart.o(.text)
    initialize                               0x080007ad   Thumb Code   224  main.o(.text)
    main                                     0x0800088d   Thumb Code   252  main.o(.text)
    SendArray                                0x08000989   Thumb Code    68  main.o(.text)
    Key_Init                                 0x08000a21   Thumb Code    76  key.o(.text)
    EXTI15_10_IRQHandler                     0x08000a6d   Thumb Code    50  key.o(.text)
    LED_Init                                 0x08000ab5   Thumb Code    52  led.o(.text)
    TIM4_Set                                 0x08000af1   Thumb Code    44  usart2.o(.text)
    USART2_IRQHandler                        0x08000b1d   Thumb Code    78  usart2.o(.text)
    TIM4_Init                                0x08000b6b   Thumb Code    74  usart2.o(.text)
    UART_DMA_Config                          0x08000bb5   Thumb Code    80  usart2.o(.text)
    USART2_Init                              0x08000c05   Thumb Code   182  usart2.o(.text)
    UART_DMA_Enable                          0x08000cbb   Thumb Code    20  usart2.o(.text)
    u2_printf                                0x08000ccf   Thumb Code    56  usart2.o(.text)
    TIM4_IRQHandler                          0x08000d07   Thumb Code    50  usart2.o(.text)
    GSMReady                                 0x08000d5d   Thumb Code    52  gsm.o(.text)
    ChangeNumber                             0x08000d91   Thumb Code    42  gsm.o(.text)
    SendGSMCommand                           0x08000dbb   Thumb Code    38  gsm.o(.text)
    MakeLocationMessage                      0x08000de1   Thumb Code   304  gsm.o(.text)
    SendLocationMessage                      0x08000f11   Thumb Code   150  gsm.o(.text)
    SendFallDownMessage                      0x08000fa7   Thumb Code   144  gsm.o(.text)
    SendAlarmMessage                         0x08001037   Thumb Code   144  gsm.o(.text)
    GSMSleep                                 0x080010c7   Thumb Code    48  gsm.o(.text)
    GSMWakeup                                0x080010f7   Thumb Code    64  gsm.o(.text)
    getgps                                   0x08001259   Thumb Code   464  gps.o(.text)
    ChangeCoord                              0x08001429   Thumb Code   154  gps.o(.text)
    GetData                                  0x080014f1   Thumb Code   110  mpu6050.o(.text)
    initmpu6050                              0x0800155f   Thumb Code    34  mpu6050.o(.text)
    ReadAll                                  0x08001581   Thumb Code   400  mpu6050.o(.text)
    IICdelay                                 0x08001719   Thumb Code    16  stmiic.o(.text)
    IICinit                                  0x08001729   Thumb Code   114  stmiic.o(.text)
    IICstart                                 0x0800179b   Thumb Code    62  stmiic.o(.text)
    IICstop                                  0x080017d9   Thumb Code    62  stmiic.o(.text)
    SlaRes                                   0x08001817   Thumb Code    76  stmiic.o(.text)
    MasRes                                   0x08001863   Thumb Code    60  stmiic.o(.text)
    NoRes                                    0x0800189f   Thumb Code    60  stmiic.o(.text)
    IICwrite                                 0x080018db   Thumb Code    98  stmiic.o(.text)
    IICread                                  0x0800193d   Thumb Code    86  stmiic.o(.text)
    IICWriteOneByte                          0x08001993   Thumb Code    48  stmiic.o(.text)
    IICReadOneByte                           0x080019c3   Thumb Code    64  stmiic.o(.text)
    USART3_Init                              0x08001a15   Thumb Code   212  usart3.o(.text)
    USART3_IRQHandler                        0x08001ae9   Thumb Code   192  usart3.o(.text)
    MaybeFallDown                            0x08001bc9   Thumb Code   478  falldown.o(.text)
    FallDown                                 0x08001da7   Thumb Code    80  falldown.o(.text)
    Buzzer_Init                              0x08001e25   Thumb Code    52  buzzer.o(.text)
    BuzzerWork                               0x08001e59   Thumb Code    52  buzzer.o(.text)
    IO_Init                                  0x08001e9d   Thumb Code   128  io.o(.text)
    __use_no_semihosting                     0x08001f25   Thumb Code     2  use_no_semi_2.o(.text)
    __c89vsprintf                            0x08001f29   Thumb Code    32  c89vsprintf.o(.text)
    strlen                                   0x08001f4d   Thumb Code    62  strlen.o(.text)
    __aeabi_memclr4                          0x08001f8b   Thumb Code     0  rt_memclr_w.o(.text)
    __aeabi_memclr8                          0x08001f8b   Thumb Code     0  rt_memclr_w.o(.text)
    __rt_memclr_w                            0x08001f8b   Thumb Code    78  rt_memclr_w.o(.text)
    _memset_w                                0x08001f8f   Thumb Code     0  rt_memclr_w.o(.text)
    __use_two_region_memory                  0x08001fd9   Thumb Code     2  heapauxi.o(.text)
    __rt_heap_escrow$2region                 0x08001fdb   Thumb Code     2  heapauxi.o(.text)
    __rt_heap_expand$2region                 0x08001fdd   Thumb Code     2  heapauxi.o(.text)
    __I$use$semihosting                      0x08001fdf   Thumb Code     0  use_no_semi.o(.text)
    __use_no_semihosting_swi                 0x08001fdf   Thumb Code     2  use_no_semi.o(.text)
    __read_errno                             0x08001fe1   Thumb Code    10  _rserrno.o(.text)
    __set_errno                              0x08001feb   Thumb Code    12  _rserrno.o(.text)
    _printf_pre_padding                      0x08001ff7   Thumb Code    44  _printf_pad.o(.text)
    _printf_post_padding                     0x08002023   Thumb Code    34  _printf_pad.o(.text)
    _printf_truncate_signed                  0x08002045   Thumb Code    18  _printf_truncate.o(.text)
    _printf_truncate_unsigned                0x08002057   Thumb Code    18  _printf_truncate.o(.text)
    _printf_str                              0x08002069   Thumb Code    82  _printf_str.o(.text)
    _printf_int_dec                          0x080020bd   Thumb Code   100  _printf_dec.o(.text)
    _printf_charcount                        0x08002131   Thumb Code    40  _printf_charcount.o(.text)
    _printf_char_common                      0x08002163   Thumb Code    32  _printf_char_common.o(.text)
    _sputc                                   0x08002189   Thumb Code    10  _sputc.o(.text)
    _printf_wctomb                           0x08002195   Thumb Code   182  _printf_wctomb.o(.text)
    _printf_longlong_dec                     0x08002251   Thumb Code   104  _printf_longlong_dec.o(.text)
    _printf_longlong_oct                     0x080022c9   Thumb Code    68  _printf_oct_int_ll.o(.text)
    _printf_int_oct                          0x0800230d   Thumb Code    24  _printf_oct_int_ll.o(.text)
    _printf_ll_oct                           0x08002325   Thumb Code    12  _printf_oct_int_ll.o(.text)
    _printf_longlong_hex                     0x08002339   Thumb Code    86  _printf_hex_int_ll_ptr.o(.text)
    _printf_int_hex                          0x0800238f   Thumb Code    28  _printf_hex_int_ll_ptr.o(.text)
    _printf_ll_hex                           0x080023ab   Thumb Code    12  _printf_hex_int_ll_ptr.o(.text)
    _printf_hex_ptr                          0x080023b7   Thumb Code    18  _printf_hex_int_ll_ptr.o(.text)
    __printf                                 0x080023cd   Thumb Code   388  __printf_flags_ss_wp.o(.text)
    __aeabi_errno_addr                       0x08002555   Thumb Code     8  rt_errno_addr_intlibspace.o(.text)
    __errno$intlibspace                      0x08002555   Thumb Code     0  rt_errno_addr_intlibspace.o(.text)
    __rt_errno_addr$intlibspace              0x08002555   Thumb Code     0  rt_errno_addr_intlibspace.o(.text)
    _ll_udiv10                               0x0800255d   Thumb Code   138  lludiv10.o(.text)
    _printf_int_common                       0x080025e7   Thumb Code   178  _printf_intcommon.o(.text)
    __lib_sel_fp_printf                      0x08002699   Thumb Code     2  _printf_fp_dec.o(.text)
    _printf_fp_dec_real                      0x08002847   Thumb Code   616  _printf_fp_dec.o(.text)
    _printf_cs_common                        0x08002aaf   Thumb Code    20  _printf_char.o(.text)
    _printf_char                             0x08002ac3   Thumb Code    16  _printf_char.o(.text)
    _printf_string                           0x08002ad3   Thumb Code     8  _printf_char.o(.text)
    _printf_lcs_common                       0x08002adb   Thumb Code    20  _printf_wchar.o(.text)
    _printf_wchar                            0x08002aef   Thumb Code    16  _printf_wchar.o(.text)
    _printf_wstring                          0x08002aff   Thumb Code     8  _printf_wchar.o(.text)
    _wcrtomb                                 0x08002b07   Thumb Code    64  _wcrtomb.o(.text)
    __user_libspace                          0x08002b49   Thumb Code     8  libspace.o(.text)
    __user_perproc_libspace                  0x08002b49   Thumb Code     0  libspace.o(.text)
    __user_perthread_libspace                0x08002b49   Thumb Code     0  libspace.o(.text)
    __user_setup_stackheap                   0x08002b51   Thumb Code    74  sys_stackheap_outer.o(.text)
    __rt_ctype_table                         0x08002b9d   Thumb Code    16  rt_ctype_table.o(.text)
    __rt_locale                              0x08002bad   Thumb Code     8  rt_locale_intlibspace.o(.text)
    _printf_fp_infnan                        0x08002bb5   Thumb Code   112  _printf_fp_infnan.o(.text)
    _btod_etento                             0x08002c35   Thumb Code   212  bigflt0.o(.text)
    exit                                     0x08002d0d   Thumb Code    12  exit.o(.text)
    strcmp                                   0x08002d19   Thumb Code   128  strcmpv7m.o(.text)
    _btod_d2e                                0x08002d99   Thumb Code    62  btod.o(CL$$btod_d2e)
    _d2e_denorm_low                          0x08002dd7   Thumb Code    70  btod.o(CL$$btod_d2e_denorm_low)
    _d2e_norm_op1                            0x08002e1d   Thumb Code    96  btod.o(CL$$btod_d2e_norm_op1)
    __btod_div_common                        0x08002e7d   Thumb Code   696  btod.o(CL$$btod_div_common)
    _e2e                                     0x080031b5   Thumb Code   198  btod.o(CL$$btod_e2e)
    _btod_ediv                               0x0800327b   Thumb Code    40  btod.o(CL$$btod_ediv)
    _btod_emul                               0x080032a3   Thumb Code    40  btod.o(CL$$btod_emul)
    __btod_mult_common                       0x080032cb   Thumb Code   580  btod.o(CL$$btod_mult_common)
    __ARM_fpclassify                         0x0800350f   Thumb Code    40  fpclassify.o(i.__ARM_fpclassify)
    __kernel_poly                            0x08003537   Thumb Code   170  poly.o(i.__kernel_poly)
    __mathlib_dbl_underflow                  0x080035e1   Thumb Code    10  dunder.o(i.__mathlib_dbl_underflow)
    _is_digit                                0x080035f1   Thumb Code    14  __printf_wp.o(i._is_digit)
    pow                                      0x08003601   Thumb Code  2510  pow.o(i.pow)
    sqrt                                     0x08003fe1   Thumb Code    76  sqrt.o(i.sqrt)
    _get_lc_numeric                          0x0800402d   Thumb Code    44  lc_numeric_c.o(locale$$code)
    _get_lc_ctype                            0x08004059   Thumb Code    44  lc_ctype_c.o(locale$$code)
    __aeabi_dadd                             0x08004085   Thumb Code     0  daddsub_clz.o(x$fpl$dadd)
    _dadd                                    0x08004085   Thumb Code   332  daddsub_clz.o(x$fpl$dadd)
    __fpl_dcheck_NaN1                        0x080041d5   Thumb Code    10  dcheck1.o(x$fpl$dcheck1)
    __fpl_dcmp_Inf                           0x080041e5   Thumb Code    24  dcmpi.o(x$fpl$dcmpinf)
    __aeabi_ddiv                             0x080041fd   Thumb Code     0  ddiv.o(x$fpl$ddiv)
    _ddiv                                    0x080041fd   Thumb Code   552  ddiv.o(x$fpl$ddiv)
    __aeabi_d2iz                             0x080044ad   Thumb Code     0  dfix.o(x$fpl$dfix)
    _dfix                                    0x080044ad   Thumb Code    94  dfix.o(x$fpl$dfix)
    __aeabi_d2uiz                            0x0800450d   Thumb Code     0  dfixu.o(x$fpl$dfixu)
    _dfixu                                   0x0800450d   Thumb Code    90  dfixu.o(x$fpl$dfixu)
    __aeabi_i2d                              0x08004567   Thumb Code     0  dflt_clz.o(x$fpl$dflt)
    _dflt                                    0x08004567   Thumb Code    46  dflt_clz.o(x$fpl$dflt)
    __aeabi_ui2d                             0x08004595   Thumb Code     0  dflt_clz.o(x$fpl$dfltu)
    _dfltu                                   0x08004595   Thumb Code    38  dflt_clz.o(x$fpl$dfltu)
    __aeabi_cdcmple                          0x080045bd   Thumb Code     0  dleqf.o(x$fpl$dleqf)
    _dcmple                                  0x080045bd   Thumb Code   120  dleqf.o(x$fpl$dleqf)
    __fpl_dcmple_InfNaN                      0x0800461f   Thumb Code     0  dleqf.o(x$fpl$dleqf)
    __aeabi_dmul                             0x08004635   Thumb Code     0  dmul.o(x$fpl$dmul)
    _dmul                                    0x08004635   Thumb Code   332  dmul.o(x$fpl$dmul)
    __fpl_dnaninf                            0x08004789   Thumb Code   156  dnaninf.o(x$fpl$dnaninf)
    __fpl_dretinf                            0x08004825   Thumb Code    12  dretinf.o(x$fpl$dretinf)
    __aeabi_cdrcmple                         0x08004831   Thumb Code     0  drleqf.o(x$fpl$drleqf)
    _drcmple                                 0x08004831   Thumb Code   108  drleqf.o(x$fpl$drleqf)
    __aeabi_drsub                            0x0800489d   Thumb Code     0  daddsub_clz.o(x$fpl$drsb)
    _drsb                                    0x0800489d   Thumb Code    22  daddsub_clz.o(x$fpl$drsb)
    _dsqrt                                   0x080048b5   Thumb Code   456  dsqrt_noumaal.o(x$fpl$dsqrt)
    __aeabi_dsub                             0x08004a81   Thumb Code     0  daddsub_clz.o(x$fpl$dsub)
    _dsub                                    0x08004a81   Thumb Code   464  daddsub_clz.o(x$fpl$dsub)
    __aeabi_fadd                             0x08004c55   Thumb Code     0  faddsub_clz.o(x$fpl$fadd)
    _fadd                                    0x08004c55   Thumb Code   196  faddsub_clz.o(x$fpl$fadd)
    __aeabi_fdiv                             0x08004d19   Thumb Code     0  fdiv.o(x$fpl$fdiv)
    _fdiv                                    0x08004d19   Thumb Code   384  fdiv.o(x$fpl$fdiv)
    __aeabi_f2uiz                            0x08004e9d   Thumb Code     0  ffixu.o(x$fpl$ffixu)
    _ffixu                                   0x08004e9d   Thumb Code    62  ffixu.o(x$fpl$ffixu)
    __aeabi_ui2f                             0x08004edd   Thumb Code     0  fflt_clz.o(x$fpl$ffltu)
    _ffltu                                   0x08004edd   Thumb Code    38  fflt_clz.o(x$fpl$ffltu)
    __aeabi_fmul                             0x08004f05   Thumb Code     0  fmul.o(x$fpl$fmul)
    _fmul                                    0x08004f05   Thumb Code   258  fmul.o(x$fpl$fmul)
    __fpl_fnaninf                            0x08005007   Thumb Code   140  fnaninf.o(x$fpl$fnaninf)
    __fpl_fretinf                            0x08005093   Thumb Code    10  fretinf.o(x$fpl$fretinf)
    __aeabi_frsub                            0x0800509d   Thumb Code     0  faddsub_clz.o(x$fpl$frsb)
    _frsb                                    0x0800509d   Thumb Code    20  faddsub_clz.o(x$fpl$frsb)
    __aeabi_fsub                             0x080050b1   Thumb Code     0  faddsub_clz.o(x$fpl$fsub)
    _fsub                                    0x080050b1   Thumb Code   234  faddsub_clz.o(x$fpl$fsub)
    _printf_fp_dec                           0x0800519b   Thumb Code     4  printf1.o(x$fpl$printf1)
    __fpl_return_NaN                         0x0800519f   Thumb Code   100  retnan.o(x$fpl$retnan)
    __ARM_scalbn                             0x08005203   Thumb Code    92  scalbn.o(x$fpl$scalbn)
    __fpl_cmpreturn                          0x0800525f   Thumb Code    48  trapv.o(x$fpl$trapveneer)
    SmsReady                                 0x0800528e   Data           9  gsm.o(.constdata)
    __I$use$fp                               0x0800528e   Number         0  usenofp.o(x$fpl$usenofp)
    __mathlib_zero                           0x08005368   Data           8  qnan.o(.constdata)
    Region$$Table$$Base                      0x08005404   Number         0  anon$$obj.o(Region$$Table)
    Region$$Table$$Limit                     0x08005424   Number         0  anon$$obj.o(Region$$Table)
    __ctype                                  0x0800544d   Data           0  lc_ctype_c.o(locale$$data)
    __stdout                                 0x20000004   Data           4  usart.o(.data)
    USART_RX_STA                             0x20000008   Data           2  usart.o(.data)
    KeyStatus                                0x2000000a   Data           1  key.o(.data)
    USART2_RX_STA                            0x2000000c   Data           2  usart2.o(.data)
    LongtitudeDirection                      0x20000010   Data           1  gps.o(.data)
    LatitudeDirection                        0x20000011   Data           1  gps.o(.data)
    longtitude                               0x20000018   Data           8  gps.o(.data)
    latitude                                 0x20000020   Data           8  gps.o(.data)
    mpudata                                  0x20000028   Data          16  mpu6050.o(.data)
    Com3RecArr                               0x20000038   Data           4  usart3.o(.data)
    Com3RecComplete                          0x2000003c   Data           1  usart3.o(.data)
    ArrPoint                                 0x20000040   Data           1  falldown.o(.data)
    FallDownMark                             0x20000041   Data           1  falldown.o(.data)
    a_old                                    0x20000042   Data           2  falldown.o(.data)
    a_new                                    0x20000044   Data           2  falldown.o(.data)
    g_old                                    0x20000046   Data           2  falldown.o(.data)
    g_new                                    0x20000048   Data           2  falldown.o(.data)
    FallCountOld                             0x2000004a   Data           2  falldown.o(.data)
    FallCountNow                             0x2000004c   Data           2  falldown.o(.data)
    USART_RX_BUF                             0x20000050   Data         200  usart.o(.bss)
    USART2_TX_BUF                            0x20000118   Data         200  usart2.o(.bss)
    USART2_RX_BUF                            0x200001e0   Data         200  usart2.o(.bss)
    ServiceCenterNumber                      0x200002a8   Data          15  gsm.o(.bss)
    AddresseeNumber                          0x200002b7   Data          15  gsm.o(.bss)
    LocationMessage                          0x200002c6   Data          34  gsm.o(.bss)
    agd                                      0x200002e8   Data          12  mpu6050.o(.bss)
    AccelArr                                 0x200002f4   Data          40  falldown.o(.bss)
    GyroArr                                  0x2000031c   Data          40  falldown.o(.bss)
    __libspace_start                         0x20000344   Data          96  libspace.o(.bss)
    __temporary_stack_top$libspace           0x200003a4   Data           0  libspace.o(.bss)



==============================================================================

Memory Map of the image

  Image Entry point : 0x08000131

  Load Region LR_IROM1 (Base: 0x08000000, Size: 0x000055a0, Max: 0x00040000, ABSOLUTE)

    Execution Region ER_IROM1 (Base: 0x08000000, Size: 0x00005550, Max: 0x00040000, ABSOLUTE)

    Base Addr    Size         Type   Attr      Idx    E Section Name        Object

    0x08000000   0x00000130   Data   RO            3    RESET               startup_stm32f10x_hd.o
    0x08000130   0x00000008   Code   RO          502  * !!!main             c_w.l(__main.o)
    0x08000138   0x00000034   Code   RO          911    !!!scatter          c_w.l(__scatter.o)
    0x0800016c   0x0000001a   Code   RO          913    !!handler_copy      c_w.l(__scatter_copy.o)
    0x08000186   0x00000002   PAD
    0x08000188   0x0000001c   Code   RO          915    !!handler_zi        c_w.l(__scatter_zi.o)
    0x080001a4   0x00000000   Code   RO          656    .ARM.Collect$$_printf_percent$$00000000  c_w.l(_printf_percent.o)
    0x080001a4   0x00000006   Code   RO          645    .ARM.Collect$$_printf_percent$$00000001  c_w.l(_printf_n.o)
    0x080001aa   0x00000006   Code   RO          647    .ARM.Collect$$_printf_percent$$00000002  c_w.l(_printf_p.o)
    0x080001b0   0x00000006   Code   RO          652    .ARM.Collect$$_printf_percent$$00000003  c_w.l(_printf_f.o)
    0x080001b6   0x00000006   Code   RO          653    .ARM.Collect$$_printf_percent$$00000004  c_w.l(_printf_e.o)
    0x080001bc   0x00000006   Code   RO          654    .ARM.Collect$$_printf_percent$$00000005  c_w.l(_printf_g.o)
    0x080001c2   0x00000006   Code   RO          655    .ARM.Collect$$_printf_percent$$00000006  c_w.l(_printf_a.o)
    0x080001c8   0x0000000a   Code   RO          660    .ARM.Collect$$_printf_percent$$00000007  c_w.l(_printf_ll.o)
    0x080001d2   0x00000006   Code   RO          649    .ARM.Collect$$_printf_percent$$00000008  c_w.l(_printf_i.o)
    0x080001d8   0x00000006   Code   RO          650    .ARM.Collect$$_printf_percent$$00000009  c_w.l(_printf_d.o)
    0x080001de   0x00000006   Code   RO          651    .ARM.Collect$$_printf_percent$$0000000A  c_w.l(_printf_u.o)
    0x080001e4   0x00000006   Code   RO          648    .ARM.Collect$$_printf_percent$$0000000B  c_w.l(_printf_o.o)
    0x080001ea   0x00000006   Code   RO          646    .ARM.Collect$$_printf_percent$$0000000C  c_w.l(_printf_x.o)
    0x080001f0   0x00000006   Code   RO          657    .ARM.Collect$$_printf_percent$$0000000D  c_w.l(_printf_lli.o)
    0x080001f6   0x00000006   Code   RO          658    .ARM.Collect$$_printf_percent$$0000000E  c_w.l(_printf_lld.o)
    0x080001fc   0x00000006   Code   RO          659    .ARM.Collect$$_printf_percent$$0000000F  c_w.l(_printf_llu.o)
    0x08000202   0x00000006   Code   RO          664    .ARM.Collect$$_printf_percent$$00000010  c_w.l(_printf_llo.o)
    0x08000208   0x00000006   Code   RO          665    .ARM.Collect$$_printf_percent$$00000011  c_w.l(_printf_llx.o)
    0x0800020e   0x0000000a   Code   RO          661    .ARM.Collect$$_printf_percent$$00000012  c_w.l(_printf_l.o)
    0x08000218   0x00000006   Code   RO          643    .ARM.Collect$$_printf_percent$$00000013  c_w.l(_printf_c.o)
    0x0800021e   0x00000006   Code   RO          644    .ARM.Collect$$_printf_percent$$00000014  c_w.l(_printf_s.o)
    0x08000224   0x00000006   Code   RO          662    .ARM.Collect$$_printf_percent$$00000015  c_w.l(_printf_lc.o)
    0x0800022a   0x00000006   Code   RO          663    .ARM.Collect$$_printf_percent$$00000016  c_w.l(_printf_ls.o)
    0x08000230   0x00000004   Code   RO          724    .ARM.Collect$$_printf_percent$$00000017  c_w.l(_printf_percent_end.o)
    0x08000234   0x00000002   Code   RO          780    .ARM.Collect$$libinit$$00000000  c_w.l(libinit.o)
    0x08000236   0x00000000   Code   RO          793    .ARM.Collect$$libinit$$00000002  c_w.l(libinit2.o)
    0x08000236   0x00000000   Code   RO          796    .ARM.Collect$$libinit$$00000008  c_w.l(libinit2.o)
    0x08000236   0x00000000   Code   RO          798    .ARM.Collect$$libinit$$0000000A  c_w.l(libinit2.o)
    0x08000236   0x00000000   Code   RO          800    .ARM.Collect$$libinit$$0000000C  c_w.l(libinit2.o)
    0x08000236   0x00000006   Code   RO          801    .ARM.Collect$$libinit$$0000000D  c_w.l(libinit2.o)
    0x0800023c   0x00000000   Code   RO          803    .ARM.Collect$$libinit$$0000000F  c_w.l(libinit2.o)
    0x0800023c   0x0000000c   Code   RO          804    .ARM.Collect$$libinit$$00000010  c_w.l(libinit2.o)
    0x08000248   0x00000000   Code   RO          805    .ARM.Collect$$libinit$$00000011  c_w.l(libinit2.o)
    0x08000248   0x00000000   Code   RO          807    .ARM.Collect$$libinit$$00000013  c_w.l(libinit2.o)
    0x08000248   0x0000000a   Code   RO          808    .ARM.Collect$$libinit$$00000014  c_w.l(libinit2.o)
    0x08000252   0x00000000   Code   RO          809    .ARM.Collect$$libinit$$00000015  c_w.l(libinit2.o)
    0x08000252   0x00000000   Code   RO          811    .ARM.Collect$$libinit$$00000017  c_w.l(libinit2.o)
    0x08000252   0x00000000   Code   RO          813    .ARM.Collect$$libinit$$00000019  c_w.l(libinit2.o)
    0x08000252   0x00000000   Code   RO          815    .ARM.Collect$$libinit$$0000001B  c_w.l(libinit2.o)
    0x08000252   0x00000000   Code   RO          817    .ARM.Collect$$libinit$$0000001D  c_w.l(libinit2.o)
    0x08000252   0x00000000   Code   RO          819    .ARM.Collect$$libinit$$0000001F  c_w.l(libinit2.o)
    0x08000252   0x00000000   Code   RO          821    .ARM.Collect$$libinit$$00000021  c_w.l(libinit2.o)
    0x08000252   0x00000000   Code   RO          823    .ARM.Collect$$libinit$$00000023  c_w.l(libinit2.o)
    0x08000252   0x00000000   Code   RO          827    .ARM.Collect$$libinit$$0000002A  c_w.l(libinit2.o)
    0x08000252   0x00000000   Code   RO          829    .ARM.Collect$$libinit$$0000002C  c_w.l(libinit2.o)
    0x08000252   0x00000000   Code   RO          831    .ARM.Collect$$libinit$$0000002E  c_w.l(libinit2.o)
    0x08000252   0x00000000   Code   RO          833    .ARM.Collect$$libinit$$00000030  c_w.l(libinit2.o)
    0x08000252   0x00000002   Code   RO          834    .ARM.Collect$$libinit$$00000031  c_w.l(libinit2.o)
    0x08000254   0x00000002   Code   RO          854    .ARM.Collect$$libshutdown$$00000000  c_w.l(libshutdown.o)
    0x08000256   0x00000000   Code   RO          865    .ARM.Collect$$libshutdown$$00000003  c_w.l(libshutdown2.o)
    0x08000256   0x00000000   Code   RO          868    .ARM.Collect$$libshutdown$$00000006  c_w.l(libshutdown2.o)
    0x08000256   0x00000000   Code   RO          871    .ARM.Collect$$libshutdown$$00000009  c_w.l(libshutdown2.o)
    0x08000256   0x00000000   Code   RO          873    .ARM.Collect$$libshutdown$$0000000B  c_w.l(libshutdown2.o)
    0x08000256   0x00000000   Code   RO          876    .ARM.Collect$$libshutdown$$0000000E  c_w.l(libshutdown2.o)
    0x08000256   0x00000002   Code   RO          877    .ARM.Collect$$libshutdown$$0000000F  c_w.l(libshutdown2.o)
    0x08000258   0x00000000   Code   RO          572    .ARM.Collect$$rtentry$$00000000  c_w.l(rtentry.o)
    0x08000258   0x00000000   Code   RO          693    .ARM.Collect$$rtentry$$00000002  c_w.l(rtentry2.o)
    0x08000258   0x00000006   Code   RO          705    .ARM.Collect$$rtentry$$00000004  c_w.l(rtentry4.o)
    0x0800025e   0x00000000   Code   RO          695    .ARM.Collect$$rtentry$$00000009  c_w.l(rtentry2.o)
    0x0800025e   0x00000004   Code   RO          696    .ARM.Collect$$rtentry$$0000000A  c_w.l(rtentry2.o)
    0x08000262   0x00000000   Code   RO          698    .ARM.Collect$$rtentry$$0000000C  c_w.l(rtentry2.o)
    0x08000262   0x00000008   Code   RO          699    .ARM.Collect$$rtentry$$0000000D  c_w.l(rtentry2.o)
    0x0800026a   0x00000002   Code   RO          785    .ARM.Collect$$rtexit$$00000000  c_w.l(rtexit.o)
    0x0800026c   0x00000000   Code   RO          838    .ARM.Collect$$rtexit$$00000002  c_w.l(rtexit2.o)
    0x0800026c   0x00000004   Code   RO          839    .ARM.Collect$$rtexit$$00000003  c_w.l(rtexit2.o)
    0x08000270   0x00000006   Code   RO          840    .ARM.Collect$$rtexit$$00000004  c_w.l(rtexit2.o)
    0x08000276   0x00000002   PAD
    0x08000278   0x0000000c   Code   RO           61    .emb_text           sys.o
    0x08000284   0x00000038   Code   RO            4    .text               startup_stm32f10x_hd.o
    0x080002bc   0x000000b0   Code   RO           12    .text               delay.o
    0x0800036c   0x000002bc   Code   RO           62    .text               sys.o
    0x08000628   0x00000184   Code   RO           85    .text               usart.o
    0x080007ac   0x00000274   Code   RO          130    .text               main.o
    0x08000a20   0x00000094   Code   RO          208    .text               key.o
    0x08000ab4   0x0000003c   Code   RO          234    .text               led.o
    0x08000af0   0x0000026c   Code   RO          271    .text               usart2.o
    0x08000d5c   0x000004fc   Code   RO          308    .text               gsm.o
    0x08001258   0x00000298   Code   RO          335    .text               gps.o
    0x080014f0   0x00000228   Code   RO          356    .text               mpu6050.o
    0x08001718   0x000002fc   Code   RO          380    .text               stmiic.o
    0x08001a14   0x000001b4   Code   RO          400    .text               usart3.o
    0x08001bc8   0x0000025c   Code   RO          424    .text               falldown.o
    0x08001e24   0x00000078   Code   RO          452    .text               buzzer.o
    0x08001e9c   0x00000088   Code   RO          472    .text               io.o
    0x08001f24   0x00000002   Code   RO          492    .text               c_w.l(use_no_semi_2.o)
    0x08001f26   0x00000002   PAD
    0x08001f28   0x00000024   Code   RO          494    .text               c_w.l(c89vsprintf.o)
    0x08001f4c   0x0000003e   Code   RO          496    .text               c_w.l(strlen.o)
    0x08001f8a   0x0000004e   Code   RO          498    .text               c_w.l(rt_memclr_w.o)
    0x08001fd8   0x00000006   Code   RO          500    .text               c_w.l(heapauxi.o)
    0x08001fde   0x00000002   Code   RO          570    .text               c_w.l(use_no_semi.o)
    0x08001fe0   0x00000016   Code   RO          573    .text               c_w.l(_rserrno.o)
    0x08001ff6   0x0000004e   Code   RO          577    .text               c_w.l(_printf_pad.o)
    0x08002044   0x00000024   Code   RO          579    .text               c_w.l(_printf_truncate.o)
    0x08002068   0x00000052   Code   RO          581    .text               c_w.l(_printf_str.o)
    0x080020ba   0x00000002   PAD
    0x080020bc   0x00000074   Code   RO          583    .text               c_w.l(_printf_dec.o)
    0x08002130   0x00000028   Code   RO          585    .text               c_w.l(_printf_charcount.o)
    0x08002158   0x00000030   Code   RO          587    .text               c_w.l(_printf_char_common.o)
    0x08002188   0x0000000a   Code   RO          589    .text               c_w.l(_sputc.o)
    0x08002192   0x00000002   PAD
    0x08002194   0x000000bc   Code   RO          591    .text               c_w.l(_printf_wctomb.o)
    0x08002250   0x00000078   Code   RO          594    .text               c_w.l(_printf_longlong_dec.o)
    0x080022c8   0x00000070   Code   RO          600    .text               c_w.l(_printf_oct_int_ll.o)
    0x08002338   0x00000094   Code   RO          620    .text               c_w.l(_printf_hex_int_ll_ptr.o)
    0x080023cc   0x00000188   Code   RO          640    .text               c_w.l(__printf_flags_ss_wp.o)
    0x08002554   0x00000008   Code   RO          710    .text               c_w.l(rt_errno_addr_intlibspace.o)
    0x0800255c   0x0000008a   Code   RO          712    .text               c_w.l(lludiv10.o)
    0x080025e6   0x000000b2   Code   RO          714    .text               c_w.l(_printf_intcommon.o)
    0x08002698   0x00000416   Code   RO          716    .text               c_w.l(_printf_fp_dec.o)
    0x08002aae   0x0000002c   Code   RO          720    .text               c_w.l(_printf_char.o)
    0x08002ada   0x0000002c   Code   RO          722    .text               c_w.l(_printf_wchar.o)
    0x08002b06   0x00000040   Code   RO          725    .text               c_w.l(_wcrtomb.o)
    0x08002b46   0x00000002   PAD
    0x08002b48   0x00000008   Code   RO          731    .text               c_w.l(libspace.o)
    0x08002b50   0x0000004a   Code   RO          734    .text               c_w.l(sys_stackheap_outer.o)
    0x08002b9a   0x00000002   PAD
    0x08002b9c   0x00000010   Code   RO          736    .text               c_w.l(rt_ctype_table.o)
    0x08002bac   0x00000008   Code   RO          741    .text               c_w.l(rt_locale_intlibspace.o)
    0x08002bb4   0x00000080   Code   RO          743    .text               c_w.l(_printf_fp_infnan.o)
    0x08002c34   0x000000d8   Code   RO          745    .text               c_w.l(bigflt0.o)
    0x08002d0c   0x0000000c   Code   RO          773    .text               c_w.l(exit.o)
    0x08002d18   0x00000080   Code   RO          790    .text               c_w.l(strcmpv7m.o)
    0x08002d98   0x0000003e   Code   RO          748    CL$$btod_d2e        c_w.l(btod.o)
    0x08002dd6   0x00000046   Code   RO          750    CL$$btod_d2e_denorm_low  c_w.l(btod.o)
    0x08002e1c   0x00000060   Code   RO          749    CL$$btod_d2e_norm_op1  c_w.l(btod.o)
    0x08002e7c   0x00000338   Code   RO          758    CL$$btod_div_common  c_w.l(btod.o)
    0x080031b4   0x000000c6   Code   RO          755    CL$$btod_e2e        c_w.l(btod.o)
    0x0800327a   0x00000028   Code   RO          752    CL$$btod_ediv       c_w.l(btod.o)
    0x080032a2   0x00000028   Code   RO          751    CL$$btod_emul       c_w.l(btod.o)
    0x080032ca   0x00000244   Code   RO          757    CL$$btod_mult_common  c_w.l(btod.o)
    0x0800350e   0x00000028   Code   RO          687    i.__ARM_fpclassify  m_ws.l(fpclassify.o)
    0x08003536   0x000000aa   Code   RO          689    i.__kernel_poly     m_ws.l(poly.o)
    0x080035e0   0x00000010   Code   RO          685    i.__mathlib_dbl_underflow  m_ws.l(dunder.o)
    0x080035f0   0x0000000e   Code   RO          633    i._is_digit         c_w.l(__printf_wp.o)
    0x080035fe   0x00000002   PAD
    0x08003600   0x000009e0   Code   RO          553    i.pow               m_ws.l(pow.o)
    0x08003fe0   0x0000004c   Code   RO          563    i.sqrt              m_ws.l(sqrt.o)
    0x0800402c   0x0000002c   Code   RO          771    locale$$code        c_w.l(lc_numeric_c.o)
    0x08004058   0x0000002c   Code   RO          788    locale$$code        c_w.l(lc_ctype_c.o)
    0x08004084   0x00000150   Code   RO          504    x$fpl$dadd          fz_ws.l(daddsub_clz.o)
    0x080041d4   0x00000010   Code   RO          727    x$fpl$dcheck1       fz_ws.l(dcheck1.o)
    0x080041e4   0x00000018   Code   RO          729    x$fpl$dcmpinf       fz_ws.l(dcmpi.o)
    0x080041fc   0x000002b0   Code   RO          511    x$fpl$ddiv          fz_ws.l(ddiv.o)
    0x080044ac   0x0000005e   Code   RO          514    x$fpl$dfix          fz_ws.l(dfix.o)
    0x0800450a   0x00000002   PAD
    0x0800450c   0x0000005a   Code   RO          518    x$fpl$dfixu         fz_ws.l(dfixu.o)
    0x08004566   0x0000002e   Code   RO          523    x$fpl$dflt          fz_ws.l(dflt_clz.o)
    0x08004594   0x00000026   Code   RO          522    x$fpl$dfltu         fz_ws.l(dflt_clz.o)
    0x080045ba   0x00000002   PAD
    0x080045bc   0x00000078   Code   RO          666    x$fpl$dleqf         fz_ws.l(dleqf.o)
    0x08004634   0x00000154   Code   RO          528    x$fpl$dmul          fz_ws.l(dmul.o)
    0x08004788   0x0000009c   Code   RO          668    x$fpl$dnaninf       fz_ws.l(dnaninf.o)
    0x08004824   0x0000000c   Code   RO          670    x$fpl$dretinf       fz_ws.l(dretinf.o)
    0x08004830   0x0000006c   Code   RO          672    x$fpl$drleqf        fz_ws.l(drleqf.o)
    0x0800489c   0x00000016   Code   RO          505    x$fpl$drsb          fz_ws.l(daddsub_clz.o)
    0x080048b2   0x00000002   PAD
    0x080048b4   0x000001cc   Code   RO          674    x$fpl$dsqrt         fz_ws.l(dsqrt_noumaal.o)
    0x08004a80   0x000001d4   Code   RO          506    x$fpl$dsub          fz_ws.l(daddsub_clz.o)
    0x08004c54   0x000000c4   Code   RO          530    x$fpl$fadd          fz_ws.l(faddsub_clz.o)
    0x08004d18   0x00000184   Code   RO          537    x$fpl$fdiv          fz_ws.l(fdiv.o)
    0x08004e9c   0x0000003e   Code   RO          540    x$fpl$ffixu         fz_ws.l(ffixu.o)
    0x08004eda   0x00000002   PAD
    0x08004edc   0x00000026   Code   RO          544    x$fpl$ffltu         fz_ws.l(fflt_clz.o)
    0x08004f02   0x00000002   PAD
    0x08004f04   0x00000102   Code   RO          550    x$fpl$fmul          fz_ws.l(fmul.o)
    0x08005006   0x0000008c   Code   RO          676    x$fpl$fnaninf       fz_ws.l(fnaninf.o)
    0x08005092   0x0000000a   Code   RO          678    x$fpl$fretinf       fz_ws.l(fretinf.o)
    0x0800509c   0x00000014   Code   RO          531    x$fpl$frsb          fz_ws.l(faddsub_clz.o)
    0x080050b0   0x000000ea   Code   RO          532    x$fpl$fsub          fz_ws.l(faddsub_clz.o)
    0x0800519a   0x00000004   Code   RO          680    x$fpl$printf1       fz_ws.l(printf1.o)
    0x0800519e   0x00000064   Code   RO          783    x$fpl$retnan        fz_ws.l(retnan.o)
    0x08005202   0x0000005c   Code   RO          682    x$fpl$scalbn        fz_ws.l(scalbn.o)
    0x0800525e   0x00000030   Code   RO          835    x$fpl$trapveneer    fz_ws.l(trapv.o)
    0x0800528e   0x00000000   Code   RO          684    x$fpl$usenofp       fz_ws.l(usenofp.o)
    0x0800528e   0x00000009   Data   RO          310    .constdata          gsm.o
    0x08005297   0x00000001   PAD
    0x08005298   0x00000088   Data   RO          554    .constdata          m_ws.l(pow.o)
    0x08005320   0x00000008   Data   RO          592    .constdata          c_w.l(_printf_wctomb.o)
    0x08005328   0x00000028   Data   RO          621    .constdata          c_w.l(_printf_hex_int_ll_ptr.o)
    0x08005350   0x00000011   Data   RO          641    .constdata          c_w.l(__printf_flags_ss_wp.o)
    0x08005361   0x00000007   PAD
    0x08005368   0x00000008   Data   RO          691    .constdata          m_ws.l(qnan.o)
    0x08005370   0x00000094   Data   RO          746    .constdata          c_w.l(bigflt0.o)
    0x08005404   0x00000020   Data   RO          909    Region$$Table       anon$$obj.o
    0x08005424   0x0000001c   Data   RO          770    locale$$data        c_w.l(lc_numeric_c.o)
    0x08005440   0x00000110   Data   RO          787    locale$$data        c_w.l(lc_ctype_c.o)


    Execution Region RW_IRAM1 (Base: 0x20000000, Size: 0x000009a8, Max: 0x0000c000, ABSOLUTE)

    Base Addr    Size         Type   Attr      Idx    E Section Name        Object

    0x20000000   0x00000004   Data   RW           13    .data               delay.o
    0x20000004   0x00000006   Data   RW           87    .data               usart.o
    0x2000000a   0x00000001   Data   RW          209    .data               key.o
    0x2000000b   0x00000001   PAD
    0x2000000c   0x00000002   Data   RW          273    .data               usart2.o
    0x2000000e   0x00000002   PAD
    0x20000010   0x00000018   Data   RW          336    .data               gps.o
    0x20000028   0x00000010   Data   RW          358    .data               mpu6050.o
    0x20000038   0x00000007   Data   RW          401    .data               usart3.o
    0x2000003f   0x00000001   PAD
    0x20000040   0x0000000e   Data   RW          426    .data               falldown.o
    0x2000004e   0x00000002   PAD
    0x20000050   0x000000c8   Zero   RW           86    .bss                usart.o
    0x20000118   0x00000190   Zero   RW          272    .bss                usart2.o
    0x200002a8   0x00000040   Zero   RW          309    .bss                gsm.o
    0x200002e8   0x0000000c   Zero   RW          357    .bss                mpu6050.o
    0x200002f4   0x00000050   Zero   RW          425    .bss                falldown.o
    0x20000344   0x00000060   Zero   RW          732    .bss                c_w.l(libspace.o)
    0x200003a4   0x00000004   PAD
    0x200003a8   0x00000200   Zero   RW            2    HEAP                startup_stm32f10x_hd.o
    0x200005a8   0x00000400   Zero   RW            1    STACK               startup_stm32f10x_hd.o


==============================================================================

Image component sizes


      Code (inc. data)   RO Data    RW Data    ZI Data      Debug   Object Name

       120         16          0          0          0        805   buzzer.o
       176          8          0          4          0     208427   delay.o
       604         46          0         14         80       2072   falldown.o
       664         46          0         24          0       1709   gps.o
      1276        290          9          0         64       3350   gsm.o
       136          8          0          0          0        462   io.o
       148         22          0          1          0        904   key.o
        60          8          0          0          0        423   led.o
       628         84          0          0          0       1252   main.o
       552          8          0         16         12       1632   mpu6050.o
        56         22        304          0       1536        808   startup_stm32f10x_hd.o
       764         18          0          0          0       2424   stmiic.o
       712         44          0          0          0       2755   sys.o
       388         26          0          6        200     206342   usart.o
       620         36          0          2        400       3321   usart2.o
       436         32          0          7          0       1665   usart3.o

    ----------------------------------------------------------------------
      7340        714        346         80       2292     438351   Object Totals
         0          0         32          0          0          0   (incl. Generated)
         0          0          1          6          0          0   (incl. Padding)

    ----------------------------------------------------------------------

      Code (inc. data)   RO Data    RW Data    ZI Data      Debug   Library Member Name

         8          0          0          0          0         68   __main.o
       392          4         17          0          0         92   __printf_flags_ss_wp.o
        14          0          0          0          0         68   __printf_wp.o
        52          8          0          0          0          0   __scatter.o
        26          0          0          0          0          0   __scatter_copy.o
        28          0          0          0          0          0   __scatter_zi.o
         6          0          0          0          0          0   _printf_a.o
         6          0          0          0          0          0   _printf_c.o
        44          0          0          0          0        108   _printf_char.o
        48          6          0          0          0         96   _printf_char_common.o
        40          0          0          0          0         68   _printf_charcount.o
         6          0          0          0          0          0   _printf_d.o
       116         16          0          0          0         92   _printf_dec.o
         6          0          0          0          0          0   _printf_e.o
         6          0          0          0          0          0   _printf_f.o
      1046          0          0          0          0        216   _printf_fp_dec.o
       128         16          0          0          0         84   _printf_fp_infnan.o
         6          0          0          0          0          0   _printf_g.o
       148          4         40          0          0        160   _printf_hex_int_ll_ptr.o
         6          0          0          0          0          0   _printf_i.o
       178          0          0          0          0         88   _printf_intcommon.o
        10          0          0          0          0          0   _printf_l.o
         6          0          0          0          0          0   _printf_lc.o
        10          0          0          0          0          0   _printf_ll.o
         6          0          0          0          0          0   _printf_lld.o
         6          0          0          0          0          0   _printf_lli.o
         6          0          0          0          0          0   _printf_llo.o
         6          0          0          0          0          0   _printf_llu.o
         6          0          0          0          0          0   _printf_llx.o
       120         16          0          0          0         92   _printf_longlong_dec.o
         6          0          0          0          0          0   _printf_ls.o
         6          0          0          0          0          0   _printf_n.o
         6          0          0          0          0          0   _printf_o.o
       112          8          0          0          0        124   _printf_oct_int_ll.o
         6          0          0          0          0          0   _printf_p.o
        78          0          0          0          0        108   _printf_pad.o
         0          0          0          0          0          0   _printf_percent.o
         4          0          0          0          0          0   _printf_percent_end.o
         6          0          0          0          0          0   _printf_s.o
        82          0          0          0          0         80   _printf_str.o
        36          0          0          0          0         84   _printf_truncate.o
         6          0          0          0          0          0   _printf_u.o
        44          0          0          0          0        108   _printf_wchar.o
       188          6          8          0          0         92   _printf_wctomb.o
         6          0          0          0          0          0   _printf_x.o
        22          0          0          0          0        100   _rserrno.o
        10          0          0          0          0         68   _sputc.o
        64          0          0          0          0         92   _wcrtomb.o
       216          4        148          0          0         96   bigflt0.o
      1910        128          0          0          0        672   btod.o
        36          4          0          0          0         76   c89vsprintf.o
        12          0          0          0          0         72   exit.o
         6          0          0          0          0        152   heapauxi.o
        44         10        272          0          0         76   lc_ctype_c.o
        44         10         28          0          0         76   lc_numeric_c.o
         2          0          0          0          0          0   libinit.o
        30          0          0          0          0          0   libinit2.o
         2          0          0          0          0          0   libshutdown.o
         2          0          0          0          0          0   libshutdown2.o
         8          4          0          0         96         68   libspace.o
       138          0          0          0          0         80   lludiv10.o
        16          4          0          0          0         76   rt_ctype_table.o
         8          4          0          0          0         68   rt_errno_addr_intlibspace.o
         8          4          0          0          0         68   rt_locale_intlibspace.o
        78          0          0          0          0         80   rt_memclr_w.o
         0          0          0          0          0          0   rtentry.o
        12          0          0          0          0          0   rtentry2.o
         6          0          0          0          0          0   rtentry4.o
         2          0          0          0          0          0   rtexit.o
        10          0          0          0          0          0   rtexit2.o
       128          0          0          0          0         68   strcmpv7m.o
        62          0          0          0          0         76   strlen.o
        74          0          0          0          0         80   sys_stackheap_outer.o
         2          0          0          0          0         68   use_no_semi.o
         2          0          0          0          0         68   use_no_semi_2.o
       826         16          0          0          0        348   daddsub_clz.o
        16          4          0          0          0         68   dcheck1.o
        24          0          0          0          0         68   dcmpi.o
       688        140          0          0          0        208   ddiv.o
        94          4          0          0          0         92   dfix.o
        90          4          0          0          0         92   dfixu.o
        84          0          0          0          0        136   dflt_clz.o
       120          4          0          0          0         92   dleqf.o
       340         12          0          0          0        104   dmul.o
       156          4          0          0          0         92   dnaninf.o
        12          0          0          0          0         68   dretinf.o
       108          0          0          0          0         80   drleqf.o
       460         56          0          0          0        120   dsqrt_noumaal.o
       450          8          0          0          0        236   faddsub_clz.o
       388         76          0          0          0         96   fdiv.o
        62          4          0          0          0         84   ffixu.o
        38          0          0          0          0         68   fflt_clz.o
       258          4          0          0          0         84   fmul.o
       140          4          0          0          0         84   fnaninf.o
        10          0          0          0          0         68   fretinf.o
         4          0          0          0          0         68   printf1.o
       100          0          0          0          0         68   retnan.o
        92          0          0          0          0         68   scalbn.o
        48          0          0          0          0         68   trapv.o
         0          0          0          0          0          0   usenofp.o
        16          6          0          0          0         68   dunder.o
        40          0          0          0          0         68   fpclassify.o
       170          0          0          0          0         96   poly.o
      2528        190        136          0          0        332   pow.o
         0          0          8          0          0          0   qnan.o
        76          0          0          0          0         84   sqrt.o

    ----------------------------------------------------------------------
     13490        792        664          0        100       7316   Library Totals
        26          0          7          0          4          0   (incl. Padding)

    ----------------------------------------------------------------------

      Code (inc. data)   RO Data    RW Data    ZI Data      Debug   Library Name

      6026        256        513          0         96       4108   c_w.l
      4608        340          0          0          0       2560   fz_ws.l
      2830        196        144          0          0        648   m_ws.l

    ----------------------------------------------------------------------
     13490        792        664          0        100       7316   Library Totals

    ----------------------------------------------------------------------

==============================================================================


      Code (inc. data)   RO Data    RW Data    ZI Data      Debug   

     20830       1506       1010         80       2392     440515   Grand Totals
     20830       1506       1010         80       2392     440515   ELF Image Totals
     20830       1506       1010         80          0          0   ROM Totals

==============================================================================

    Total RO  Size (Code + RO Data)                21840 (  21.33kB)
    Total RW  Size (RW Data + ZI Data)              2472 (   2.41kB)
    Total ROM Size (Code + RO Data + RW Data)      21920 (  21.41kB)

==============================================================================

