<html>
<body>
<pre>
<h1>礦ision Build Log</h1>
<h2>Project:</h2>
C:\Users\Administrator\Desktop\stm32\012 跌倒检测系统 正式版1.0\src\main.uvproj
Project File Date:  08/20/2015

<h2>Output:</h2>
Build target 'Target 1'
compiling main.c...
main.c(255): warning:  #550-D: variable "i" was set but never used
        unsigned short int i;
main.c: 1 warning, 0 errors
compiling gsm.c...
compiling usart.c...
linking...
..\obj\main.axf: Warning: L6304W: Duplicate input file ..\obj\usart.o ignored.
Program Size: Code=21086 RO-data=1010 RW-data=80 ZI-data=2392  
Finished: 0 information, 1 warning and 0 error messages.
FromELF: creating hex file...
"..\obj\main.axf" - 0 Error(s), 2 Warning(s).
</pre>
</body>
</html>
