<html>
<body>
<pre>
<h1>µVision Build Log</h1>
<h2>Project:</h2>
C:\Users\Administrator\Desktop\stm32\012 µøµ¹¼ì²âÏµÍ³\src\main.uvproj
Project File Date:  08/20/2015

<h2>Output:</h2>
Build target 'Target 1'
compiling main.c...
main.c(97): warning:  #177-D: variable "i" was declared but never referenced
        unsigned char i, s = 0;
main.c(97): warning:  #177-D: variable "s" was declared but never referenced
        unsigned char i, s = 0;
main.c(425): warning:  #550-D: variable "i" was set but never used
        short int i;
main.c: 3 warnings, 0 errors
compiling usart.c...
linking...
..\obj\main.axf: Warning: L6304W: Duplicate input file ..\obj\usart.o ignored.
Program Size: Code=20438 RO-data=1010 RW-data=80 ZI-data=2392  
Finished: 0 information, 1 warning and 0 error messages.
FromELF: creating hex file...
"..\obj\main.axf" - 0 Error(s), 4 Warning(s).
</pre>
</body>
</html>

FromELF: creating hex file...
"..\obj\main.axf" - 0 Error(s), 5 Warning(s).
