Product: MDK-ARM Professional 5.10
Component: ARM Compiler 5.04 update 1 (build 49)
Tool: armlink [5040049]

==============================================================================

Section Cross References

    startup_stm32f10x_hd.o(STACK) refers (Special) to heapauxi.o(.text) for __use_two_region_memory
    startup_stm32f10x_hd.o(HEAP) refers (Special) to heapauxi.o(.text) for __use_two_region_memory
    startup_stm32f10x_hd.o(RESET) refers (Special) to heapauxi.o(.text) for __use_two_region_memory
    startup_stm32f10x_hd.o(RESET) refers to startup_stm32f10x_hd.o(STACK) for __initial_sp
    startup_stm32f10x_hd.o(RESET) refers to startup_stm32f10x_hd.o(.text) for Reset_Handler
    startup_stm32f10x_hd.o(RESET) refers to usart2.o(.text) for TIM4_IRQHandler
    startup_stm32f10x_hd.o(RESET) refers to usart.o(.text) for USART1_IRQHandler
    startup_stm32f10x_hd.o(RESET) refers to usart3.o(.text) for USART3_IRQHandler
    startup_stm32f10x_hd.o(.text) refers (Special) to heapauxi.o(.text) for __use_two_region_memory
    startup_stm32f10x_hd.o(.text) refers to __main.o(!!!main) for __main
    startup_stm32f10x_hd.o(.text) refers to startup_stm32f10x_hd.o(HEAP) for Heap_Mem
    startup_stm32f10x_hd.o(.text) refers to startup_stm32f10x_hd.o(STACK) for Stack_Mem
    delay.o(.text) refers to delay.o(.data) for fac_us
    sys.o(.text) refers to sys.o(.emb_text) for WFI_SET
    usart.o(.rev16_text) refers (Special) to use_no_semi_2.o(.text) for __use_no_semihosting
    usart.o(.revsh_text) refers (Special) to use_no_semi_2.o(.text) for __use_no_semihosting
    usart.o(.text) refers (Special) to use_no_semi_2.o(.text) for __use_no_semihosting
    usart.o(.text) refers to fflt_clz.o(x$fpl$ffltu) for __aeabi_ui2f
    usart.o(.text) refers to fdiv.o(x$fpl$fdiv) for __aeabi_fdiv
    usart.o(.text) refers to ffixu.o(x$fpl$ffixu) for __aeabi_f2uiz
    usart.o(.text) refers to faddsub_clz.o(x$fpl$frsb) for __aeabi_frsub
    usart.o(.text) refers to fmul.o(x$fpl$fmul) for __aeabi_fmul
    usart.o(.text) refers to sys.o(.text) for MY_NVIC_Init
    usart.o(.text) refers to usart.o(.data) for USART_RX_STA
    usart.o(.text) refers to usart.o(.bss) for USART_RX_BUF
    usart.o(.bss) refers (Special) to use_no_semi_2.o(.text) for __use_no_semihosting
    usart.o(.data) refers (Special) to use_no_semi_2.o(.text) for __use_no_semihosting
    main.o(.text) refers to sys.o(.text) for Stm32_Clock_Init
    main.o(.text) refers to delay.o(.text) for delay_init
    main.o(.text) refers to usart.o(.text) for uart_init
    main.o(.text) refers to usart2.o(.text) for USART2_Init
    main.o(.text) refers to usart3.o(.text) for USART3_Init
    main.o(.text) refers to gsm.o(.text) for ChangeNumber
    main.o(.text) refers to led.o(.text) for LED_Init
    main.o(.text) refers to buzzer.o(.text) for Buzzer_Init
    main.o(.text) refers to key.o(.text) for Key_Init
    main.o(.text) refers to io.o(.text) for IO_Init
    main.o(.text) refers to stmiic.o(.text) for IICinit
    main.o(.text) refers to mpu6050.o(.text) for initmpu6050
    main.o(.text) refers to falldown.o(.text) for FallDown
    main.o(.text) refers to gsm.o(.bss) for AddresseeNumber
    main.o(.text) refers to mpu6050.o(.data) for mpudata
    key.o(.text) refers to delay.o(.text) for delay_ms
    key.o(.text) refers to key.o(.data) for KeyCount
    usart2.o(.text) refers to sys.o(.text) for MY_NVIC_Init
    usart2.o(.text) refers to delay.o(.text) for delay_us
    usart2.o(.text) refers to c89vsprintf.o(.text) for __c89vsprintf
    usart2.o(.text) refers to strlen.o(.text) for strlen
    usart2.o(.text) refers to usart2.o(.data) for USART2_RX_STA
    usart2.o(.text) refers to usart2.o(.bss) for USART2_RX_BUF
    gsm.o(.text) refers to gps.o(.text) for ChangeCoord
    gsm.o(.text) refers to dmul.o(x$fpl$dmul) for __aeabi_dmul
    gsm.o(.text) refers to dfix.o(x$fpl$dfix) for __aeabi_d2iz
    gsm.o(.text) refers to delay.o(.text) for delay_ms
    gsm.o(.text) refers to usart.o(.data) for USART_RX_STA
    gsm.o(.text) refers to usart.o(.bss) for USART_RX_BUF
    gsm.o(.text) refers to gsm.o(.constdata) for SmsReady
    gsm.o(.text) refers to gsm.o(.bss) for LocationMessage
    gsm.o(.text) refers to gps.o(.data) for LongtitudeDirection
    gps.o(.text) refers to rt_memclr_w.o(.text) for __aeabi_memclr4
    gps.o(.text) refers to dflt_clz.o(x$fpl$dfltu) for __aeabi_ui2d
    gps.o(.text) refers to pow.o(i.pow) for pow
    gps.o(.text) refers to dflt_clz.o(x$fpl$dflt) for __aeabi_i2d
    gps.o(.text) refers to dmul.o(x$fpl$dmul) for __aeabi_dmul
    gps.o(.text) refers to daddsub_clz.o(x$fpl$dadd) for __aeabi_dadd
    gps.o(.text) refers to dfix.o(x$fpl$dfix) for __aeabi_d2iz
    gps.o(.text) refers to ddiv.o(x$fpl$ddiv) for __aeabi_ddiv
    gps.o(.text) refers to daddsub_clz.o(x$fpl$drsb) for __aeabi_drsub
    gps.o(.text) refers to usart2.o(.data) for USART2_RX_STA
    gps.o(.text) refers to usart2.o(.bss) for USART2_RX_BUF
[...]
    .ARM.Collect$$_printf_percent$$0000000F  0x080001fc   Section        6  _printf_llu.o(.ARM.Collect$$_printf_percent$$0000000F)
    .ARM.Collect$$_printf_percent$$00000010  0x08000202   Section        6  _printf_llo.o(.ARM.Collect$$_printf_percent$$00000010)
    .ARM.Collect$$_printf_percent$$00000011  0x08000208   Section        6  _printf_llx.o(.ARM.Collect$$_printf_percent$$00000011)
    .ARM.Collect$$_printf_percent$$00000012  0x0800020e   Section       10  _printf_l.o(.ARM.Collect$$_printf_percent$$00000012)
    .ARM.Collect$$_printf_percent$$00000013  0x08000218   Section        6  _printf_c.o(.ARM.Collect$$_printf_percent$$00000013)
    .ARM.Collect$$_printf_percent$$00000014  0x0800021e   Section        6  _printf_s.o(.ARM.Collect$$_printf_percent$$00000014)
    .ARM.Collect$$_printf_percent$$00000015  0x08000224   Section        6  _printf_lc.o(.ARM.Collect$$_printf_percent$$00000015)
    .ARM.Collect$$_printf_percent$$00000016  0x0800022a   Section        6  _printf_ls.o(.ARM.Collect$$_printf_percent$$00000016)
    .ARM.Collect$$_printf_percent$$00000017  0x08000230   Section        4  _printf_percent_end.o(.ARM.Collect$$_printf_percent$$00000017)
    .ARM.Collect$$libinit$$00000000          0x08000234   Section        2  libinit.o(.ARM.Collect$$libinit$$00000000)
    .ARM.Collect$$libinit$$00000002          0x08000236   Section        0  libinit2.o(.ARM.Collect$$libinit$$00000002)
    .ARM.Collect$$libinit$$00000008          0x08000236   Section        0  libinit2.o(.ARM.Collect$$libinit$$00000008)
    .ARM.Collect$$libinit$$0000000A          0x08000236   Section        0  libinit2.o(.ARM.Collect$$libinit$$0000000A)
    .ARM.Collect$$libinit$$0000000C          0x08000236   Section        0  libinit2.o(.ARM.Collect$$libinit$$0000000C)
    .ARM.Collect$$libinit$$0000000D          0x08000236   Section        6  libinit2.o(.ARM.Collect$$libinit$$0000000D)
    .ARM.Collect$$libinit$$0000000F          0x0800023c   Section        0  libinit2.o(.ARM.Collect$$libinit$$0000000F)
    .ARM.Collect$$libinit$$00000010          0x0800023c   Section       12  libinit2.o(.ARM.Collect$$libinit$$00000010)
    .ARM.Collect$$libinit$$00000011          0x08000248   Section        0  libinit2.o(.ARM.Collect$$libinit$$00000011)
    .ARM.Collect$$libinit$$00000013          0x08000248   Section        0  libinit2.o(.ARM.Collect$$libinit$$00000013)
    .ARM.Collect$$libinit$$00000014          0x08000248   Section       10  libinit2.o(.ARM.Collect$$libinit$$00000014)
    .ARM.Collect$$libinit$$00000015          0x08000252   Section        0  libinit2.o(.ARM.Collect$$libinit$$00000015)
    .ARM.Collect$$libinit$$00000017          0x08000252   Section        0  libinit2.o(.ARM.Collect$$libinit$$00000017)
    .ARM.Collect$$libinit$$00000019          0x08000252   Section        0  libinit2.o(.ARM.Collect$$libinit$$00000019)
    .ARM.Collect$$libinit$$0000001B          0x08000252   Section        0  libinit2.o(.ARM.Collect$$libinit$$0000001B)
    .ARM.Collect$$libinit$$0000001D          0x08000252   Section        0  libinit2.o(.ARM.Collect$$libinit$$0000001D)
    .ARM.Collect$$libinit$$0000001F          0x08000252   Section        0  libinit2.o(.ARM.Collect$$libinit$$0000001F)
    .ARM.Collect$$libinit$$00000021          0x08000252   Section        0  libinit2.o(.ARM.Collect$$libinit$$00000021)
    .ARM.Collect$$libinit$$00000023          0x08000252   Section        0  libinit2.o(.ARM.Collect$$libinit$$00000023)
    .ARM.Collect$$libinit$$0000002A          0x08000252   Section        0  libinit2.o(.ARM.Collect$$libinit$$0000002A)
    .ARM.Collect$$libinit$$0000002C          0x08000252   Section        0  libinit2.o(.ARM.Collect$$libinit$$0000002C)
    .ARM.Collect$$libinit$$0000002E          0x08000252   Section        0  libinit2.o(.ARM.Collect$$libinit$$0000002E)
    .ARM.Collect$$libinit$$00000030          0x08000252   Section        0  libinit2.o(.ARM.Collect$$libinit$$00000030)
    .ARM.Collect$$libinit$$00000031          0x08000252   Section        2  libinit2.o(.ARM.Collect$$libinit$$00000031)
    .ARM.Collect$$libshutdown$$00000000      0x08000254   Section        2  libshutdown.o(.ARM.Collect$$libshutdown$$00000000)
    .ARM.Collect$$libshutdown$$00000003      0x08000256   Section        0  libshutdown2.o(.ARM.Collect$$libshutdown$$00000003)
    .ARM.Collect$$libshutdown$$00000006      0x08000256   Section        0  libshutdown2.o(.ARM.Collect$$libshutdown$$00000006)
    .ARM.Collect$$libshutdown$$00000009      0x08000256   Section        0  libshutdown2.o(.ARM.Collect$$libshutdown$$00000009)
    .ARM.Collect$$libshutdown$$0000000B      0x08000256   Section        0  libshutdown2.o(.ARM.Collect$$libshutdown$$0000000B)
    .ARM.Collect$$libshutdown$$0000000E      0x08000256   Section        0  libshutdown2.o(.ARM.Collect$$libshutdown$$0000000E)
    .ARM.Collect$$libshutdown$$0000000F      0x08000256   Section        2  libshutdown2.o(.ARM.Collect$$libshutdown$$0000000F)
    .ARM.Collect$$rtentry$$00000000          0x08000258   Section        0  rtentry.o(.ARM.Collect$$rtentry$$00000000)
    .ARM.Collect$$rtentry$$00000002          0x08000258   Section        0  rtentry2.o(.ARM.Collect$$rtentry$$00000002)
    .ARM.Collect$$rtentry$$00000004          0x08000258   Section        6  rtentry4.o(.ARM.Collect$$rtentry$$00000004)
    .ARM.Collect$$rtentry$$00000009          0x0800025e   Section        0  rtentry2.o(.ARM.Collect$$rtentry$$00000009)
    .ARM.Collect$$rtentry$$0000000A          0x0800025e   Section        4  rtentry2.o(.ARM.Collect$$rtentry$$0000000A)
    .ARM.Collect$$rtentry$$0000000C          0x08000262   Section        0  rtentry2.o(.ARM.Collect$$rtentry$$0000000C)
    .ARM.Collect$$rtentry$$0000000D          0x08000262   Section        8  rtentry2.o(.ARM.Collect$$rtentry$$0000000D)
    .ARM.Collect$$rtexit$$00000000           0x0800026a   Section        2  rtexit.o(.ARM.Collect$$rtexit$$00000000)
    .ARM.Collect$$rtexit$$00000002           0x0800026c   Section        0  rtexit2.o(.ARM.Collect$$rtexit$$00000002)
    .ARM.Collect$$rtexit$$00000003           0x0800026c   Section        4  rtexit2.o(.ARM.Collect$$rtexit$$00000003)
    .ARM.Collect$$rtexit$$00000004           0x08000270   Section        6  rtexit2.o(.ARM.Collect$$rtexit$$00000004)
    .emb_text                                0x08000278   Section       12  sys.o(.emb_text)
    .text                                    0x08000284   Section       56  startup_stm32f10x_hd.o(.text)
    .text                                    0x080002bc   Section        0  delay.o(.text)
    .text                                    0x0800036c   Section        0  sys.o(.text)
    .text                                    0x08000628   Section        0  usart.o(.text)
    .text                                    0x080007ac   Section        0  main.o(.text)
    .text                                    0x0800098c   Section        0  key.o(.text)
    .text                                    0x08000a28   Section        0  led.o(.text)
    .text                                    0x08000a64   Section        0  usart2.o(.text)
    .text                                    0x08000cd0   Section        0  gsm.o(.text)
    .text                                    0x08001138   Section        0  gps.o(.text)
    .text                                    0x080013c8   Section        0  mpu6050.o(.text)
    .text                                    0x080015f0   Section        0  stmiic.o(.text)
    .text                                    0x080018ec   Section        0  usart3.o(.text)
    .text                                    0x08001aa0   Section        0  falldown.o(.text)
    .text                                    0x08001cfc   Section        0  buzzer.o(.text)
    .text                                    0x08001d38   Section        0  io.o(.text)
    .text                                    0x08001d9c   Section        2  use_no_semi_2.o(.text)
    .text                                    0x08001da0   Section        0  c89vsprintf.o(.text)
    .text                                    0x08001dc4   Section        0  strlen.o(.text)
    .text                                    0x08001e02   Section       78  rt_memclr_w.o(.text)
    .text                                    0x08001e50   Section        0  heapauxi.o(.text)
    .text                                    0x08001e56   Section        2  use_no_semi.o(.text)
    .text                                    0x08001e58   Section        0  _rserrno.o(.text)
    .text                                    0x08001e6e   Section        0  _printf_pad.o(.text)
    .text                                    0x08001ebc   Section        0  _printf_truncate.o(.text)
    .text                                    0x08001ee0   Section        0  _printf_str.o(.text)
    .text                                    0x08001f34   Section        0  _printf_dec.o(.text)
    .text                                    0x08001fa8   Section        0  _printf_charcount.o(.text)
    .text                                    0x08001fd0   Section        0  _printf_char_common.o(.text)
    _printf_input_char                       0x08001fd1   Thumb Code    10  _printf_char_common.o(.text)
    .text                                    0x08002000   Section        0  _sputc.o(.text)
    .text                                    0x0800200c   Section        0  _printf_wctomb.o(.text)
    .text                                    0x080020c8   Section        0  _printf_longlong_dec.o(.text)
    .text                                    0x08002140   Section        0  _printf_oct_int_ll.o(.text)
    _printf_longlong_oct_internal            0x08002141   Thumb Code     0  _printf_oct_int_ll.o(.text)
    .text                                    0x080021b0   Section        0  _printf_hex_int_ll_ptr.o(.text)
    _printf_hex_common                       0x080021b1   Thumb Code     0  _printf_hex_int_ll_ptr.o(.text)
    .text                                    0x08002244   Section        0  __printf_flags_ss_wp.o(.text)
    .text                                    0x080023cc   Section        8  rt_errno_addr_intlibspace.o(.text)
    .text                                    0x080023d4   Section      138  lludiv10.o(.text)
    .text                                    0x0800245e   Section        0  _printf_intcommon.o(.text)
    .text                                    0x08002510   Section        0  _printf_fp_dec.o(.text)
    _fp_digits                               0x08002513   Thumb Code   428  _printf_fp_dec.o(.text)
    .text                                    0x08002926   Section        0  _printf_char.o(.text)
    .text                                    0x08002952   Section        0  _printf_wchar.o(.text)
    .text                                    0x0800297e   Section        0  _wcrtomb.o(.text)
    .text                                    0x080029c0   Section        8  libspace.o(.text)
    .text                                    0x080029c8   Section       74  sys_stackheap_outer.o(.text)
    .text                                    0x08002a14   Section       16  rt_ctype_table.o(.text)
    .text                                    0x08002a24   Section        8  rt_locale_intlibspace.o(.text)
    .text                                    0x08002a2c   Section        0  _printf_fp_infnan.o(.text)
    .text                                    0x08002aac   Section        0  bigflt0.o(.text)
    .text                                    0x08002b84   Section        0  exit.o(.text)
    .text                                    0x08002b90   Section      128  strcmpv7m.o(.text)
    CL$$btod_d2e                             0x08002c10   Section       62  btod.o(CL$$btod_d2e)
    CL$$btod_d2e_denorm_low                  0x08002c4e   Section       70  btod.o(CL$$btod_d2e_denorm_low)
    CL$$btod_d2e_norm_op1                    0x08002c94   Section       96  btod.o(CL$$btod_d2e_norm_op1)
    CL$$btod_div_common                      0x08002cf4   Section      824  btod.o(CL$$btod_div_common)
    CL$$btod_e2e                             0x0800302c   Section      198  btod.o(CL$$btod_e2e)
    CL$$btod_ediv                            0x080030f2   Section       40  btod.o(CL$$btod_ediv)
    CL$$btod_emul                            0x0800311a   Section       40  btod.o(CL$$btod_emul)
    CL$$btod_mult_common                     0x08003142   Section      580  btod.o(CL$$btod_mult_common)
    i.__ARM_fpclassify                       0x08003386   Section        0  fpclassify.o(i.__ARM_fpclassify)
    i.__kernel_poly                          0x080033ae   Section        0  poly.o(i.__kernel_poly)
    i.__mathlib_dbl_underflow                0x08003458   Section        0  dunder.o(i.__mathlib_dbl_underflow)
    i._is_digit                              0x08003468   Section        0  __printf_wp.o(i._is_digit)
    i.pow                                    0x08003478   Section        0  pow.o(i.pow)
    i.sqrt                                   0x08003e58   Section        0  sqrt.o(i.sqrt)
    locale$$code                             0x08003ea4   Section       44  lc_numeric_c.o(locale$$code)
    locale$$code                             0x08003ed0   Section       44  lc_ctype_c.o(locale$$code)
    x$fpl$dadd                               0x08003efc   Section      336  daddsub_clz.o(x$fpl$dadd)
    _dadd1                                   0x08003f0d   Thumb Code     0  daddsub_clz.o(x$fpl$dadd)
    x$fpl$dcheck1                            0x0800404c   Section       16  dcheck1.o(x$fpl$dcheck1)
    x$fpl$dcmpinf                            0x0800405c   Section       24  dcmpi.o(x$fpl$dcmpinf)
    x$fpl$ddiv                               0x08004074   Section      688  ddiv.o(x$fpl$ddiv)
    ddiv_entry                               0x0800407b   Thumb Code     0  ddiv.o(x$fpl$ddiv)
    x$fpl$dfix                               0x08004324   Section       94  dfix.o(x$fpl$dfix)
    x$fpl$dfixu                              0x08004384   Section       90  dfixu.o(x$fpl$dfixu)
    x$fpl$dflt                               0x080043de   Section       46  dflt_clz.o(x$fpl$dflt)
    x$fpl$dfltu                              0x0800440c   Section       38  dflt_clz.o(x$fpl$dfltu)
    x$fpl$dleqf                              0x08004434   Section      120  dleqf.o(x$fpl$dleqf)
    x$fpl$dmul                               0x080044ac   Section      340  dmul.o(x$fpl$dmul)
    x$fpl$dnaninf                            0x08004600   Section      156  dnaninf.o(x$fpl$dnaninf)
    x$fpl$dretinf                            0x0800469c   Section       12  dretinf.o(x$fpl$dretinf)
    x$fpl$drleqf                             0x080046a8   Section      108  drleqf.o(x$fpl$drleqf)
    x$fpl$drsb                               0x08004714   Section       22  daddsub_clz.o(x$fpl$drsb)
    x$fpl$dsqrt                              0x0800472c   Section      460  dsqrt_noumaal.o(x$fpl$dsqrt)
    x$fpl$dsub                               0x080048f8   Section      468  daddsub_clz.o(x$fpl$dsub)
    _dsub1                                   0x08004909   Thumb Code     0  daddsub_clz.o(x$fpl$dsub)
    x$fpl$fadd                               0x08004acc   Section      196  faddsub_clz.o(x$fpl$fadd)
    _fadd1                                   0x08004adb   Thumb Code     0  faddsub_clz.o(x$fpl$fadd)
    x$fpl$fdiv                               0x08004b90   Section      388  fdiv.o(x$fpl$fdiv)
    _fdiv1                                   0x08004b91   Thumb Code     0  fdiv.o(x$fpl$fdiv)
    x$fpl$ffixu                              0x08004d14   Section       62  ffixu.o(x$fpl$ffixu)
    x$fpl$ffltu                              0x08004d54   Section       38  fflt_clz.o(x$fpl$ffltu)
    x$fpl$fmul                               0x08004d7c   Section      258  fmul.o(x$fpl$fmul)
    x$fpl$fnaninf                            0x08004e7e   Section      140  fnaninf.o(x$fpl$fnaninf)
    x$fpl$fretinf                            0x08004f0a   Section       10  fretinf.o(x$fpl$fretinf)
    x$fpl$frsb                               0x08004f14   Section       20  faddsub_clz.o(x$fpl$frsb)
    x$fpl$fsub                               0x08004f28   Section      234  faddsub_clz.o(x$fpl$fsub)
    _fsub1                                   0x08004f37   Thumb Code     0  faddsub_clz.o(x$fpl$fsub)
    x$fpl$printf1                            0x08005012   Section        4  printf1.o(x$fpl$printf1)
    x$fpl$retnan                             0x08005016   Section      100  retnan.o(x$fpl$retnan)
    x$fpl$scalbn                             0x0800507a   Section       92  scalbn.o(x$fpl$scalbn)
    x$fpl$trapveneer                         0x080050d6   Section       48  trapv.o(x$fpl$trapveneer)
    .constdata                               0x08005106   Section        9  gsm.o(.constdata)
    x$fpl$usenofp                            0x08005106   Section        0  usenofp.o(x$fpl$usenofp)
    .constdata                               0x08005110   Section      136  pow.o(.constdata)
    bp                                       0x08005110   Data          16  pow.o(.constdata)
    dp_h                                     0x08005120   Data          16  pow.o(.constdata)
    dp_l                                     0x08005130   Data          16  pow.o(.constdata)
    L                                        0x08005140   Data          48  pow.o(.constdata)
    P                                        0x08005170   Data          40  pow.o(.constdata)
    .constdata                               0x08005198   Section        8  _printf_wctomb.o(.constdata)
    initial_mbstate                          0x08005198   Data           8  _printf_wctomb.o(.constdata)
    .constdata                               0x080051a0   Section       40  _printf_hex_int_ll_ptr.o(.constdata)
    uc_hextab                                0x080051a0   Data          20  _printf_hex_int_ll_ptr.o(.constdata)
    lc_hextab                                0x080051b4   Data          20  _printf_hex_int_ll_ptr.o(.constdata)
    .constdata                               0x080051c8   Section       17  __printf_flags_ss_wp.o(.constdata)
    maptable                                 0x080051c8   Data          17  __printf_flags_ss_wp.o(.constdata)
    .constdata                               0x080051e0   Section        8  qnan.o(.constdata)
    .constdata                               0x080051e8   Section      148  bigflt0.o(.constdata)
    tenpwrs_x                                0x080051e8   Data          60  bigflt0.o(.constdata)
    tenpwrs_i                                0x08005224   Data          64  bigflt0.o(.constdata)
    locale$$data                             0x0800529c   Section       28  lc_numeric_c.o(locale$$data)
    __lcnum_c_name                           0x080052a0   Data           2  lc_numeric_c.o(locale$$data)
    __lcnum_c_start                          0x080052a8   Data           0  lc_numeric_c.o(locale$$data)
    __lcnum_c_point                          0x080052b4   Data           0  lc_numeric_c.o(locale$$data)
    __lcnum_c_thousands                      0x080052b6   Data           0  lc_numeric_c.o(locale$$data)
    __lcnum_c_grouping                       0x080052b7   Data           0  lc_numeric_c.o(locale$$data)
    locale$$data                             0x080052b8   Section      272  lc_ctype_c.o(locale$$data)
    __lcnum_c_end                            0x080052b8   Data           0  lc_numeric_c.o(locale$$data)
    __lcctype_c_name                         0x080052bc   Data           2  lc_ctype_c.o(locale$$data)
    __lcctype_c_start                        0x080052c4   Data           0  lc_ctype_c.o(locale$$data)
    __lcctype_c_end                          0x080053c8   Data           0  lc_ctype_c.o(locale$$data)
    .data                                    0x20000000   Section        4  delay.o(.data)
    fac_us                                   0x20000000   Data           1  delay.o(.data)
    fac_ms                                   0x20000002   Data           2  delay.o(.data)
    .data                                    0x20000004   Section        6  usart.o(.data)
    .data                                    0x2000000a   Section        2  key.o(.data)
    KeyCount                                 0x2000000a   Data           2  key.o(.data)
    .data                                    0x2000000c   Section        2  usart2.o(.data)
    .data                                    0x20000010   Section       24  gps.o(.data)
    .data                                    0x20000028   Section       16  mpu6050.o(.data)
    .data                                    0x20000038   Section        7  usart3.o(.data)
    Com3RecCount                             0x2000003d   Data           1  usart3.o(.data)
    Com3CheckSum                             0x2000003e   Data           1  usart3.o(.data)
    .data                                    0x20000040   Section       14  falldown.o(.data)
    .bss                                     0x20000050   Section      200  usart.o(.bss)
    .bss                                     0x20000118   Section      400  usart2.o(.bss)
    .bss                                     0x200002a8   Section       64  gsm.o(.bss)
    .bss                                     0x200002e8   Section       12  mpu6050.o(.bss)
    .bss                                     0x200002f4   Section       80  falldown.o(.bss)
    .bss                                     0x20000344   Section       96  libspace.o(.bss)
    HEAP                                     0x200003a8   Section      512  startup_stm32f10x_hd.o(HEAP)
    Heap_Mem                                 0x200003a8   Data         512  startup_stm32f10x_hd.o(HEAP)
    STACK                                    0x200005a8   Section     1024  startup_stm32f10x_hd.o(STACK)
    Stack_Mem                                0x200005a8   Data        1024  startup_stm32f10x_hd.o(STACK)
    __initial_sp                             0x200009a8   Data           0  startup_stm32f10x_hd.o(STACK)

    Global Symbols

    Symbol Name                              Value     Ov Type        Size  Object(Section)

    BuildAttributes$$THM_ISAv4$P$D$K$B$S$PE$A:L22UL41UL21$X:L11$S22US41US21$IEEE1$IW$USESV6$~STKCKD$USESV7$~SHL$OTIME$ROPI$IEEEX$EBA8$UX$STANDARDLIB$REQ8$PRES8$EABIv2 0x00000000   Number         0  anon$$obj.o ABSOLUTE
    __ARM_use_no_argv                        0x00000000   Number         0  main.o ABSOLUTE
    _printf_flags                            0x00000000   Number         0  printf_stubs.o ABSOLUTE
    _printf_return_value                     0x00000000   Number         0  printf_stubs.o ABSOLUTE
    _printf_sizespec                         0x00000000   Number         0  printf_stubs.o ABSOLUTE
    _printf_widthprec                        0x00000000   Number         0  printf_stubs.o ABSOLUTE
    __ARM_exceptions_init                     - Undefined Weak Reference
    __alloca_initialize                       - Undefined Weak Reference
    __cpp_initialize__aeabi_                  - Undefined Weak Reference
    __cxa_finalize                            - Undefined Weak Reference
    __sigvec_lookup                           - Undefined Weak Reference
    _atexit_init                              - Undefined Weak Reference
    _call_atexit_fns                          - Undefined Weak Reference
    _clock_init                               - Undefined Weak Reference
    _fp_trap_init                             - Undefined Weak Reference
    _fp_trap_shutdown                         - Undefined Weak Reference
    _get_lc_collate                           - Undefined Weak Reference
    _get_lc_monetary                          - Undefined Weak Reference
    _get_lc_time                              - Undefined Weak Reference
    _getenv_init                              - Undefined Weak Reference
    _handle_redirection                       - Undefined Weak Reference
    _init_alloc                               - Undefined Weak Reference
    _init_user_alloc                          - Undefined Weak Reference
    _initio                                   - Undefined Weak Reference
    _printf_fp_hex                            - Undefined Weak Reference
    _printf_mbtowc                            - Undefined Weak Reference
    _printf_wc                                - Undefined Weak Reference
    _rand_init                                - Undefined Weak Reference
    _signal_finish                            - Undefined Weak Reference
    _signal_init                              - Undefined Weak Reference
    _terminate_alloc                          - Undefined Weak Reference
    _terminate_user_alloc                     - Undefined Weak Reference
    _terminateio                              - Undefined Weak Reference
    __Vectors_Size                           0x00000130   Number         0  startup_stm32f10x_hd.o ABSOLUTE
    __Vectors                                0x08000000   Data           4  startup_stm32f10x_hd.o(RESET)
    __Vectors_End                            0x08000130   Data           0  startup_stm32f10x_hd.o(RESET)
    __main                                   0x08000131   Thumb Code     8  __main.o(!!!main)
    __scatterload                            0x08000139   Thumb Code     0  __scatter.o(!!!scatter)
    __scatterload_rt2                        0x08000139   Thumb Code    44  __scatter.o(!!!scatter)
    __scatterload_rt2_thumb_only             0x08000139   Thumb Code     0  __scatter.o(!!!scatter)
    __scatterload_null                       0x08000147   Thumb Code     0  __scatter.o(!!!scatter)
    __scatterload_copy                       0x0800016d   Thumb Code    26  __scatter_copy.o(!!handler_copy)
    __scatterload_zeroinit                   0x08000189   Thumb Code    28  __scatter_zi.o(!!handler_zi)
    _printf_n                                0x080001a5   Thumb Code     0  _printf_n.o(.ARM.Collect$$_printf_percent$$00000001)
    _printf_percent                          0x080001a5   Thumb Code     0  _printf_percent.o(.ARM.Collect$$_printf_percent$$00000000)
    _printf_p                                0x080001ab   Thumb Code     0  _printf_p.o(.ARM.Collect$$_printf_percent$$00000002)
    _printf_f                                0x080001b1   Thumb Code     0  _printf_f.o(.ARM.Collect$$_printf_percent$$00000003)
    _printf_e                                0x080001b7   Thumb Code     0  _printf_e.o(.ARM.Collect$$_printf_percent$$00000004)
    _printf_g                                0x080001bd   Thumb Code     0  _printf_g.o(.ARM.Collect$$_printf_percent$$00000005)
    _printf_a                                0x080001c3   Thumb Code     0  _printf_a.o(.ARM.Collect$$_printf_percent$$00000006)
    _printf_ll                               0x080001c9   Thumb Code     0  _printf_ll.o(.ARM.Collect$$_printf_percent$$00000007)
    _printf_i                                0x080001d3   Thumb Code     0  _printf_i.o(.ARM.Collect$$_printf_percent$$00000008)
    _printf_d                                0x080001d9   Thumb Code     0  _printf_d.o(.ARM.Collect$$_printf_percent$$00000009)
    _printf_u                                0x080001df   Thumb Code     0  _printf_u.o(.ARM.Collect$$_printf_percent$$0000000A)
    _printf_o                                0x080001e5   Thumb Code     0  _printf_o.o(.ARM.Collect$$_printf_percent$$0000000B)
    _printf_x                                0x080001eb   Thumb Code     0  _printf_x.o(.ARM.Collect$$_printf_percent$$0000000C)
    _printf_lli                              0x080001f1   Thumb Code     0  _printf_lli.o(.ARM.Collect$$_printf_percent$$0000000D)
    _printf_lld                              0x080001f7   Thumb Code     0  _printf_lld.o(.ARM.Collect$$_printf_percent$$0000000E)
    _printf_llu                              0x080001fd   Thumb Code     0  _printf_llu.o(.ARM.Collect$$_printf_percent$$0000000F)
    _printf_llo                              0x08000203   Thumb Code     0  _printf_llo.o(.ARM.Collect$$_printf_percent$$00000010)
    _printf_llx                              0x08000209   Thumb Code     0  _printf_llx.o(.ARM.Collect$$_printf_percent$$00000011)
    _printf_l                                0x0800020f   Thumb Code     0  _printf_l.o(.ARM.Collect$$_printf_percent$$00000012)
    _printf_c                                0x08000219   Thumb Code     0  _printf_c.o(.ARM.Collect$$_printf_percent$$00000013)
    _printf_s                                0x0800021f   Thumb Code     0  _printf_s.o(.ARM.Collect$$_printf_percent$$00000014)
    _printf_lc                               0x08000225   Thumb Code     0  _printf_lc.o(.ARM.Collect$$_printf_percent$$00000015)
    _printf_ls                               0x0800022b   Thumb Code     0  _printf_ls.o(.ARM.Collect$$_printf_percent$$00000016)
    _printf_percent_end                      0x08000231   Thumb Code     0  _printf_percent_end.o(.ARM.Collect$$_printf_percent$$00000017)
    __rt_lib_init                            0x08000235   Thumb Code     0  libinit.o(.ARM.Collect$$libinit$$00000000)
    __rt_lib_init_fp_1                       0x08000237   Thumb Code     0  libinit2.o(.ARM.Collect$$libinit$$00000002)
    __rt_lib_init_heap_1                     0x08000237   Thumb Code     0  libinit2.o(.ARM.Collect$$libinit$$00000008)
    __rt_lib_init_lc_common                  0x08000237   Thumb Code     0  libinit2.o(.ARM.Collect$$libinit$$0000000D)
    __rt_lib_init_rand_1                     0x08000237   Thumb Code     0  libinit2.o(.ARM.Collect$$libinit$$0000000C)
    __rt_lib_init_user_alloc_1               0x08000237   Thumb Code     0  libinit2.o(.ARM.Collect$$libinit$$0000000A)
    __rt_lib_init_lc_collate_1               0x0800023d   Thumb Code     0  libinit2.o(.ARM.Collect$$libinit$$0000000F)
    __rt_lib_init_lc_ctype_2                 0x0800023d   Thumb Code     0  libinit2.o(.ARM.Collect$$libinit$$00000010)
    __rt_lib_init_lc_ctype_1                 0x08000249   Thumb Code     0  libinit2.o(.ARM.Collect$$libinit$$00000011)
    __rt_lib_init_lc_monetary_1              0x08000249   Thumb Code     0  libinit2.o(.ARM.Collect$$libinit$$00000013)
    __rt_lib_init_lc_numeric_2               0x08000249   Thumb Code     0  libinit2.o(.ARM.Collect$$libinit$$00000014)
    __rt_lib_init_alloca_1                   0x08000253   Thumb Code     0  libinit2.o(.ARM.Collect$$libinit$$0000002C)
    __rt_lib_init_argv_1                     0x08000253   Thumb Code     0  libinit2.o(.ARM.Collect$$libinit$$0000002A)
    __rt_lib_init_atexit_1                   0x08000253   Thumb Code     0  libinit2.o(.ARM.Collect$$libinit$$00000019)
    __rt_lib_init_clock_1                    0x08000253   Thumb Code     0  libinit2.o(.ARM.Collect$$libinit$$0000001F)
    __rt_lib_init_cpp_1                      0x08000253   Thumb Code     0  libinit2.o(.ARM.Collect$$libinit$$00000030)
    __rt_lib_init_exceptions_1               0x08000253   Thumb Code     0  libinit2.o(.ARM.Collect$$libinit$$0000002E)
    __rt_lib_init_fp_trap_1                  0x08000253   Thumb Code     0  libinit2.o(.ARM.Collect$$libinit$$0000001D)
    __rt_lib_init_getenv_1                   0x08000253   Thumb Code     0  libinit2.o(.ARM.Collect$$libinit$$00000021)
    __rt_lib_init_lc_numeric_1               0x08000253   Thumb Code     0  libinit2.o(.ARM.Collect$$libinit$$00000015)
    __rt_lib_init_lc_time_1                  0x08000253   Thumb Code     0  libinit2.o(.ARM.Collect$$libinit$$00000017)
    __rt_lib_init_return                     0x08000253   Thumb Code     0  libinit2.o(.ARM.Collect$$libinit$$00000031)
    __rt_lib_init_signal_1                   0x08000253   Thumb Code     0  libinit2.o(.ARM.Collect$$libinit$$0000001B)
    __rt_lib_init_stdio_1                    0x08000253   Thumb Code     0  libinit2.o(.ARM.Collect$$libinit$$00000023)
    __rt_lib_shutdown                        0x08000255   Thumb Code     0  libshutdown.o(.ARM.Collect$$libshutdown$$00000000)
    __rt_lib_shutdown_fp_trap_1              0x08000257   Thumb Code     0  libshutdown2.o(.ARM.Collect$$libshutdown$$00000006)
    __rt_lib_shutdown_heap_1                 0x08000257   Thumb Code     0  libshutdown2.o(.ARM.Collect$$libshutdown$$0000000E)
    __rt_lib_shutdown_return                 0x08000257   Thumb Code     0  libshutdown2.o(.ARM.Collect$$libshutdown$$0000000F)
    __rt_lib_shutdown_signal_1               0x08000257   Thumb Code     0  libshutdown2.o(.ARM.Collect$$libshutdown$$00000009)
    __rt_lib_shutdown_stdio_1                0x08000257   Thumb Code     0  libshutdown2.o(.ARM.Collect$$libshutdown$$00000003)
    __rt_lib_shutdown_user_alloc_1           0x08000257   Thumb Code     0  libshutdown2.o(.ARM.Collect$$libshutdown$$0000000B)
    __rt_entry                               0x08000259   Thumb Code     0  rtentry.o(.ARM.Collect$$rtentry$$00000000)
    __rt_entry_presh_1                       0x08000259   Thumb Code     0  rtentry2.o(.ARM.Collect$$rtentry$$00000002)
    __rt_entry_sh                            0x08000259   Thumb Code     0  rtentry4.o(.ARM.Collect$$rtentry$$00000004)
    __rt_entry_li                            0x0800025f   Thumb Code     0  rtentry2.o(.ARM.Collect$$rtentry$$0000000A)
    __rt_entry_postsh_1                      0x0800025f   Thumb Code     0  rtentry2.o(.ARM.Collect$$rtentry$$00000009)
    __rt_entry_main                          0x08000263   Thumb Code     0  rtentry2.o(.ARM.Collect$$rtentry$$0000000D)
    __rt_entry_postli_1                      0x08000263   Thumb Code     0  rtentry2.o(.ARM.Collect$$rtentry$$0000000C)
    __rt_exit                                0x0800026b   Thumb Code     0  rtexit.o(.ARM.Collect$$rtexit$$00000000)
    __rt_exit_ls                             0x0800026d   Thumb Code     0  rtexit2.o(.ARM.Collect$$rtexit$$00000003)
    __rt_exit_prels_1                        0x0800026d   Thumb Code     0  rtexit2.o(.ARM.Collect$$rtexit$$00000002)
    __rt_exit_exit                           0x08000271   Thumb Code     0  rtexit2.o(.ARM.Collect$$rtexit$$00000004)
    WFI_SET                                  0x08000279   Thumb Code     2  sys.o(.emb_text)
    INTX_DISABLE                             0x0800027b   Thumb Code     2  sys.o(.emb_text)
    INTX_ENABLE                              0x0800027d   Thumb Code     2  sys.o(.emb_text)
    MSR_MSP                                  0x0800027f   Thumb Code     6  sys.o(.emb_text)
    Reset_Handler                            0x08000285   Thumb Code     4  startup_stm32f10x_hd.o(.text)
    NMI_Handler                              0x08000289   Thumb Code     2  startup_stm32f10x_hd.o(.text)
    HardFault_Handler                        0x0800028b   Thumb Code     2  startup_stm32f10x_hd.o(.text)
    MemManage_Handler                        0x0800028d   Thumb Code     2  startup_stm32f10x_hd.o(.text)
    BusFault_Handler                         0x0800028f   Thumb Code     2  startup_stm32f10x_hd.o(.text)
    UsageFault_Handler                       0x08000291   Thumb Code     2  startup_stm32f10x_hd.o(.text)
    SVC_Handler                              0x08000293   Thumb Code     2  startup_stm32f10x_hd.o(.text)
    DebugMon_Handler                         0x08000295   Thumb Code     2  startup_stm32f10x_hd.o(.text)
    PendSV_Handler                           0x08000297   Thumb Code     2  startup_stm32f10x_hd.o(.text)
    SysTick_Handler                          0x08000299   Thumb Code     2  startup_stm32f10x_hd.o(.text)
    ADC1_2_IRQHandler                        0x0800029b   Thumb Code     0  startup_stm32f10x_hd.o(.text)
    ADC3_IRQHandler                          0x0800029b   Thumb Code     0  startup_stm32f10x_hd.o(.text)
    CAN1_RX1_IRQHandler                      0x0800029b   Thumb Code     0  startup_stm32f10x_hd.o(.text)
    CAN1_SCE_IRQHandler                      0x0800029b   Thumb Code     0  startup_stm32f10x_hd.o(.text)
    DMA1_Channel1_IRQHandler                 0x0800029b   Thumb Code     0  startup_stm32f10x_hd.o(.text)
    DMA1_Channel2_IRQHandler                 0x0800029b   Thumb Code     0  startup_stm32f10x_hd.o(.text)
    DMA1_Channel3_IRQHandler                 0x0800029b   Thumb Code     0  startup_stm32f10x_hd.o(.text)
    DMA1_Channel4_IRQHandler                 0x0800029b   Thumb Code     0  startup_stm32f10x_hd.o(.text)
    DMA1_Channel5_IRQHandler                 0x0800029b   Thumb Code     0  startup_stm32f10x_hd.o(.text)
    DMA1_Channel6_IRQHandler                 0x0800029b   Thumb Code     0  startup_stm32f10x_hd.o(.text)
    DMA1_Channel7_IRQHandler                 0x0800029b   Thumb Code     0  startup_stm32f10x_hd.o(.text)
    DMA2_Channel1_IRQHandler                 0x0800029b   Thumb Code     0  startup_stm32f10x_hd.o(.text)
    DMA2_Channel2_IRQHandler                 0x0800029b   Thumb Code     0  startup_stm32f10x_hd.o(.text)
    DMA2_Channel3_IRQHandler                 0x0800029b   Thumb Code     0  startup_stm32f10x_hd.o(.text)
    DMA2_Channel4_5_IRQHandler               0x0800029b   Thumb Code     0  startup_stm32f10x_hd.o(.text)
    EXTI0_IRQHandler                         0x0800029b   Thumb Code     0  startup_stm32f10x_hd.o(.text)
    EXTI15_10_IRQHandler                     0x0800029b   Thumb Code     0  startup_stm32f10x_hd.o(.text)
    EXTI1_IRQHandler                         0x0800029b   Thumb Code     0  startup_stm32f10x_hd.o(.text)
    EXTI2_IRQHandler                         0x0800029b   Thumb Code     0  startup_stm32f10x_hd.o(.text)
    EXTI3_IRQHandler                         0x0800029b   Thumb Code     0  startup_stm32f10x_hd.o(.text)
    EXTI4_IRQHandler                         0x0800029b   Thumb Code     0  startup_stm32f10x_hd.o(.text)
    EXTI9_5_IRQHandler                       0x0800029b   Thumb Code     0  startup_stm32f10x_hd.o(.text)
    FLASH_IRQHandler                         0x0800029b   Thumb Code     0  startup_stm32f10x_hd.o(.text)
    FSMC_IRQHandler                          0x0800029b   Thumb Code     0  startup_stm32f10x_hd.o(.text)
    I2C1_ER_IRQHandler                       0x0800029b   Thumb Code     0  startup_stm32f10x_hd.o(.text)
    I2C1_EV_IRQHandler                       0x0800029b   Thumb Code     0  startup_stm32f10x_hd.o(.text)
    I2C2_ER_IRQHandler                       0x0800029b   Thumb Code     0  startup_stm32f10x_hd.o(.text)
    I2C2_EV_IRQHandler                       0x0800029b   Thumb Code     0  startup_stm32f10x_hd.o(.text)
    PVD_IRQHandler                           0x0800029b   Thumb Code     0  startup_stm32f10x_hd.o(.text)
    RCC_IRQHandler                           0x0800029b   Thumb Code     0  startup_stm32f10x_hd.o(.text)
    RTCAlarm_IRQHandler                      0x0800029b   Thumb Code     0  startup_stm32f10x_hd.o(.text)
    RTC_IRQHandler                           0x0800029b   Thumb Code     0  startup_stm32f10x_hd.o(.text)
    SDIO_IRQHandler                          0x0800029b   Thumb Code     0  startup_stm32f10x_hd.o(.text)
    SPI1_IRQHandler                          0x0800029b   Thumb Code     0  startup_stm32f10x_hd.o(.text)
    SPI2_IRQHandler                          0x0800029b   Thumb Code     0  startup_stm32f10x_hd.o(.text)
    SPI3_IRQHandler                          0x0800029b   Thumb Code     0  startup_stm32f10x_hd.o(.text)
    TAMPER_IRQHandler                        0x0800029b   Thumb Code     0  startup_stm32f10x_hd.o(.text)
    TIM1_BRK_IRQHandler                      0x0800029b   Thumb Code     0  startup_stm32f10x_hd.o(.text)
    TIM1_CC_IRQHandler                       0x0800029b   Thumb Code     0  startup_stm32f10x_hd.o(.text)
    TIM1_TRG_COM_IRQHandler                  0x0800029b   Thumb Code     0  startup_stm32f10x_hd.o(.text)
    TIM1_UP_IRQHandler                       0x0800029b   Thumb Code     0  startup_stm32f10x_hd.o(.text)
    TIM2_IRQHandler                          0x0800029b   Thumb Code     0  startup_stm32f10x_hd.o(.text)
    TIM3_IRQHandler                          0x0800029b   Thumb Code     0  startup_stm32f10x_hd.o(.text)
    TIM5_IRQHandler                          0x0800029b   Thumb Code     0  startup_stm32f10x_hd.o(.text)
    TIM6_IRQHandler                          0x0800029b   Thumb Code     0  startup_stm32f10x_hd.o(.text)
    TIM7_IRQHandler                          0x0800029b   Thumb Code     0  startup_stm32f10x_hd.o(.text)
    TIM8_BRK_IRQHandler                      0x0800029b   Thumb Code     0  startup_stm32f10x_hd.o(.text)
    TIM8_CC_IRQHandler                       0x0800029b   Thumb Code     0  startup_stm32f10x_hd.o(.text)
    TIM8_TRG_COM_IRQHandler                  0x0800029b   Thumb Code     0  startup_stm32f10x_hd.o(.text)
    TIM8_UP_IRQHandler                       0x0800029b   Thumb Code     0  startup_stm32f10x_hd.o(.text)
    UART4_IRQHandler                         0x0800029b   Thumb Code     0  startup_stm32f10x_hd.o(.text)
    UART5_IRQHandler                         0x0800029b   Thumb Code     0  startup_stm32f10x_hd.o(.text)
    USBWakeUp_IRQHandler                     0x0800029b   Thumb Code     0  startup_stm32f10x_hd.o(.text)
    USB_HP_CAN1_TX_IRQHandler                0x0800029b   Thumb Code     0  startup_stm32f10x_hd.o(.text)
    USB_LP_CAN1_RX0_IRQHandler               0x0800029b   Thumb Code     0  startup_stm32f10x_hd.o(.text)
    WWDG_IRQHandler                          0x0800029b   Thumb Code     0  startup_stm32f10x_hd.o(.text)
    __user_initial_stackheap                 0x0800029d   Thumb Code     0  startup_stm32f10x_hd.o(.text)
    delay_init                               0x080002bd   Thumb Code    56  delay.o(.text)
    delay_us                                 0x080002f5   Thumb Code    56  delay.o(.text)
    delay_ms                                 0x0800032d   Thumb Code    56  delay.o(.text)
    MY_NVIC_SetVectorTable                   0x0800036d   Thumb Code    12  sys.o(.text)
    MY_NVIC_PriorityGroupConfig              0x08000379   Thumb Code    36  sys.o(.text)
    MY_NVIC_Init                             0x0800039d   Thumb Code   116  sys.o(.text)
    Ex_NVIC_Config                           0x08000411   Thumb Code   146  sys.o(.text)
    MYRCC_DeInit                             0x080004a3   Thumb Code    90  sys.o(.text)
    Sys_Standby                              0x080004fd   Thumb Code    68  sys.o(.text)
    Sys_Soft_Reset                           0x08000541   Thumb Code    12  sys.o(.text)
    JTAG_Set                                 0x0800054d   Thumb Code    42  sys.o(.text)
    Stm32_Clock_Init                         0x08000577   Thumb Code   134  sys.o(.text)
    _sys_exit                                0x08000629   Thumb Code     6  usart.o(.text)
    fputc                                    0x0800062f   Thumb Code    24  usart.o(.text)
    USART1_IRQHandler                        0x08000647   Thumb Code   118  usart.o(.text)
    uart_init                                0x080006bd   Thumb Code   214  usart.o(.text)
    SendArray                                0x080007ad   Thumb Code    68  main.o(.text)
    initialize                               0x080007f1   Thumb Code   190  main.o(.text)
    main                                     0x080008af   Thumb Code   150  main.o(.text)
    Key_Init                                 0x0800098d   Thumb Code    52  key.o(.text)
    Key_Scan                                 0x080009c1   Thumb Code    86  key.o(.text)
    LED_Init                                 0x08000a29   Thumb Code    52  led.o(.text)
    TIM4_Set                                 0x08000a65   Thumb Code    44  usart2.o(.text)
    USART2_IRQHandler                        0x08000a91   Thumb Code    78  usart2.o(.text)
    TIM4_Init                                0x08000adf   Thumb Code    74  usart2.o(.text)
    UART_DMA_Config                          0x08000b29   Thumb Code    80  usart2.o(.text)
    USART2_Init                              0x08000b79   Thumb Code   182  usart2.o(.text)
    UART_DMA_Enable                          0x08000c2f   Thumb Code    20  usart2.o(.text)
    u2_printf                                0x08000c43   Thumb Code    56  usart2.o(.text)
    TIM4_IRQHandler                          0x08000c7b   Thumb Code    50  usart2.o(.text)
    GSMReady                                 0x08000cd1   Thumb Code    52  gsm.o(.text)
    ChangeNumber                             0x08000d05   Thumb Code    42  gsm.o(.text)
    SendGSMCommand                           0x08000d2f   Thumb Code    38  gsm.o(.text)
    MakeLocationMessage                      0x08000d55   Thumb Code   304  gsm.o(.text)
    SendLocationMessage                      0x08000e85   Thumb Code   150  gsm.o(.text)
    SendFallDownMessage                      0x08000f1b   Thumb Code   144  gsm.o(.text)
    SendAlarmMessage                         0x08000fab   Thumb Code   144  gsm.o(.text)
    getgps                                   0x08001139   Thumb Code   456  gps.o(.text)
    ChangeCoord                              0x08001301   Thumb Code   154  gps.o(.text)
    GetData                                  0x080013c9   Thumb Code   110  mpu6050.o(.text)
    initmpu6050                              0x08001437   Thumb Code    34  mpu6050.o(.text)
    ReadAll                                  0x08001459   Thumb Code   400  mpu6050.o(.text)
    IICdelay                                 0x080015f1   Thumb Code    16  stmiic.o(.text)
    IICinit                                  0x08001601   Thumb Code   114  stmiic.o(.text)
    IICstart                                 0x08001673   Thumb Code    62  stmiic.o(.text)
    IICstop                                  0x080016b1   Thumb Code    62  stmiic.o(.text)
    SlaRes                                   0x080016ef   Thumb Code    76  stmiic.o(.text)
    MasRes                                   0x0800173b   Thumb Code    60  stmiic.o(.text)
    NoRes                                    0x08001777   Thumb Code    60  stmiic.o(.text)
    IICwrite                                 0x080017b3   Thumb Code    98  stmiic.o(.text)
    IICread                                  0x08001815   Thumb Code    86  stmiic.o(.text)
    IICWriteOneByte                          0x0800186b   Thumb Code    48  stmiic.o(.text)
    IICReadOneByte                           0x0800189b   Thumb Code    64  stmiic.o(.text)
    USART3_Init                              0x080018ed   Thumb Code   212  usart3.o(.text)
    USART3_IRQHandler                        0x080019c1   Thumb Code   192  usart3.o(.text)
    MaybeFallDown                            0x08001aa1   Thumb Code   478  falldown.o(.text)
    FallDown                                 0x08001c7f   Thumb Code    80  falldown.o(.text)
    Buzzer_Init                              0x08001cfd   Thumb Code    52  buzzer.o(.text)
    IO_Init                                  0x08001d39   Thumb Code    90  io.o(.text)
    __use_no_semihosting                     0x08001d9d   Thumb Code     2  use_no_semi_2.o(.text)
    __c89vsprintf                            0x08001da1   Thumb Code    32  c89vsprintf.o(.text)
    strlen                                   0x08001dc5   Thumb Code    62  strlen.o(.text)
    __aeabi_memclr4                          0x08001e03   Thumb Code     0  rt_memclr_w.o(.text)
    __aeabi_memclr8                          0x08001e03   Thumb Code     0  rt_memclr_w.o(.text)
    __rt_memclr_w                            0x08001e03   Thumb Code    78  rt_memclr_w.o(.text)
    _memset_w                                0x08001e07   Thumb Code     0  rt_memclr_w.o(.text)
    __use_two_region_memory                  0x08001e51   Thumb Code     2  heapauxi.o(.text)
    __rt_heap_escrow$2region                 0x08001e53   Thumb Code     2  heapauxi.o(.text)
    __rt_heap_expand$2region                 0x08001e55   Thumb Code     2  heapauxi.o(.text)
    __I$use$semihosting                      0x08001e57   Thumb Code     0  use_no_semi.o(.text)
    __use_no_semihosting_swi                 0x08001e57   Thumb Code     2  use_no_semi.o(.text)
    __read_errno                             0x08001e59   Thumb Code    10  _rserrno.o(.text)
    __set_errno                              0x08001e63   Thumb Code    12  _rserrno.o(.text)
    _printf_pre_padding                      0x08001e6f   Thumb Code    44  _printf_pad.o(.text)
    _printf_post_padding                     0x08001e9b   Thumb Code    34  _printf_pad.o(.text)
    _printf_truncate_signed                  0x08001ebd   Thumb Code    18  _printf_truncate.o(.text)
    _printf_truncate_unsigned                0x08001ecf   Thumb Code    18  _printf_truncate.o(.text)
    _printf_str                              0x08001ee1   Thumb Code    82  _printf_str.o(.text)
    _printf_int_dec                          0x08001f35   Thumb Code   100  _printf_dec.o(.text)
    _printf_charcount                        0x08001fa9   Thumb Code    40  _printf_charcount.o(.text)
    _printf_char_common                      0x08001fdb   Thumb Code    32  _printf_char_common.o(.text)
    _sputc                                   0x08002001   Thumb Code    10  _sputc.o(.text)
    _printf_wctomb                           0x0800200d   Thumb Code   182  _printf_wctomb.o(.text)
    _printf_longlong_dec                     0x080020c9   Thumb Code   104  _printf_longlong_dec.o(.text)
    _printf_longlong_oct                     0x08002141   Thumb Code    68  _printf_oct_int_ll.o(.text)
    _printf_int_oct                          0x08002185   Thumb Code    24  _printf_oct_int_ll.o(.text)
    _printf_ll_oct                           0x0800219d   Thumb Code    12  _printf_oct_int_ll.o(.text)
    _printf_longlong_hex                     0x080021b1   Thumb Code    86  _printf_hex_int_ll_ptr.o(.text)
    _printf_int_hex                          0x08002207   Thumb Code    28  _printf_hex_int_ll_ptr.o(.text)
    _printf_ll_hex                           0x08002223   Thumb Code    12  _printf_hex_int_ll_ptr.o(.text)
    _printf_hex_ptr                          0x0800222f   Thumb Code    18  _printf_hex_int_ll_ptr.o(.text)
    __printf                                 0x08002245   Thumb Code   388  __printf_flags_ss_wp.o(.text)
    __aeabi_errno_addr                       0x080023cd   Thumb Code     8  rt_errno_addr_intlibspace.o(.text)
    __errno$intlibspace                      0x080023cd   Thumb Code     0  rt_errno_addr_intlibspace.o(.text)
    __rt_errno_addr$intlibspace              0x080023cd   Thumb Code     0  rt_errno_addr_intlibspace.o(.text)
    _ll_udiv10                               0x080023d5   Thumb Code   138  lludiv10.o(.text)
    _printf_int_common                       0x0800245f   Thumb Code   178  _printf_intcommon.o(.text)
    __lib_sel_fp_printf                      0x08002511   Thumb Code     2  _printf_fp_dec.o(.text)
    _printf_fp_dec_real                      0x080026bf   Thumb Code   616  _printf_fp_dec.o(.text)
    _printf_cs_common                        0x08002927   Thumb Code    20  _printf_char.o(.text)
    _printf_char                             0x0800293b   Thumb Code    16  _printf_char.o(.text)
    _printf_string                           0x0800294b   Thumb Code     8  _printf_char.o(.text)
    _printf_lcs_common                       0x08002953   Thumb Code    20  _printf_wchar.o(.text)
    _printf_wchar                            0x08002967   Thumb Code    16  _printf_wchar.o(.text)
    _printf_wstring                          0x08002977   Thumb Code     8  _printf_wchar.o(.text)
    _wcrtomb                                 0x0800297f   Thumb Code    64  _wcrtomb.o(.text)
    __user_libspace                          0x080029c1   Thumb Code     8  libspace.o(.text)
    __user_perproc_libspace                  0x080029c1   Thumb Code     0  libspace.o(.text)
    __user_perthread_libspace                0x080029c1   Thumb Code     0  libspace.o(.text)
    __user_setup_stackheap                   0x080029c9   Thumb Code    74  sys_stackheap_outer.o(.text)
    __rt_ctype_table                         0x08002a15   Thumb Code    16  rt_ctype_table.o(.text)
    __rt_locale                              0x08002a25   Thumb Code     8  rt_locale_intlibspace.o(.text)
    _printf_fp_infnan                        0x08002a2d   Thumb Code   112  _printf_fp_infnan.o(.text)
    _btod_etento                             0x08002aad   Thumb Code   212  bigflt0.o(.text)
    exit                                     0x08002b85   Thumb Code    12  exit.o(.text)
    strcmp                                   0x08002b91   Thumb Code   128  strcmpv7m.o(.text)
    _btod_d2e                                0x08002c11   Thumb Code    62  btod.o(CL$$btod_d2e)
    _d2e_denorm_low                          0x08002c4f   Thumb Code    70  btod.o(CL$$btod_d2e_denorm_low)
    _d2e_norm_op1                            0x08002c95   Thumb Code    96  btod.o(CL$$btod_d2e_norm_op1)
    __btod_div_common                        0x08002cf5   Thumb Code   696  btod.o(CL$$btod_div_common)
    _e2e                                     0x0800302d   Thumb Code   198  btod.o(CL$$btod_e2e)
    _btod_ediv                               0x080030f3   Thumb Code    40  btod.o(CL$$btod_ediv)
    _btod_emul                               0x0800311b   Thumb Code    40  btod.o(CL$$btod_emul)
    __btod_mult_common                       0x08003143   Thumb Code   580  btod.o(CL$$btod_mult_common)
    __ARM_fpclassify                         0x08003387   Thumb Code    40  fpclassify.o(i.__ARM_fpclassify)
    __kernel_poly                            0x080033af   Thumb Code   170  poly.o(i.__kernel_poly)
    __mathlib_dbl_underflow                  0x08003459   Thumb Code    10  dunder.o(i.__mathlib_dbl_underflow)
    _is_digit                                0x08003469   Thumb Code    14  __printf_wp.o(i._is_digit)
    pow                                      0x08003479   Thumb Code  2510  pow.o(i.pow)
    sqrt                                     0x08003e59   Thumb Code    76  sqrt.o(i.sqrt)
    _get_lc_numeric                          0x08003ea5   Thumb Code    44  lc_numeric_c.o(locale$$code)
    _get_lc_ctype                            0x08003ed1   Thumb Code    44  lc_ctype_c.o(locale$$code)
    __aeabi_dadd                             0x08003efd   Thumb Code     0  daddsub_clz.o(x$fpl$dadd)
    _dadd                                    0x08003efd   Thumb Code   332  daddsub_clz.o(x$fpl$dadd)
    __fpl_dcheck_NaN1                        0x0800404d   Thumb Code    10  dcheck1.o(x$fpl$dcheck1)
    __fpl_dcmp_Inf                           0x0800405d   Thumb Code    24  dcmpi.o(x$fpl$dcmpinf)
    __aeabi_ddiv                             0x08004075   Thumb Code     0  ddiv.o(x$fpl$ddiv)
    _ddiv                                    0x08004075   Thumb Code   552  ddiv.o(x$fpl$ddiv)
    __aeabi_d2iz                             0x08004325   Thumb Code     0  dfix.o(x$fpl$dfix)
    _dfix                                    0x08004325   Thumb Code    94  dfix.o(x$fpl$dfix)
    __aeabi_d2uiz                            0x08004385   Thumb Code     0  dfixu.o(x$fpl$dfixu)
    _dfixu                                   0x08004385   Thumb Code    90  dfixu.o(x$fpl$dfixu)
    __aeabi_i2d                              0x080043df   Thumb Code     0  dflt_clz.o(x$fpl$dflt)
    _dflt                                    0x080043df   Thumb Code    46  dflt_clz.o(x$fpl$dflt)
    __aeabi_ui2d                             0x0800440d   Thumb Code     0  dflt_clz.o(x$fpl$dfltu)
    _dfltu                                   0x0800440d   Thumb Code    38  dflt_clz.o(x$fpl$dfltu)
    __aeabi_cdcmple                          0x08004435   Thumb Code     0  dleqf.o(x$fpl$dleqf)
    _dcmple                                  0x08004435   Thumb Code   120  dleqf.o(x$fpl$dleqf)
    __fpl_dcmple_InfNaN                      0x08004497   Thumb Code     0  dleqf.o(x$fpl$dleqf)
    __aeabi_dmul                             0x080044ad   Thumb Code     0  dmul.o(x$fpl$dmul)
    _dmul                                    0x080044ad   Thumb Code   332  dmul.o(x$fpl$dmul)
    __fpl_dnaninf                            0x08004601   Thumb Code   156  dnaninf.o(x$fpl$dnaninf)
    __fpl_dretinf                            0x0800469d   Thumb Code    12  dretinf.o(x$fpl$dretinf)
    __aeabi_cdrcmple                         0x080046a9   Thumb Code     0  drleqf.o(x$fpl$drleqf)
    _drcmple                                 0x080046a9   Thumb Code   108  drleqf.o(x$fpl$drleqf)
    __aeabi_drsub                            0x08004715   Thumb Code     0  daddsub_clz.o(x$fpl$drsb)
    _drsb                                    0x08004715   Thumb Code    22  daddsub_clz.o(x$fpl$drsb)
    _dsqrt                                   0x0800472d   Thumb Code   456  dsqrt_noumaal.o(x$fpl$dsqrt)
    __aeabi_dsub                             0x080048f9   Thumb Code     0  daddsub_clz.o(x$fpl$dsub)
    _dsub                                    0x080048f9   Thumb Code   464  daddsub_clz.o(x$fpl$dsub)
    __aeabi_fadd                             0x08004acd   Thumb Code     0  faddsub_clz.o(x$fpl$fadd)
    _fadd                                    0x08004acd   Thumb Code   196  faddsub_clz.o(x$fpl$fadd)
    __aeabi_fdiv                             0x08004b91   Thumb Code     0  fdiv.o(x$fpl$fdiv)
    _fdiv                                    0x08004b91   Thumb Code   384  fdiv.o(x$fpl$fdiv)
    __aeabi_f2uiz                            0x08004d15   Thumb Code     0  ffixu.o(x$fpl$ffixu)
    _ffixu                                   0x08004d15   Thumb Code    62  ffixu.o(x$fpl$ffixu)
    __aeabi_ui2f                             0x08004d55   Thumb Code     0  fflt_clz.o(x$fpl$ffltu)
    _ffltu                                   0x08004d55   Thumb Code    38  fflt_clz.o(x$fpl$ffltu)
    __aeabi_fmul                             0x08004d7d   Thumb Code     0  fmul.o(x$fpl$fmul)
    _fmul                                    0x08004d7d   Thumb Code   258  fmul.o(x$fpl$fmul)
    __fpl_fnaninf                            0x08004e7f   Thumb Code   140  fnaninf.o(x$fpl$fnaninf)
    __fpl_fretinf                            0x08004f0b   Thumb Code    10  fretinf.o(x$fpl$fretinf)
    __aeabi_frsub                            0x08004f15   Thumb Code     0  faddsub_clz.o(x$fpl$frsb)
    _frsb                                    0x08004f15   Thumb Code    20  faddsub_clz.o(x$fpl$frsb)
    __aeabi_fsub                             0x08004f29   Thumb Code     0  faddsub_clz.o(x$fpl$fsub)
    _fsub                                    0x08004f29   Thumb Code   234  faddsub_clz.o(x$fpl$fsub)
    _printf_fp_dec                           0x08005013   Thumb Code     4  printf1.o(x$fpl$printf1)
    __fpl_return_NaN                         0x08005017   Thumb Code   100  retnan.o(x$fpl$retnan)
    __ARM_scalbn                             0x0800507b   Thumb Code    92  scalbn.o(x$fpl$scalbn)
    __fpl_cmpreturn                          0x080050d7   Thumb Code    48  trapv.o(x$fpl$trapveneer)
    SmsReady                                 0x08005106   Data           9  gsm.o(.constdata)
    __I$use$fp                               0x08005106   Number         0  usenofp.o(x$fpl$usenofp)
    __mathlib_zero                           0x080051e0   Data           8  qnan.o(.constdata)
    Region$$Table$$Base                      0x0800527c   Number         0  anon$$obj.o(Region$$Table)
    Region$$Table$$Limit                     0x0800529c   Number         0  anon$$obj.o(Region$$Table)
    __ctype                                  0x080052c5   Data           0  lc_ctype_c.o(locale$$data)
    __stdout                                 0x20000004   Data           4  usart.o(.data)
    USART_RX_STA                             0x20000008   Data           2  usart.o(.data)
    USART2_RX_STA                            0x2000000c   Data           2  usart2.o(.data)
    LongtitudeDirection                      0x20000010   Data           1  gps.o(.data)
    LatitudeDirection                        0x20000011   Data           1  gps.o(.data)
    longtitude                               0x20000018   Data           8  gps.o(.data)
    latitude                                 0x20000020   Data           8  gps.o(.data)
    mpudata                                  0x20000028   Data          16  mpu6050.o(.data)
    Com3RecArr                               0x20000038   Data           4  usart3.o(.data)
    Com3RecComplete                          0x2000003c   Data           1  usart3.o(.data)
    ArrPoint                                 0x20000040   Data           1  falldown.o(.data)
    FallDownMark                             0x20000041   Data           1  falldown.o(.data)
    a_old                                    0x20000042   Data           2  falldown.o(.data)
    a_new                                    0x20000044   Data           2  falldown.o(.data)
    g_old                                    0x20000046   Data           2  falldown.o(.data)
    g_new                                    0x20000048   Data           2  falldown.o(.data)
    FallCountOld                             0x2000004a   Data           2  falldown.o(.data)
    FallCountNow                             0x2000004c   Data           2  falldown.o(.data)
    USART_RX_BUF                             0x20000050   Data         200  usart.o(.bss)
    USART2_TX_BUF                            0x20000118   Data         200  usart2.o(.bss)
    USART2_RX_BUF                            0x200001e0   Data         200  usart2.o(.bss)
    ServiceCenterNumber                      0x200002a8   Data          15  gsm.o(.bss)
    AddresseeNumber                          0x200002b7   Data          15  gsm.o(.bss)
    LocationMessage                          0x200002c6   Data          34  gsm.o(.bss)
    agd                                      0x200002e8   Data          12  mpu6050.o(.bss)
    AccelArr                                 0x200002f4   Data          40  falldown.o(.bss)
    GyroArr                                  0x2000031c   Data          40  falldown.o(.bss)
    __libspace_start                         0x20000344   Data          96  libspace.o(.bss)
    __temporary_stack_top$libspace           0x200003a4   Data           0  libspace.o(.bss)



==============================================================================

Memory Map of the image

  Image Entry point : 0x08000131

  Load Region LR_IROM1 (Base: 0x08000000, Size: 0x00005418, Max: 0x00040000, ABSOLUTE)

    Execution Region ER_IROM1 (Base: 0x08000000, Size: 0x000053c8, Max: 0x00040000, ABSOLUTE)

    Base Addr    Size         Type   Attr      Idx    E Section Name        Object

    0x08000000   0x00000130   Data   RO            3    RESET               startup_stm32f10x_hd.o
    0x08000130   0x00000008   Code   RO          472  * !!!main             c_w.l(__main.o)
    0x08000138   0x00000034   Code   RO          881    !!!scatter          c_w.l(__scatter.o)
    0x0800016c   0x0000001a   Code   RO          883    !!handler_copy      c_w.l(__scatter_copy.o)
    0x08000186   0x00000002   PAD
    0x08000188   0x0000001c   Code   RO          885    !!handler_zi        c_w.l(__scatter_zi.o)
    0x080001a4   0x00000000   Code   RO          626    .ARM.Collect$$_printf_percent$$00000000  c_w.l(_printf_percent.o)
    0x080001a4   0x00000006   Code   RO          615    .ARM.Collect$$_printf_percent$$00000001  c_w.l(_printf_n.o)
    0x080001aa   0x00000006   Code   RO          617    .ARM.Collect$$_printf_percent$$00000002  c_w.l(_printf_p.o)
    0x080001b0   0x00000006   Code   RO          622    .ARM.Collect$$_printf_percent$$00000003  c_w.l(_printf_f.o)
    0x080001b6   0x00000006   Code   RO          623    .ARM.Collect$$_printf_percent$$00000004  c_w.l(_printf_e.o)
    0x080001bc   0x00000006   Code   RO          624    .ARM.Collect$$_printf_percent$$00000005  c_w.l(_printf_g.o)
    0x080001c2   0x00000006   Code   RO          625    .ARM.Collect$$_printf_percent$$00000006  c_w.l(_printf_a.o)
    0x080001c8   0x0000000a   Code   RO          630    .ARM.Collect$$_printf_percent$$00000007  c_w.l(_printf_ll.o)
    0x080001d2   0x00000006   Code   RO          619    .ARM.Collect$$_printf_percent$$00000008  c_w.l(_printf_i.o)
    0x080001d8   0x00000006   Code   RO          620    .ARM.Collect$$_printf_percent$$00000009  c_w.l(_printf_d.o)
    0x080001de   0x00000006   Code   RO          621    .ARM.Collect$$_printf_percent$$0000000A  c_w.l(_printf_u.o)
    0x080001e4   0x00000006   Code   RO          618    .ARM.Collect$$_printf_percent$$0000000B  c_w.l(_printf_o.o)
    0x080001ea   0x00000006   Code   RO          616    .ARM.Collect$$_printf_percent$$0000000C  c_w.l(_printf_x.o)
    0x080001f0   0x00000006   Code   RO          627    .ARM.Collect$$_printf_percent$$0000000D  c_w.l(_printf_lli.o)
    0x080001f6   0x00000006   Code   RO          628    .ARM.Collect$$_printf_percent$$0000000E  c_w.l(_printf_lld.o)
    0x080001fc   0x00000006   Code   RO          629    .ARM.Collect$$_printf_percent$$0000000F  c_w.l(_printf_llu.o)
    0x08000202   0x00000006   Code   RO          634    .ARM.Collect$$_printf_percent$$00000010  c_w.l(_printf_llo.o)
    0x08000208   0x00000006   Code   RO          635    .ARM.Collect$$_printf_percent$$00000011  c_w.l(_printf_llx.o)
    0x0800020e   0x0000000a   Code   RO          631    .ARM.Collect$$_printf_percent$$00000012  c_w.l(_printf_l.o)
    0x08000218   0x00000006   Code   RO          613    .ARM.Collect$$_printf_percent$$00000013  c_w.l(_printf_c.o)
    0x0800021e   0x00000006   Code   RO          614    .ARM.Collect$$_printf_percent$$00000014  c_w.l(_printf_s.o)
    0x08000224   0x00000006   Code   RO          632    .ARM.Collect$$_printf_percent$$00000015  c_w.l(_printf_lc.o)
    0x0800022a   0x00000006   Code   RO          633    .ARM.Collect$$_printf_percent$$00000016  c_w.l(_printf_ls.o)
    0x08000230   0x00000004   Code   RO          694    .ARM.Collect$$_printf_percent$$00000017  c_w.l(_printf_percent_end.o)
    0x08000234   0x00000002   Code   RO          750    .ARM.Collect$$libinit$$00000000  c_w.l(libinit.o)
    0x08000236   0x00000000   Code   RO          763    .ARM.Collect$$libinit$$00000002  c_w.l(libinit2.o)
    0x08000236   0x00000000   Code   RO          766    .ARM.Collect$$libinit$$00000008  c_w.l(libinit2.o)
    0x08000236   0x00000000   Code   RO          768    .ARM.Collect$$libinit$$0000000A  c_w.l(libinit2.o)
    0x08000236   0x00000000   Code   RO          770    .ARM.Collect$$libinit$$0000000C  c_w.l(libinit2.o)
    0x08000236   0x00000006   Code   RO          771    .ARM.Collect$$libinit$$0000000D  c_w.l(libinit2.o)
    0x0800023c   0x00000000   Code   RO          773    .ARM.Collect$$libinit$$0000000F  c_w.l(libinit2.o)
    0x0800023c   0x0000000c   Code   RO          774    .ARM.Collect$$libinit$$00000010  c_w.l(libinit2.o)
    0x08000248   0x00000000   Code   RO          775    .ARM.Collect$$libinit$$00000011  c_w.l(libinit2.o)
    0x08000248   0x00000000   Code   RO          777    .ARM.Collect$$libinit$$00000013  c_w.l(libinit2.o)
    0x08000248   0x0000000a   Code   RO          778    .ARM.Collect$$libinit$$00000014  c_w.l(libinit2.o)
    0x08000252   0x00000000   Code   RO          779    .ARM.Collect$$libinit$$00000015  c_w.l(libinit2.o)
    0x08000252   0x00000000   Code   RO          781    .ARM.Collect$$libinit$$00000017  c_w.l(libinit2.o)
    0x08000252   0x00000000   Code   RO          783    .ARM.Collect$$libinit$$00000019  c_w.l(libinit2.o)
    0x08000252   0x00000000   Code   RO          785    .ARM.Collect$$libinit$$0000001B  c_w.l(libinit2.o)
    0x08000252   0x00000000   Code   RO          787    .ARM.Collect$$libinit$$0000001D  c_w.l(libinit2.o)
    0x08000252   0x00000000   Code   RO          789    .ARM.Collect$$libinit$$0000001F  c_w.l(libinit2.o)
    0x08000252   0x00000000   Code   RO          791    .ARM.Collect$$libinit$$00000021  c_w.l(libinit2.o)
    0x08000252   0x00000000   Code   RO          793    .ARM.Collect$$libinit$$00000023  c_w.l(libinit2.o)
    0x08000252   0x00000000   Code   RO          797    .ARM.Collect$$libinit$$0000002A  c_w.l(libinit2.o)
    0x08000252   0x00000000   Code   RO          799    .ARM.Collect$$libinit$$0000002C  c_w.l(libinit2.o)
    0x08000252   0x00000000   Code   RO          801    .ARM.Collect$$libinit$$0000002E  c_w.l(libinit2.o)
    0x08000252   0x00000000   Code   RO          803    .ARM.Collect$$libinit$$00000030  c_w.l(libinit2.o)
    0x08000252   0x00000002   Code   RO          804    .ARM.Collect$$libinit$$00000031  c_w.l(libinit2.o)
    0x08000254   0x00000002   Code   RO          824    .ARM.Collect$$libshutdown$$00000000  c_w.l(libshutdown.o)
    0x08000256   0x00000000   Code   RO          835    .ARM.Collect$$libshutdown$$00000003  c_w.l(libshutdown2.o)
    0x08000256   0x00000000   Code   RO          838    .ARM.Collect$$libshutdown$$00000006  c_w.l(libshutdown2.o)
    0x08000256   0x00000000   Code   RO          841    .ARM.Collect$$libshutdown$$00000009  c_w.l(libshutdown2.o)
    0x08000256   0x00000000   Code   RO          843    .ARM.Collect$$libshutdown$$0000000B  c_w.l(libshutdown2.o)
    0x08000256   0x00000000   Code   RO          846    .ARM.Collect$$libshutdown$$0000000E  c_w.l(libshutdown2.o)
    0x08000256   0x00000002   Code   RO          847    .ARM.Collect$$libshutdown$$0000000F  c_w.l(libshutdown2.o)
    0x08000258   0x00000000   Code   RO          542    .ARM.Collect$$rtentry$$00000000  c_w.l(rtentry.o)
    0x08000258   0x00000000   Code   RO          663    .ARM.Collect$$rtentry$$00000002  c_w.l(rtentry2.o)
    0x08000258   0x00000006   Code   RO          675    .ARM.Collect$$rtentry$$00000004  c_w.l(rtentry4.o)
    0x0800025e   0x00000000   Code   RO          665    .ARM.Collect$$rtentry$$00000009  c_w.l(rtentry2.o)
    0x0800025e   0x00000004   Code   RO          666    .ARM.Collect$$rtentry$$0000000A  c_w.l(rtentry2.o)
    0x08000262   0x00000000   Code   RO          668    .ARM.Collect$$rtentry$$0000000C  c_w.l(rtentry2.o)
    0x08000262   0x00000008   Code   RO          669    .ARM.Collect$$rtentry$$0000000D  c_w.l(rtentry2.o)
    0x0800026a   0x00000002   Code   RO          755    .ARM.Collect$$rtexit$$00000000  c_w.l(rtexit.o)
    0x0800026c   0x00000000   Code   RO          808    .ARM.Collect$$rtexit$$00000002  c_w.l(rtexit2.o)
    0x0800026c   0x00000004   Code   RO          809    .ARM.Collect$$rtexit$$00000003  c_w.l(rtexit2.o)
    0x08000270   0x00000006   Code   RO          810    .ARM.Collect$$rtexit$$00000004  c_w.l(rtexit2.o)
    0x08000276   0x00000002   PAD
    0x08000278   0x0000000c   Code   RO           61    .emb_text           sys.o
    0x08000284   0x00000038   Code   RO            4    .text               startup_stm32f10x_hd.o
    0x080002bc   0x000000b0   Code   RO           12    .text               delay.o
    0x0800036c   0x000002bc   Code   RO           62    .text               sys.o
    0x08000628   0x00000184   Code   RO           85    .text               usart.o
    0x080007ac   0x000001e0   Code   RO          130    .text               main.o
    0x0800098c   0x0000009c   Code   RO          207    .text               key.o
    0x08000a28   0x0000003c   Code   RO          228    .text               led.o
    0x08000a64   0x0000026c   Code   RO          248    .text               usart2.o
    0x08000cd0   0x00000468   Code   RO          285    .text               gsm.o
    0x08001138   0x00000290   Code   RO          312    .text               gps.o
    0x080013c8   0x00000228   Code   RO          333    .text               mpu6050.o
    0x080015f0   0x000002fc   Code   RO          354    .text               stmiic.o
    0x080018ec   0x000001b4   Code   RO          374    .text               usart3.o
    0x08001aa0   0x0000025c   Code   RO          398    .text               falldown.o
    0x08001cfc   0x0000003c   Code   RO          422    .text               buzzer.o
    0x08001d38   0x00000064   Code   RO          442    .text               io.o
    0x08001d9c   0x00000002   Code   RO          462    .text               c_w.l(use_no_semi_2.o)
    0x08001d9e   0x00000002   PAD
    0x08001da0   0x00000024   Code   RO          464    .text               c_w.l(c89vsprintf.o)
    0x08001dc4   0x0000003e   Code   RO          466    .text               c_w.l(strlen.o)
    0x08001e02   0x0000004e   Code   RO          468    .text               c_w.l(rt_memclr_w.o)
    0x08001e50   0x00000006   Code   RO          470    .text               c_w.l(heapauxi.o)
    0x08001e56   0x00000002   Code   RO          540    .text               c_w.l(use_no_semi.o)
    0x08001e58   0x00000016   Code   RO          543    .text               c_w.l(_rserrno.o)
    0x08001e6e   0x0000004e   Code   RO          547    .text               c_w.l(_printf_pad.o)
    0x08001ebc   0x00000024   Code   RO          549    .text               c_w.l(_printf_truncate.o)
    0x08001ee0   0x00000052   Code   RO          551    .text               c_w.l(_printf_str.o)
    0x08001f32   0x00000002   PAD
    0x08001f34   0x00000074   Code   RO          553    .text               c_w.l(_printf_dec.o)
    0x08001fa8   0x00000028   Code   RO          555    .text               c_w.l(_printf_charcount.o)
    0x08001fd0   0x00000030   Code   RO          557    .text               c_w.l(_printf_char_common.o)
    0x08002000   0x0000000a   Code   RO          559    .text               c_w.l(_sputc.o)
    0x0800200a   0x00000002   PAD
    0x0800200c   0x000000bc   Code   RO          561    .text               c_w.l(_printf_wctomb.o)
    0x080020c8   0x00000078   Code   RO          564    .text               c_w.l(_printf_longlong_dec.o)
    0x08002140   0x00000070   Code   RO          570    .text               c_w.l(_printf_oct_int_ll.o)
    0x080021b0   0x00000094   Code   RO          590    .text               c_w.l(_printf_hex_int_ll_ptr.o)
    0x08002244   0x00000188   Code   RO          610    .text               c_w.l(__printf_flags_ss_wp.o)
    0x080023cc   0x00000008   Code   RO          680    .text               c_w.l(rt_errno_addr_intlibspace.o)
    0x080023d4   0x0000008a   Code   RO          682    .text               c_w.l(lludiv10.o)
    0x0800245e   0x000000b2   Code   RO          684    .text               c_w.l(_printf_intcommon.o)
    0x08002510   0x00000416   Code   RO          686    .text               c_w.l(_printf_fp_dec.o)
    0x08002926   0x0000002c   Code   RO          690    .text               c_w.l(_printf_char.o)
    0x08002952   0x0000002c   Code   RO          692    .text               c_w.l(_printf_wchar.o)
    0x0800297e   0x00000040   Code   RO          695    .text               c_w.l(_wcrtomb.o)
    0x080029be   0x00000002   PAD
    0x080029c0   0x00000008   Code   RO          701    .text               c_w.l(libspace.o)
    0x080029c8   0x0000004a   Code   RO          704    .text               c_w.l(sys_stackheap_outer.o)
    0x08002a12   0x00000002   PAD
    0x08002a14   0x00000010   Code   RO          706    .text               c_w.l(rt_ctype_table.o)
    0x08002a24   0x00000008   Code   RO          711    .text               c_w.l(rt_locale_intlibspace.o)
    0x08002a2c   0x00000080   Code   RO          713    .text               c_w.l(_printf_fp_infnan.o)
    0x08002aac   0x000000d8   Code   RO          715    .text               c_w.l(bigflt0.o)
    0x08002b84   0x0000000c   Code   RO          743    .text               c_w.l(exit.o)
    0x08002b90   0x00000080   Code   RO          760    .text               c_w.l(strcmpv7m.o)
    0x08002c10   0x0000003e   Code   RO          718    CL$$btod_d2e        c_w.l(btod.o)
    0x08002c4e   0x00000046   Code   RO          720    CL$$btod_d2e_denorm_low  c_w.l(btod.o)
    0x08002c94   0x00000060   Code   RO          719    CL$$btod_d2e_norm_op1  c_w.l(btod.o)
    0x08002cf4   0x00000338   Code   RO          728    CL$$btod_div_common  c_w.l(btod.o)
    0x0800302c   0x000000c6   Code   RO          725    CL$$btod_e2e        c_w.l(btod.o)
    0x080030f2   0x00000028   Code   RO          722    CL$$btod_ediv       c_w.l(btod.o)
    0x0800311a   0x00000028   Code   RO          721    CL$$btod_emul       c_w.l(btod.o)
    0x08003142   0x00000244   Code   RO          727    CL$$btod_mult_common  c_w.l(btod.o)
    0x08003386   0x00000028   Code   RO          657    i.__ARM_fpclassify  m_ws.l(fpclassify.o)
    0x080033ae   0x000000aa   Code   RO          659    i.__kernel_poly     m_ws.l(poly.o)
    0x08003458   0x00000010   Code   RO          655    i.__mathlib_dbl_underflow  m_ws.l(dunder.o)
    0x08003468   0x0000000e   Code   RO          603    i._is_digit         c_w.l(__printf_wp.o)
    0x08003476   0x00000002   PAD
    0x08003478   0x000009e0   Code   RO          523    i.pow               m_ws.l(pow.o)
    0x08003e58   0x0000004c   Code   RO          533    i.sqrt              m_ws.l(sqrt.o)
    0x08003ea4   0x0000002c   Code   RO          741    locale$$code        c_w.l(lc_numeric_c.o)
    0x08003ed0   0x0000002c   Code   RO          758    locale$$code        c_w.l(lc_ctype_c.o)
    0x08003efc   0x00000150   Code   RO          474    x$fpl$dadd          fz_ws.l(daddsub_clz.o)
    0x0800404c   0x00000010   Code   RO          697    x$fpl$dcheck1       fz_ws.l(dcheck1.o)
    0x0800405c   0x00000018   Code   RO          699    x$fpl$dcmpinf       fz_ws.l(dcmpi.o)
    0x08004074   0x000002b0   Code   RO          481    x$fpl$ddiv          fz_ws.l(ddiv.o)
    0x08004324   0x0000005e   Code   RO          484    x$fpl$dfix          fz_ws.l(dfix.o)
    0x08004382   0x00000002   PAD
    0x08004384   0x0000005a   Code   RO          488    x$fpl$dfixu         fz_ws.l(dfixu.o)
    0x080043de   0x0000002e   Code   RO          493    x$fpl$dflt          fz_ws.l(dflt_clz.o)
    0x0800440c   0x00000026   Code   RO          492    x$fpl$dfltu         fz_ws.l(dflt_clz.o)
    0x08004432   0x00000002   PAD
    0x08004434   0x00000078   Code   RO          636    x$fpl$dleqf         fz_ws.l(dleqf.o)
    0x080044ac   0x00000154   Code   RO          498    x$fpl$dmul          fz_ws.l(dmul.o)
    0x08004600   0x0000009c   Code   RO          638    x$fpl$dnaninf       fz_ws.l(dnaninf.o)
    0x0800469c   0x0000000c   Code   RO          640    x$fpl$dretinf       fz_ws.l(dretinf.o)
    0x080046a8   0x0000006c   Code   RO          642    x$fpl$drleqf        fz_ws.l(drleqf.o)
    0x08004714   0x00000016   Code   RO          475    x$fpl$drsb          fz_ws.l(daddsub_clz.o)
    0x0800472a   0x00000002   PAD
    0x0800472c   0x000001cc   Code   RO          644    x$fpl$dsqrt         fz_ws.l(dsqrt_noumaal.o)
    0x080048f8   0x000001d4   Code   RO          476    x$fpl$dsub          fz_ws.l(daddsub_clz.o)
    0x08004acc   0x000000c4   Code   RO          500    x$fpl$fadd          fz_ws.l(faddsub_clz.o)
    0x08004b90   0x00000184   Code   RO          507    x$fpl$fdiv          fz_ws.l(fdiv.o)
    0x08004d14   0x0000003e   Code   RO          510    x$fpl$ffixu         fz_ws.l(ffixu.o)
    0x08004d52   0x00000002   PAD
    0x08004d54   0x00000026   Code   RO          514    x$fpl$ffltu         fz_ws.l(fflt_clz.o)
    0x08004d7a   0x00000002   PAD
    0x08004d7c   0x00000102   Code   RO          520    x$fpl$fmul          fz_ws.l(fmul.o)
    0x08004e7e   0x0000008c   Code   RO          646    x$fpl$fnaninf       fz_ws.l(fnaninf.o)
    0x08004f0a   0x0000000a   Code   RO          648    x$fpl$fretinf       fz_ws.l(fretinf.o)
    0x08004f14   0x00000014   Code   RO          501    x$fpl$frsb          fz_ws.l(faddsub_clz.o)
    0x08004f28   0x000000ea   Code   RO          502    x$fpl$fsub          fz_ws.l(faddsub_clz.o)
    0x08005012   0x00000004   Code   RO          650    x$fpl$printf1       fz_ws.l(printf1.o)
    0x08005016   0x00000064   Code   RO          753    x$fpl$retnan        fz_ws.l(retnan.o)
    0x0800507a   0x0000005c   Code   RO          652    x$fpl$scalbn        fz_ws.l(scalbn.o)
    0x080050d6   0x00000030   Code   RO          805    x$fpl$trapveneer    fz_ws.l(trapv.o)
    0x08005106   0x00000000   Code   RO          654    x$fpl$usenofp       fz_ws.l(usenofp.o)
    0x08005106   0x00000009   Data   RO          287    .constdata          gsm.o
    0x0800510f   0x00000001   PAD
    0x08005110   0x00000088   Data   RO          524    .constdata          m_ws.l(pow.o)
    0x08005198   0x00000008   Data   RO          562    .constdata          c_w.l(_printf_wctomb.o)
    0x080051a0   0x00000028   Data   RO          591    .constdata          c_w.l(_printf_hex_int_ll_ptr.o)
    0x080051c8   0x00000011   Data   RO          611    .constdata          c_w.l(__printf_flags_ss_wp.o)
    0x080051d9   0x00000007   PAD
    0x080051e0   0x00000008   Data   RO          661    .constdata          m_ws.l(qnan.o)
    0x080051e8   0x00000094   Data   RO          716    .constdata          c_w.l(bigflt0.o)
    0x0800527c   0x00000020   Data   RO          879    Region$$Table       anon$$obj.o
    0x0800529c   0x0000001c   Data   RO          740    locale$$data        c_w.l(lc_numeric_c.o)
    0x080052b8   0x00000110   Data   RO          757    locale$$data        c_w.l(lc_ctype_c.o)


    Execution Region RW_IRAM1 (Base: 0x20000000, Size: 0x000009a8, Max: 0x0000c000, ABSOLUTE)

    Base Addr    Size         Type   Attr      Idx    E Section Name        Object

    0x20000000   0x00000004   Data   RW           13    .data               delay.o
    0x20000004   0x00000006   Data   RW           87    .data               usart.o
    0x2000000a   0x00000002   Data   RW          208    .data               key.o
    0x2000000c   0x00000002   Data   RW          250    .data               usart2.o
    0x2000000e   0x00000002   PAD
    0x20000010   0x00000018   Data   RW          313    .data               gps.o
    0x20000028   0x00000010   Data   RW          335    .data               mpu6050.o
    0x20000038   0x00000007   Data   RW          375    .data               usart3.o
    0x2000003f   0x00000001   PAD
    0x20000040   0x0000000e   Data   RW          400    .data               falldown.o
    0x2000004e   0x00000002   PAD
    0x20000050   0x000000c8   Zero   RW           86    .bss                usart.o
    0x20000118   0x00000190   Zero   RW          249    .bss                usart2.o
    0x200002a8   0x00000040   Zero   RW          286    .bss                gsm.o
    0x200002e8   0x0000000c   Zero   RW          334    .bss                mpu6050.o
    0x200002f4   0x00000050   Zero   RW          399    .bss                falldown.o
    0x20000344   0x00000060   Zero   RW          702    .bss                c_w.l(libspace.o)
    0x200003a4   0x00000004   PAD
    0x200003a8   0x00000200   Zero   RW            2    HEAP                startup_stm32f10x_hd.o
    0x200005a8   0x00000400   Zero   RW            1    STACK               startup_stm32f10x_hd.o


==============================================================================

Image component sizes


      Code (inc. data)   RO Data    RW Data    ZI Data      Debug   Object Name

        60          8          0          0          0        434   buzzer.o
       176          8          0          4          0     208427   delay.o
       604         46          0         14         80       2072   falldown.o
       656         46          0         24          0       1669   gps.o
      1128        254          9          0         64       2907   gsm.o
       100         10          0          0          0        434   io.o
       156         18          0          2          0        744   key.o
        60          8          0          0          0        423   led.o
       480         72          0          0          0       1072   main.o
       552          8          0         16         12       1632   mpu6050.o
        56         22        304          0       1536        808   startup_stm32f10x_hd.o
       764         18          0          0          0       2424   stmiic.o
       712         44          0          0          0       2755   sys.o
       388         26          0          6        200     206278   usart.o
       620         36          0          2        400       3321   usart2.o
       436         32          0          7          0       1665   usart3.o

    ----------------------------------------------------------------------
      6948        656        346         80       2292     437065   Object Totals
         0          0         32          0          0          0   (incl. Generated)
         0          0          1          5          0          0   (incl. Padding)

    ----------------------------------------------------------------------

      Code (inc. data)   RO Data    RW Data    ZI Data      Debug   Library Member Name

         8          0          0          0          0         68   __main.o
       392          4         17          0          0         92   __printf_flags_ss_wp.o
        14          0          0          0          0         68   __printf_wp.o
        52          8          0          0          0          0   __scatter.o
        26          0          0          0          0          0   __scatter_copy.o
        28          0          0          0          0          0   __scatter_zi.o
         6          0          0          0          0          0   _printf_a.o
         6          0          0          0          0          0   _printf_c.o
        44          0          0          0          0        108   _printf_char.o
        48          6          0          0          0         96   _printf_char_common.o
        40          0          0          0          0         68   _printf_charcount.o
         6          0          0          0          0          0   _printf_d.o
       116         16          0          0          0         92   _printf_dec.o
         6          0          0          0          0          0   _printf_e.o
         6          0          0          0          0          0   _printf_f.o
      1046          0          0          0          0        216   _printf_fp_dec.o
       128         16          0          0          0         84   _printf_fp_infnan.o
         6          0          0          0          0          0   _printf_g.o
       148          4         40          0          0        160   _printf_hex_int_ll_ptr.o
         6          0          0          0          0          0   _printf_i.o
       178          0          0          0          0         88   _printf_intcommon.o
        10          0          0          0          0          0   _printf_l.o
         6          0          0          0          0          0   _printf_lc.o
        10          0          0          0          0          0   _printf_ll.o
         6          0          0          0          0          0   _printf_lld.o
         6          0          0          0          0          0   _printf_lli.o
         6          0          0          0          0          0   _printf_llo.o
         6          0          0          0          0          0   _printf_llu.o
         6          0          0          0          0          0   _printf_llx.o
       120         16          0          0          0         92   _printf_longlong_dec.o
         6          0          0          0          0          0   _printf_ls.o
         6          0          0          0          0          0   _printf_n.o
         6          0          0          0          0          0   _printf_o.o
       112          8          0          0          0        124   _printf_oct_int_ll.o
         6          0          0          0          0          0   _printf_p.o
        78          0          0          0          0        108   _printf_pad.o
         0          0          0          0          0          0   _printf_percent.o
         4          0          0          0          0          0   _printf_percent_end.o
         6          0          0          0          0          0   _printf_s.o
        82          0          0          0          0         80   _printf_str.o
        36          0          0          0          0         84   _printf_truncate.o
         6          0          0          0          0          0   _printf_u.o
        44          0          0          0          0        108   _printf_wchar.o
       188          6          8          0          0         92   _printf_wctomb.o
         6          0          0          0          0          0   _printf_x.o
        22          0          0          0          0        100   _rserrno.o
        10          0          0          0          0         68   _sputc.o
        64          0          0          0          0         92   _wcrtomb.o
       216          4        148          0          0         96   bigflt0.o
      1910        128          0          0          0        672   btod.o
        36          4          0          0          0         76   c89vsprintf.o
        12          0          0          0          0         72   exit.o
         6          0          0          0          0        152   heapauxi.o
        44         10        272          0          0         76   lc_ctype_c.o
        44         10         28          0          0         76   lc_numeric_c.o
         2          0          0          0          0          0   libinit.o
        30          0          0          0          0          0   libinit2.o
         2          0          0          0          0          0   libshutdown.o
         2          0          0          0          0          0   libshutdown2.o
         8          4          0          0         96         68   libspace.o
       138          0          0          0          0         80   lludiv10.o
        16          4          0          0          0         76   rt_ctype_table.o
         8          4          0          0          0         68   rt_errno_addr_intlibspace.o
         8          4          0          0          0         68   rt_locale_intlibspace.o
        78          0          0          0          0         80   rt_memclr_w.o
         0          0          0          0          0          0   rtentry.o
        12          0          0          0          0          0   rtentry2.o
         6          0          0          0          0          0   rtentry4.o
         2          0          0          0          0          0   rtexit.o
        10          0          0          0          0          0   rtexit2.o
       128          0          0          0          0         68   strcmpv7m.o
        62          0          0          0          0         76   strlen.o
        74          0          0          0          0         80   sys_stackheap_outer.o
         2          0          0          0          0         68   use_no_semi.o
         2          0          0          0          0         68   use_no_semi_2.o
       826         16          0          0          0        348   daddsub_clz.o
        16          4          0          0          0         68   dcheck1.o
        24          0          0          0          0         68   dcmpi.o
       688        140          0          0          0        208   ddiv.o
        94          4          0          0          0         92   dfix.o
        90          4          0          0          0         92   dfixu.o
        84          0          0          0          0        136   dflt_clz.o
       120          4          0          0          0         92   dleqf.o
       340         12          0          0          0        104   dmul.o
       156          4          0          0          0         92   dnaninf.o
        12          0          0          0          0         68   dretinf.o
       108          0          0          0          0         80   drleqf.o
       460         56          0          0          0        120   dsqrt_noumaal.o
       450          8          0          0          0        236   faddsub_clz.o
       388         76          0          0          0         96   fdiv.o
        62          4          0          0          0         84   ffixu.o
        38          0          0          0          0         68   fflt_clz.o
       258          4          0          0          0         84   fmul.o
       140          4          0          0          0         84   fnaninf.o
        10          0          0          0          0         68   fretinf.o
         4          0          0          0          0         68   printf1.o
       100          0          0          0          0         68   retnan.o
        92          0          0          0          0         68   scalbn.o
        48          0          0          0          0         68   trapv.o
         0          0          0          0          0          0   usenofp.o
        16          6          0          0          0         68   dunder.o
        40          0          0          0          0         68   fpclassify.o
       170          0          0          0          0         96   poly.o
      2528        190        136          0          0        332   pow.o
         0          0          8          0          0          0   qnan.o
        76          0          0          0          0         84   sqrt.o

    ----------------------------------------------------------------------
     13490        792        664          0        100       7316   Library Totals
        26          0          7          0          4          0   (incl. Padding)

    ----------------------------------------------------------------------

      Code (inc. data)   RO Data    RW Data    ZI Data      Debug   Library Name

      6026        256        513          0         96       4108   c_w.l
      4608        340          0          0          0       2560   fz_ws.l
      2830        196        144          0          0        648   m_ws.l

    ----------------------------------------------------------------------
     13490        792        664          0        100       7316   Library Totals

    ----------------------------------------------------------------------

==============================================================================


      Code (inc. data)   RO Data    RW Data    ZI Data      Debug   

     20438       1448       1010         80       2392     439229   Grand Totals
     20438       1448       1010         80       2392     439229   ELF Image Totals
     20438       1448       1010         80          0          0   ROM Totals

==============================================================================

    Total RO  Size (Code + RO Data)                21448 (  20.95kB)
    Total RW  Size (RW Data + ZI Data)              2472 (   2.41kB)
    Total ROM Size (Code + RO Data + RW Data)      21528 (  21.02kB)

==============================================================================

