<html>
<body>
<pre>
<h1>µVision Build Log</h1>
<h2>Project:</h2>
C:\Users\Administrator\Desktop\stm32\013 ÔÆ½¡¿µ ÕýÊ½°æ1.0\src\main.uvproj
Project File Date:  10/04/2015

<h2>Output:</h2>
Build target 'Target 1'
compiling usart.c...
linking...
..\obj\main.axf: Warning: L6304W: Duplicate input file ..\obj\usart.o ignored.
Program Size: Code=21998 RO-data=8138 RW-data=68 ZI-data=5220  
Finished: 0 information, 1 warning and 0 error messages.
FromELF: creating hex file...
"..\obj\main.axf" - 0 Error(s), 1 Warning(s).
Load "..\\obj\\main.axf" 
Error: Flash Download failed  -  Target DLL has been cancelled
Load "..\\obj\\main.axf" 
Error: Flash Download failed  -  Target DLL has been cancelled
Load "..\\obj\\main.axf" 
Error: Flash Download failed  -  Target DLL has been cancelled
Load "..\\obj\\main.axf" 
Error: Flash Download failed  -  Target DLL has been cancelled
Load "..\\obj\\main.axf" 
Error: Flash Download failed  -  Target DLL has been cancelled
Load "..\\obj\\main.axf" 
Error: Flash Download failed  -  Target DLL has been cancelled
Load "..\\obj\\main.axf" 
Error: Flash Download failed  -  Target DLL has been cancelled
Load "..\\obj\\main.axf" 
Error: Flash Download failed  -  Target DLL has been cancelled
Load "..\\obj\\main.axf" 
Error: Flash Download failed  -  Target DLL has been cancelled
Load "..\\obj\\main.axf" 
Error: Flash Download failed  -  Target DLL has been cancelled
Load "..\\obj\\main.axf" 
Error: Flash Download failed  -  Target DLL has been cancelled
Load "..\\obj\\main.axf" 
Error: Flash Download failed  -  Target DLL has been cancelled
Load "..\\obj\\main.axf" 
Error: Flash Download failed  -  Target DLL has been cancelled
Load "..\\obj\\main.axf" 
Internal command error
Internal command error
Error: Flash Download failed  -  Target DLL has been cancelled
Load "..\\obj\\main.axf" 
Error: Flash Download failed  -  Target DLL has been cancelled
Load "..\\obj\\main.axf" 
Error: Flash Download failed  -  Target DLL has been cancelled
Load "..\\obj\\main.axf" 
Error: Flash Download failed  -  Target DLL has been cancelled
Load "..\\obj\\main.axf" 
Error: Flash Download failed  -  Target DLL has been cancelled
Load "..\\obj\\main.axf" 
Error: Flash Download failed  -  Target DLL has been cancelled
Load "..\\obj\\main.axf" 
Error: Flash Download failed  -  Target DLL has been cancelled
Load "..\\obj\\main.axf" 
Erase Failed!
Internal command error
Error: Flash Download failed  -  "Cortex-M3"
Load "..\\obj\\main.axf" 
Erase Failed!
Cannot access Memory
Error: Flash Download failed  -  "Cortex-M3"
Load "..\\obj\\main.axf" 
Erase Failed!
Cannot access Memory
Error: Flash Download failed  -  "Cortex-M3"
Load "..\\obj\\main.axf" 
Erase Failed!
Cannot access Memory
Error: Flash Download failed  -  "Cortex-M3"
Load "..\\obj\\main.axf" 
Erase Done.
Programming Done.
Verify OK.
Application running ...
Load "..\\obj\\main.axf" 
Error: Flash Download failed  -  Target DLL has been cancelled
Load "..\\obj\\main.axf" 
Error: Flash Download failed  -  Target DLL has been cancelled
Load "..\\obj\\main.axf" 
Error: Flash Download failed  -  Target DLL has been cancelled
Load "..\\obj\\main.axf" 
Error: Flash Download failed  -  Target DLL has been cancelled
Load "..\\obj\\main.axf" 
Error: Flash Download failed  -  Target DLL has been cancelled
Load "..\\obj\\main.axf" 
Error: Flash Download failed  -  Target DLL has been cancelled
Load "..\\obj\\main.axf" 
Erase Done.
Programming Done.
Verify OK.
Application running ...
Load "..\\obj\\main.axf" 
Error: Flash Download failed  -  Target DLL has been cancelled
Load "..\\obj\\main.axf" 
Error: Flash Download failed  -  Target DLL has been cancelled
Load "..\\obj\\main.axf" 
Erase Done.
Programming Failed!
Internal command error
Error: Flash Download failed  -  "Cortex-M3"
Load "..\\obj\\main.axf" 
Error: Flash Download failed  -  Target DLL has been cancelled
Load "..\\obj\\main.axf" 
Error: Flash Download failed  -  Target DLL has been cancelled
Load "..\\obj\\main.axf" 
Error: Flash Download failed  -  Target DLL has been cancelled
Load "..\\obj\\main.axf" 
Error: Flash Download failed  -  Target DLL has been cancelled
Load "..\\obj\\main.axf" 
Error: Flash Download failed  -  Target DLL has been cancelled
Load "..\\obj\\main.axf" 
Error: Flash Download failed  -  Target DLL has been cancelled
Load "..\\obj\\main.axf" 
Erase Failed!
Internal command error
Error: Flash Download failed  -  "Cortex-M3"
Load "..\\obj\\main.axf" 
Erase Failed!
Internal command error
Error: Flash Download failed  -  "Cortex-M3"
Load "..\\obj\\main.axf" 
Erase Failed!
Internal command error
Error: Flash Download failed  -  "Cortex-M3"
Load "..\\obj\\main.axf" 
Erase Failed!
Internal command error
Error: Flash Download failed  -  "Cortex-M3"
Load "..\\obj\\main.axf" 
Error: Flash Download failed  -  Target DLL has been cancelled
Load "..\\obj\\main.axf" 
Error: Flash Download failed  -  Target DLL has been cancelled
Load "..\\obj\\main.axf" 
Erase Failed!
Internal command error
Error: Flash Download failed  -  "Cortex-M3"
Load "..\\obj\\main.axf" 
Erase Failed!
Internal command error
Error: Flash Download failed  -  "Cortex-M3"
Load "..\\obj\\main.axf" 
Error: Flash Download failed  -  Target DLL has been cancelled
Load "..\\obj\\main.axf" 
Error: Flash Download failed  -  Target DLL has been cancelled
Load "..\\obj\\main.axf" 
Error: Flash Download failed  -  Target DLL has been cancelled
Load "..\\obj\\main.axf" 
Error: Flash Download failed  -  Target DLL has been cancelled
Load "..\\obj\\main.axf" 
Error: Flash Download failed  -  Target DLL has been cancelled
Load "..\\obj\\main.axf" 
Erase Done.
Programming Done.
Verify OK.
Application running ...
Load "..\\obj\\main.axf" 
Error: Flash Download failed  -  Target DLL has been cancelled
Load "..\\obj\\main.axf" 
Erase Failed!
Internal command error
Error: Flash Download failed  -  "Cortex-M3"
Load "..\\obj\\main.axf" 
Erase Done.
Programming Done.
Verify OK.
Application running ...
Load "..\\obj\\main.axf" 
Erase Done.
Programming Done.
Verify OK.
Application running ...
Load "..\\obj\\main.axf" 
Erase Failed!
Internal command error
Error: Flash Download failed  -  "Cortex-M3"
Load "..\\obj\\main.axf" 
Erase Done.
Programming Done.
Verify OK.
Application running ...
</pre>
</body>
</html>
