Product: MDK-ARM Professional 5.10
Component: ARM Compiler 5.04 update 1 (build 49)
Tool: armlink [5040049]

==============================================================================

Section Cross References

    startup_stm32f10x_hd.o(STACK) refers (Special) to heapauxi.o(.text) for __use_two_region_memory
    startup_stm32f10x_hd.o(HEAP) refers (Special) to heapauxi.o(.text) for __use_two_region_memory
    startup_stm32f10x_hd.o(RESET) refers (Special) to heapauxi.o(.text) for __use_two_region_memory
    startup_stm32f10x_hd.o(RESET) refers to startup_stm32f10x_hd.o(STACK) for __initial_sp
    startup_stm32f10x_hd.o(RESET) refers to startup_stm32f10x_hd.o(.text) for Reset_Handler
    startup_stm32f10x_hd.o(RESET) refers to usart.o(.text) for USART1_IRQHandler
    startup_stm32f10x_hd.o(RESET) refers to usart2pm25.o(.text) for USART2_IRQHandler
    startup_stm32f10x_hd.o(RESET) refers to uart4.o(.text) for UART4_IRQHandler
    startup_stm32f10x_hd.o(.text) refers (Special) to heapauxi.o(.text) for __use_two_region_memory
    startup_stm32f10x_hd.o(.text) refers to __main.o(!!!main) for __main
    startup_stm32f10x_hd.o(.text) refers to startup_stm32f10x_hd.o(HEAP) for Heap_Mem
    startup_stm32f10x_hd.o(.text) refers to startup_stm32f10x_hd.o(STACK) for Stack_Mem
    delay.o(.text) refers to delay.o(.data) for fac_us
    sys.o(.text) refers to sys.o(.emb_text) for WFI_SET
    usart.o(.rev16_text) refers (Special) to use_no_semi_2.o(.text) for __use_no_semihosting
    usart.o(.revsh_text) refers (Special) to use_no_semi_2.o(.text) for __use_no_semihosting
    usart.o(.text) refers (Special) to use_no_semi_2.o(.text) for __use_no_semihosting
    usart.o(.text) refers to fflt_clz.o(x$fpl$ffltu) for __aeabi_ui2f
    usart.o(.text) refers to fdiv.o(x$fpl$fdiv) for __aeabi_fdiv
    usart.o(.text) refers to ffixu.o(x$fpl$ffixu) for __aeabi_f2uiz
    usart.o(.text) refers to faddsub_clz.o(x$fpl$frsb) for __aeabi_frsub
    usart.o(.text) refers to fmul.o(x$fpl$fmul) for __aeabi_fmul
    usart.o(.text) refers to sys.o(.text) for MY_NVIC_Init
    usart.o(.text) refers to usart.o(.data) for USART_RX_STA
    usart.o(.text) refers to usart.o(.bss) for USART_RX_BUF
    usart.o(.bss) refers (Special) to use_no_semi_2.o(.text) for __use_no_semihosting
    usart.o(.data) refers (Special) to use_no_semi_2.o(.text) for __use_no_semihosting
    main.o(.text) refers to dflt_clz.o(x$fpl$dfltu) for __aeabi_ui2d
    main.o(.text) refers to pow.o(i.pow) for pow
    main.o(.text) refers to dflt_clz.o(x$fpl$dflt) for __aeabi_i2d
    main.o(.text) refers to dmul.o(x$fpl$dmul) for __aeabi_dmul
    main.o(.text) refers to daddsub_clz.o(x$fpl$dadd) for __aeabi_dadd
    main.o(.text) refers to dfix.o(x$fpl$dfix) for __aeabi_d2iz
    main.o(.text) refers to ili93xx.o(.text) for LCD_Fill
    main.o(.text) refers to sys.o(.text) for Stm32_Clock_Init
    main.o(.text) refers to usart.o(.text) for uart_init
    main.o(.text) refers to delay.o(.text) for delay_init
    main.o(.text) refers to led.o(.text) for LED_Init
    main.o(.text) refers to usart2pm25.o(.text) for USART2_Init
    main.o(.text) refers to adc.o(.text) for Adc_Init
    main.o(.text) refers to stmiic.o(.text) for IICinit
    main.o(.text) refers to key.o(.text) for Key_Init
    main.o(.text) refers to usart.o(.data) for USART_RX_STA
    main.o(.text) refers to main.o(.data) for SpO2
    main.o(.text) refers to ili93xx.o(.data) for POINT_COLOR
    main.o(.text) refers to main.o(.constdata) for CHS
    main.o(.text) refers to mlx90614.o(.text) for ReadTemperatureMLX90614
    main.o(.text) refers to ffix.o(x$fpl$ffix) for __aeabi_f2iz
    main.o(.text) refers to fmul.o(x$fpl$fmul) for __aeabi_fmul
    main.o(.text) refers to fflt_clz.o(x$fpl$fflt) for __aeabi_i2f
    main.o(.text) refers to f2d.o(x$fpl$f2d) for __aeabi_f2d
    main.o(.text) refers to d2f.o(x$fpl$d2f) for __aeabi_d2f
    main.o(.text) refers to read24c16.o(.text) for Readxt
    main.o(.text) refers to sendpack.o(.text) for Com1SendArray
    main.o(.text) refers to usart2pm25.o(.data) for Com2RecArr
    main.o(.text) refers to usart.o(.bss) for USART_RX_BUF
    main.o(.text) refers to main.o(.bss) for BG_data_source
    key.o(.text) refers to sys.o(.text) for JTAG_Set
    key.o(.text) refers to delay.o(.text) for delay_ms
    key.o(.text) refers to key.o(.data) for key_up
    ili93xx.o(.text) refers to _printf_percent.o(.ARM.Collect$$_printf_percent$$00000000) for _printf_percent
    ili93xx.o(.text) refers to _printf_x.o(.ARM.Collect$$_printf_percent$$0000000C) for _printf_x
    ili93xx.o(.text) refers to _printf_hex_int.o(.text) for _printf_longlong_hex
    ili93xx.o(.text) refers to delay.o(.text) for delay_us
    ili93xx.o(.text) refers to ili93xx.o(.bss) for lcddev
    ili93xx.o(.text) refers to ili93xx.o(.data) for POINT_COLOR
    ili93xx.o(.text) refers to sys.o(.text) for JTAG_Set
    ili93xx.o(.text) refers to noretval__2printf.o(.text) for __2printf
[...]
    rtexit.o(.ARM.exidx) refers (Special) to rtexit2.o(.ARM.Collect$$rtexit$$00000002) for __rt_exit_prels_1
    rtexit.o(.ARM.exidx) refers to rtexit.o(.ARM.Collect$$rtexit$$00000000) for .ARM.Collect$$rtexit$$00000000
    libinit2.o(.ARM.Collect$$libinit$$0000000E) refers to libinit2.o(.ARM.Collect$$libinit$$0000000D) for .ARM.Collect$$libinit$$0000000D
    libinit2.o(.ARM.Collect$$libinit$$00000010) refers to libinit2.o(.ARM.Collect$$libinit$$0000000D) for .ARM.Collect$$libinit$$0000000D
    libinit2.o(.ARM.Collect$$libinit$$00000012) refers to libinit2.o(.ARM.Collect$$libinit$$0000000D) for .ARM.Collect$$libinit$$0000000D
    libinit2.o(.ARM.Collect$$libinit$$00000014) refers to libinit2.o(.ARM.Collect$$libinit$$0000000D) for .ARM.Collect$$libinit$$0000000D
    libinit2.o(.ARM.Collect$$libinit$$00000016) refers to libinit2.o(.ARM.Collect$$libinit$$0000000D) for .ARM.Collect$$libinit$$0000000D
    libinit2.o(.ARM.Collect$$libinit$$00000024) refers to argv_veneer.o(.emb_text) for __ARM_argv_veneer
    libinit2.o(.ARM.Collect$$libinit$$00000025) refers to argv_veneer.o(.emb_text) for __ARM_argv_veneer
    trapv.o(x$fpl$trapveneer) refers (Special) to usenofp.o(x$fpl$usenofp) for __I$use$fp
    rtexit2.o(.ARM.Collect$$rtexit$$00000003) refers to libshutdown.o(.ARM.Collect$$libshutdown$$00000000) for __rt_lib_shutdown
    rtexit2.o(.ARM.Collect$$rtexit$$00000004) refers to usart.o(.text) for _sys_exit
    rtexit2.o(.ARM.exidx) refers to rtexit2.o(.ARM.Collect$$rtexit$$00000001) for .ARM.Collect$$rtexit$$00000001
    rtexit2.o(.ARM.exidx) refers to rtexit2.o(.ARM.Collect$$rtexit$$00000003) for .ARM.Collect$$rtexit$$00000003
    rtexit2.o(.ARM.exidx) refers to rtexit2.o(.ARM.Collect$$rtexit$$00000004) for .ARM.Collect$$rtexit$$00000004
    argv_veneer.o(.emb_text) refers to no_argv.o(.text) for __ARM_get_argv
    _get_argv_nomalloc.o(.text) refers (Special) to hrguard.o(.text) for __heap_region$guard
    _get_argv_nomalloc.o(.text) refers to defsig_rtmem_outer.o(.text) for __rt_SIGRTMEM
    _get_argv_nomalloc.o(.text) refers to sys_command.o(.text) for _sys_command_string
    libshutdown.o(.ARM.Collect$$libshutdown$$00000000) refers (Special) to libshutdown2.o(.ARM.Collect$$libshutdown$$00000006) for __rt_lib_shutdown_fp_trap_1
    libshutdown.o(.ARM.Collect$$libshutdown$$00000000) refers (Special) to libshutdown2.o(.ARM.Collect$$libshutdown$$0000000E) for __rt_lib_shutdown_heap_1
    libshutdown.o(.ARM.Collect$$libshutdown$$00000000) refers (Special) to libshutdown2.o(.ARM.Collect$$libshutdown$$0000000F) for __rt_lib_shutdown_return
    libshutdown.o(.ARM.Collect$$libshutdown$$00000000) refers (Special) to libshutdown2.o(.ARM.Collect$$libshutdown$$00000009) for __rt_lib_shutdown_signal_1
    libshutdown.o(.ARM.Collect$$libshutdown$$00000000) refers (Special) to libshutdown2.o(.ARM.Collect$$libshutdown$$00000003) for __rt_lib_shutdown_stdio_1
    libshutdown.o(.ARM.Collect$$libshutdown$$00000000) refers (Special) to libshutdown2.o(.ARM.Collect$$libshutdown$$0000000B) for __rt_lib_shutdown_user_alloc_1
    sys_command.o(.text) refers (Special) to use_no_semi.o(.text) for __I$use$semihosting
    sys_command.o(.text) refers (Special) to indicate_semi.o(.text) for __semihosting_library_function
    defsig_rtmem_outer.o(.text) refers to defsig_rtmem_inner.o(.text) for __rt_SIGRTMEM_inner
    defsig_rtmem_outer.o(.text) refers to defsig_exit.o(.text) for __sig_exit
    defsig_rtmem_formal.o(.text) refers to rt_raise.o(.text) for __rt_raise
    rt_raise.o(.text) refers to __raise.o(.text) for __raise
    rt_raise.o(.text) refers to usart.o(.text) for _sys_exit
    defsig_exit.o(.text) refers to usart.o(.text) for _sys_exit
    defsig_rtmem_inner.o(.text) refers to defsig_general.o(.text) for __default_signal_display
    __raise.o(.text) refers to defsig.o(CL$$defsig) for __default_signal_handler
    defsig_general.o(.text) refers to sys_wrch.o(.text) for _ttywrch
    sys_wrch.o(.text) refers (Special) to use_no_semi.o(.text) for __I$use$semihosting
    sys_wrch.o(.text) refers (Special) to indicate_semi.o(.text) for __semihosting_library_function
    defsig.o(CL$$defsig) refers to defsig_rtmem_inner.o(.text) for __rt_SIGRTMEM_inner
    defsig_abrt_inner.o(.text) refers to defsig_general.o(.text) for __default_signal_display
    defsig_fpe_inner.o(.text) refers to defsig_general.o(.text) for __default_signal_display
    defsig_rtred_inner.o(.text) refers to defsig_general.o(.text) for __default_signal_display
    defsig_stak_inner.o(.text) refers to defsig_general.o(.text) for __default_signal_display
    defsig_pvfn_inner.o(.text) refers to defsig_general.o(.text) for __default_signal_display
    defsig_cppl_inner.o(.text) refers to defsig_general.o(.text) for __default_signal_display
    defsig_segv_inner.o(.text) refers to defsig_general.o(.text) for __default_signal_display
    defsig_other.o(.text) refers to defsig_general.o(.text) for __default_signal_display


==============================================================================

Removing Unused input sections from the image.

    Removing delay.o(.rev16_text), (4 bytes).
    Removing delay.o(.revsh_text), (4 bytes).
    Removing sys.o(.rev16_text), (4 bytes).
    Removing sys.o(.revsh_text), (4 bytes).
    Removing usart.o(.rev16_text), (4 bytes).
    Removing usart.o(.revsh_text), (4 bytes).
    Removing main.o(.rev16_text), (4 bytes).
    Removing main.o(.revsh_text), (4 bytes).
    Removing key.o(.rev16_text), (4 bytes).
    Removing key.o(.revsh_text), (4 bytes).
    Removing led.o(.rev16_text), (4 bytes).
    Removing led.o(.revsh_text), (4 bytes).
    Removing stmiic.o(.rev16_text), (4 bytes).
    Removing stmiic.o(.revsh_text), (4 bytes).
    Removing ili93xx.o(.rev16_text), (4 bytes).
    Removing ili93xx.o(.revsh_text), (4 bytes).
    Removing adc.o(.rev16_text), (4 bytes).
    Removing adc.o(.revsh_text), (4 bytes).
    Removing uart4.o(.rev16_text), (4 bytes).
    Removing uart4.o(.revsh_text), (4 bytes).
    Removing mlx90614.o(.rev16_text), (4 bytes).
    Removing mlx90614.o(.revsh_text), (4 bytes).
    Removing usart2pm25.o(.rev16_text), (4 bytes).
    Removing usart2pm25.o(.revsh_text), (4 bytes).
    Removing sendpack.o(.rev16_text), (4 bytes).
    Removing sendpack.o(.revsh_text), (4 bytes).
    Removing read24c16.o(.rev16_text), (4 bytes).
    Removing read24c16.o(.revsh_text), (4 bytes).

28 unused section(s) (total 112 bytes) removed from the image.

==============================================================================

Image Symbol Table

    Local Symbols

    Symbol Name                              Value     Ov Type        Size  Object(Section)

    ../clib/angel/boardlib.s                 0x00000000   Number         0  boardinit2.o ABSOLUTE
    ../clib/angel/boardlib.s                 0x00000000   Number         0  boardinit3.o ABSOLUTE
    ../clib/angel/boardlib.s                 0x00000000   Number         0  boardshut.o ABSOLUTE
    ../clib/angel/boardlib.s                 0x00000000   Number         0  boardinit1.o ABSOLUTE
    ../clib/angel/handlers.s                 0x00000000   Number         0  __scatter_zi.o ABSOLUTE
    ../clib/angel/handlers.s                 0x00000000   Number         0  __scatter_copy.o ABSOLUTE
    ../clib/angel/kernel.s                   0x00000000   Number         0  rtexit2.o ABSOLUTE
    ../clib/angel/kernel.s                   0x00000000   Number         0  rtentry.o ABSOLUTE
    ../clib/angel/kernel.s                   0x00000000   Number         0  rtentry2.o ABSOLUTE
    ../clib/angel/kernel.s                   0x00000000   Number         0  rtentry4.o ABSOLUTE
    ../clib/angel/kernel.s                   0x00000000   Number         0  rtexit.o ABSOLUTE
    ../clib/angel/rt.s                       0x00000000   Number         0  rt_errno_addr_intlibspace.o ABSOLUTE
    ../clib/angel/rt.s                       0x00000000   Number         0  rt_errno_addr.o ABSOLUTE
    ../clib/angel/rt.s                       0x00000000   Number         0  rt_raise.o ABSOLUTE
    ../clib/angel/scatter.s                  0x00000000   Number         0  __scatter.o ABSOLUTE
    ../clib/angel/startup.s                  0x00000000   Number         0  __main.o ABSOLUTE
    ../clib/angel/sys.s                      0x00000000   Number         0  use_no_semi.o ABSOLUTE
    ../clib/angel/sys.s                      0x00000000   Number         0  sys_stackheap_outer.o ABSOLUTE
    ../clib/angel/sys.s                      0x00000000   Number         0  libspace.o ABSOLUTE
    ../clib/angel/sys.s                      0x00000000   Number         0  indicate_semi.o ABSOLUTE
    ../clib/angel/sys.s                      0x00000000   Number         0  use_no_semi_2.o ABSOLUTE
    ../clib/angel/sysapp.c                   0x00000000   Number         0  sys_wrch.o ABSOLUTE
    ../clib/angel/sysapp.c                   0x00000000   Number         0  sys_command.o ABSOLUTE
    ../clib/armsys.c                         0x00000000   Number         0  argv_veneer.o ABSOLUTE
    ../clib/armsys.c                         0x00000000   Number         0  argv_veneer.o ABSOLUTE
    ../clib/armsys.c                         0x00000000   Number         0  no_argv.o ABSOLUTE
    ../clib/armsys.c                         0x00000000   Number         0  _get_argv_nomalloc.o ABSOLUTE
    ../clib/fenv.c                           0x00000000   Number         0  _rserrno.o ABSOLUTE
    ../clib/heapalloc.c                      0x00000000   Number         0  hrguard.o ABSOLUTE
    ../clib/heapaux.c                        0x00000000   Number         0  heapauxi.o ABSOLUTE
    ../clib/libinit.s                        0x00000000   Number         0  libinit2.o ABSOLUTE
    ../clib/libinit.s                        0x00000000   Number         0  libshutdown2.o ABSOLUTE
    ../clib/libinit.s                        0x00000000   Number         0  libshutdown.o ABSOLUTE
    ../clib/libinit.s                        0x00000000   Number         0  libinit.o ABSOLUTE
    ../clib/printf.c                         0x00000000   Number         0  __printf_ss_wp.o ABSOLUTE
    ../clib/printf.c                         0x00000000   Number         0  __printf_flags_wp.o ABSOLUTE
    ../clib/printf.c                         0x00000000   Number         0  _printf_char_common.o ABSOLUTE
    ../clib/printf.c                         0x00000000   Number         0  __printf_wp.o ABSOLUTE
    ../clib/printf.c                         0x00000000   Number         0  __printf_flags_ss.o ABSOLUTE
    ../clib/printf.c                         0x00000000   Number         0  __printf_ss.o ABSOLUTE
    ../clib/printf.c                         0x00000000   Number         0  _printf_intcommon.o ABSOLUTE
    ../clib/printf.c                         0x00000000   Number         0  __2printf.o ABSOLUTE
    ../clib/printf.c                         0x00000000   Number         0  _printf_hex_ll.o ABSOLUTE
    ../clib/printf.c                         0x00000000   Number         0  __printf_flags.o ABSOLUTE
    ../clib/printf.c                         0x00000000   Number         0  _printf_hex_int_ll_ptr.o ABSOLUTE
    ../clib/printf.c                         0x00000000   Number         0  noretval__2printf.o ABSOLUTE
    ../clib/printf.c                         0x00000000   Number         0  _printf_hex_ll_ptr.o ABSOLUTE
    ../clib/printf.c                         0x00000000   Number         0  _printf_hex_int.o ABSOLUTE
    ../clib/printf.c                         0x00000000   Number         0  __printf_nopercent.o ABSOLUTE
    ../clib/printf.c                         0x00000000   Number         0  __printf.o ABSOLUTE
    ../clib/printf.c                         0x00000000   Number         0  _printf_char_file.o ABSOLUTE
    ../clib/printf.c                         0x00000000   Number         0  __printf_flags_ss_wp.o ABSOLUTE
    ../clib/printf.c                         0x00000000   Number         0  _printf_hex_ptr.o ABSOLUTE
    ../clib/printf.c                         0x00000000   Number         0  _printf_hex_int_ll.o ABSOLUTE
    ../clib/printf.c                         0x00000000   Number         0  _printf_hex_int_ptr.o ABSOLUTE
    ../clib/printf_percent.s                 0x00000000   Number         0  _printf_percent.o ABSOLUTE
    ../clib/printf_percent.s                 0x00000000   Number         0  _printf_x.o ABSOLUTE
    ../clib/printf_percent.s                 0x00000000   Number         0  _printf_percent_end.o ABSOLUTE
    ../clib/signal.c                         0x00000000   Number         0  defsig_exit.o ABSOLUTE
    ../clib/signal.c                         0x00000000   Number         0  defsig_other.o ABSOLUTE
    ../clib/signal.c                         0x00000000   Number         0  defsig_segv_inner.o ABSOLUTE
    ../clib/signal.c                         0x00000000   Number         0  defsig_cppl_inner.o ABSOLUTE
    ../clib/signal.c                         0x00000000   Number         0  defsig_pvfn_inner.o ABSOLUTE
    ../clib/signal.c                         0x00000000   Number         0  defsig_stak_inner.o ABSOLUTE
    ../clib/signal.c                         0x00000000   Number         0  defsig_rtred_inner.o ABSOLUTE
    ../clib/signal.c                         0x00000000   Number         0  defsig_fpe_inner.o ABSOLUTE
    ../clib/signal.c                         0x00000000   Number         0  defsig_abrt_inner.o ABSOLUTE
    ../clib/signal.c                         0x00000000   Number         0  defsig_general.o ABSOLUTE
    ../clib/signal.c                         0x00000000   Number         0  __raise.o ABSOLUTE
    ../clib/signal.c                         0x00000000   Number         0  defsig_rtmem_inner.o ABSOLUTE
    ../clib/signal.c                         0x00000000   Number         0  defsig_rtmem_formal.o ABSOLUTE
    ../clib/signal.c                         0x00000000   Number         0  defsig_rtmem_outer.o ABSOLUTE
    ../clib/signal.s                         0x00000000   Number         0  defsig.o ABSOLUTE
    ../clib/stdio.c                          0x00000000   Number         0  ferror.o ABSOLUTE
    ../clib/stdio.c                          0x00000000   Number         0  ferror_locked.o ABSOLUTE
    ../clib/stdlib.c                         0x00000000   Number         0  exit.o ABSOLUTE
    ../fplib/d2f.s                           0x00000000   Number         0  d2f.o ABSOLUTE
    ../fplib/daddsub.s                       0x00000000   Number         0  daddsub_clz.o ABSOLUTE
    ../fplib/dcheck1.s                       0x00000000   Number         0  dcheck1.o ABSOLUTE
    ../fplib/dcmpi.s                         0x00000000   Number         0  dcmpi.o ABSOLUTE
    ../fplib/ddiv.s                          0x00000000   Number         0  ddiv.o ABSOLUTE
    ../fplib/dfix.s                          0x00000000   Number         0  dfix.o ABSOLUTE
    ../fplib/dflt.s                          0x00000000   Number         0  dflt_clz.o ABSOLUTE
    ../fplib/dleqf.s                         0x00000000   Number         0  dleqf.o ABSOLUTE
    ../fplib/dmul.s                          0x00000000   Number         0  dmul.o ABSOLUTE
    ../fplib/dnaninf.s                       0x00000000   Number         0  dnaninf.o ABSOLUTE
    ../fplib/dretinf.s                       0x00000000   Number         0  dretinf.o ABSOLUTE
    ../fplib/drleqf.s                        0x00000000   Number         0  drleqf.o ABSOLUTE
    ../fplib/dsqrt.s                         0x00000000   Number         0  dsqrt_noumaal.o ABSOLUTE
    ../fplib/f2d.s                           0x00000000   Number         0  f2d.o ABSOLUTE
    ../fplib/faddsub.s                       0x00000000   Number         0  faddsub_clz.o ABSOLUTE
    ../fplib/fdiv.s                          0x00000000   Number         0  fdiv.o ABSOLUTE
    ../fplib/ffix.s                          0x00000000   Number         0  ffix.o ABSOLUTE
    ../fplib/ffixu.s                         0x00000000   Number         0  ffixu.o ABSOLUTE
    ../fplib/fflt.s                          0x00000000   Number         0  fflt_clz.o ABSOLUTE
    ../fplib/fmul.s                          0x00000000   Number         0  fmul.o ABSOLUTE
    ../fplib/fnaninf.s                       0x00000000   Number         0  fnaninf.o ABSOLUTE
    ../fplib/fpinit.s                        0x00000000   Number         0  fpinit.o ABSOLUTE
    ../fplib/fretinf.s                       0x00000000   Number         0  fretinf.o ABSOLUTE
    ../fplib/retnan.s                        0x00000000   Number         0  retnan.o ABSOLUTE
    ../fplib/scalbn.s                        0x00000000   Number         0  scalbn.o ABSOLUTE
    ../fplib/trapv.s                         0x00000000   Number         0  trapv.o ABSOLUTE
    ../fplib/usenofp.s                       0x00000000   Number         0  usenofp.o ABSOLUTE
    ../mathlib/dunder.c                      0x00000000   Number         0  dunder.o ABSOLUTE
    ../mathlib/fpclassify.c                  0x00000000   Number         0  fpclassify.o ABSOLUTE
    ../mathlib/poly.c                        0x00000000   Number         0  poly.o ABSOLUTE
    ../mathlib/pow.c                         0x00000000   Number         0  pow_x.o ABSOLUTE
    ../mathlib/pow.c                         0x00000000   Number         0  pow.o ABSOLUTE
    ../mathlib/qnan.c                        0x00000000   Number         0  qnan.o ABSOLUTE
    ../mathlib/sqrt.c                        0x00000000   Number         0  sqrt_x.o ABSOLUTE
    ../mathlib/sqrt.c                        0x00000000   Number         0  sqrt.o ABSOLUTE
    ..\\hardware\\ILI93xx.c                  0x00000000   Number         0  ili93xx.o ABSOLUTE
    ..\\hardware\\MLX90614.c                 0x00000000   Number         0  mlx90614.o ABSOLUTE
    ..\\hardware\\STMIIC.c                   0x00000000   Number         0  stmiic.o ABSOLUTE
    ..\\hardware\\SendPack.c                 0x00000000   Number         0  sendpack.o ABSOLUTE
    ..\\hardware\\adc.c                      0x00000000   Number         0  adc.o ABSOLUTE
    ..\\hardware\\key.c                      0x00000000   Number         0  key.o ABSOLUTE
    ..\\hardware\\led.c                      0x00000000   Number         0  led.o ABSOLUTE
    ..\\hardware\\read24c16.c                0x00000000   Number         0  read24c16.o ABSOLUTE
    ..\\hardware\\uart4.c                    0x00000000   Number         0  uart4.o ABSOLUTE
    ..\\hardware\\usart2pm25.c               0x00000000   Number         0  usart2pm25.o ABSOLUTE
    ..\\system\\delay\\delay.c               0x00000000   Number         0  delay.o ABSOLUTE
    ..\\system\\sys\\sys.c                   0x00000000   Number         0  sys.o ABSOLUTE
    ..\\system\\usart\\usart.c               0x00000000   Number         0  usart.o ABSOLUTE
    ..\hardware\ILI93xx.c                    0x00000000   Number         0  ili93xx.o ABSOLUTE
    ..\hardware\MLX90614.c                   0x00000000   Number         0  mlx90614.o ABSOLUTE
    ..\hardware\STMIIC.c                     0x00000000   Number         0  stmiic.o ABSOLUTE
    ..\hardware\SendPack.c                   0x00000000   Number         0  sendpack.o ABSOLUTE
    ..\hardware\adc.c                        0x00000000   Number         0  adc.o ABSOLUTE
    ..\hardware\key.c                        0x00000000   Number         0  key.o ABSOLUTE
    ..\hardware\led.c                        0x00000000   Number         0  led.o ABSOLUTE
    ..\hardware\read24c16.c                  0x00000000   Number         0  read24c16.o ABSOLUTE
    ..\hardware\uart4.c                      0x00000000   Number         0  uart4.o ABSOLUTE
    ..\hardware\usart2pm25.c                 0x00000000   Number         0  usart2pm25.o ABSOLUTE
    ..\system\delay\delay.c                  0x00000000   Number         0  delay.o ABSOLUTE
    ..\system\sys\sys.c                      0x00000000   Number         0  sys.o ABSOLUTE
    ..\system\usart\usart.c                  0x00000000   Number         0  usart.o ABSOLUTE
    dc.s                                     0x00000000   Number         0  dc.o ABSOLUTE
    main.c                                   0x00000000   Number         0  main.o ABSOLUTE
    main.c                                   0x00000000   Number         0  main.o ABSOLUTE
    startup_stm32f10x_hd.s                   0x00000000   Number         0  startup_stm32f10x_hd.o ABSOLUTE
    RESET                                    0x08000000   Section      304  startup_stm32f10x_hd.o(RESET)
    !!!main                                  0x08000130   Section        8  __main.o(!!!main)
    !!!scatter                               0x08000138   Section       52  __scatter.o(!!!scatter)
    !!handler_copy                           0x0800016c   Section       26  __scatter_copy.o(!!handler_copy)
    !!handler_zi                             0x08000188   Section       28  __scatter_zi.o(!!handler_zi)
    .ARM.Collect$$_printf_percent$$00000000  0x080001a4   Section        0  _printf_percent.o(.ARM.Collect$$_printf_percent$$00000000)
    .ARM.Collect$$_printf_percent$$0000000C  0x080001a4   Section        6  _printf_x.o(.ARM.Collect$$_printf_percent$$0000000C)
    .ARM.Collect$$_printf_percent$$00000017  0x080001aa   Section        4  _printf_percent_end.o(.ARM.Collect$$_printf_percent$$00000017)
    .ARM.Collect$$libinit$$00000000          0x080001ae   Section        2  libinit.o(.ARM.Collect$$libinit$$00000000)
    .ARM.Collect$$libinit$$00000002          0x080001b0   Section        0  libinit2.o(.ARM.Collect$$libinit$$00000002)
    .ARM.Collect$$libinit$$00000008          0x080001b0   Section        0  libinit2.o(.ARM.Collect$$libinit$$00000008)
    .ARM.Collect$$libinit$$0000000A          0x080001b0   Section        0  libinit2.o(.ARM.Collect$$libinit$$0000000A)
    .ARM.Collect$$libinit$$0000000C          0x080001b0   Section        0  libinit2.o(.ARM.Collect$$libinit$$0000000C)
    .ARM.Collect$$libinit$$0000000F          0x080001b0   Section        0  libinit2.o(.ARM.Collect$$libinit$$0000000F)
    .ARM.Collect$$libinit$$00000011          0x080001b0   Section        0  libinit2.o(.ARM.Collect$$libinit$$00000011)
    .ARM.Collect$$libinit$$00000013          0x080001b0   Section        0  libinit2.o(.ARM.Collect$$libinit$$00000013)
    .ARM.Collect$$libinit$$00000015          0x080001b0   Section        0  libinit2.o(.ARM.Collect$$libinit$$00000015)
    .ARM.Collect$$libinit$$00000017          0x080001b0   Section        0  libinit2.o(.ARM.Collect$$libinit$$00000017)
    .ARM.Collect$$libinit$$00000019          0x080001b0   Section        0  libinit2.o(.ARM.Collect$$libinit$$00000019)
    .ARM.Collect$$libinit$$0000001B          0x080001b0   Section        0  libinit2.o(.ARM.Collect$$libinit$$0000001B)
    .ARM.Collect$$libinit$$0000001D          0x080001b0   Section        0  libinit2.o(.ARM.Collect$$libinit$$0000001D)
    .ARM.Collect$$libinit$$0000001F          0x080001b0   Section        0  libinit2.o(.ARM.Collect$$libinit$$0000001F)
    .ARM.Collect$$libinit$$00000021          0x080001b0   Section        0  libinit2.o(.ARM.Collect$$libinit$$00000021)
    .ARM.Collect$$libinit$$00000023          0x080001b0   Section        0  libinit2.o(.ARM.Collect$$libinit$$00000023)
    .ARM.Collect$$libinit$$0000002A          0x080001b0   Section        0  libinit2.o(.ARM.Collect$$libinit$$0000002A)
    .ARM.Collect$$libinit$$0000002C          0x080001b0   Section        0  libinit2.o(.ARM.Collect$$libinit$$0000002C)
    .ARM.Collect$$libinit$$0000002E          0x080001b0   Section        0  libinit2.o(.ARM.Collect$$libinit$$0000002E)
    .ARM.Collect$$libinit$$00000030          0x080001b0   Section        0  libinit2.o(.ARM.Collect$$libinit$$00000030)
    .ARM.Collect$$libinit$$00000031          0x080001b0   Section        2  libinit2.o(.ARM.Collect$$libinit$$00000031)
    .ARM.Collect$$libshutdown$$00000000      0x080001b2   Section        2  libshutdown.o(.ARM.Collect$$libshutdown$$00000000)
    .ARM.Collect$$libshutdown$$00000003      0x080001b4   Section        0  libshutdown2.o(.ARM.Collect$$libshutdown$$00000003)
    .ARM.Collect$$libshutdown$$00000006      0x080001b4   Section        0  libshutdown2.o(.ARM.Collect$$libshutdown$$00000006)
    .ARM.Collect$$libshutdown$$00000009      0x080001b4   Section        0  libshutdown2.o(.ARM.Collect$$libshutdown$$00000009)
    .ARM.Collect$$libshutdown$$0000000B      0x080001b4   Section        0  libshutdown2.o(.ARM.Collect$$libshutdown$$0000000B)
    .ARM.Collect$$libshutdown$$0000000E      0x080001b4   Section        0  libshutdown2.o(.ARM.Collect$$libshutdown$$0000000E)
    .ARM.Collect$$libshutdown$$0000000F      0x080001b4   Section        2  libshutdown2.o(.ARM.Collect$$libshutdown$$0000000F)
    .ARM.Collect$$rtentry$$00000000          0x080001b6   Section        0  rtentry.o(.ARM.Collect$$rtentry$$00000000)
    .ARM.Collect$$rtentry$$00000002          0x080001b6   Section        0  rtentry2.o(.ARM.Collect$$rtentry$$00000002)
    .ARM.Collect$$rtentry$$00000004          0x080001b6   Section        6  rtentry4.o(.ARM.Collect$$rtentry$$00000004)
    .ARM.Collect$$rtentry$$00000009          0x080001bc   Section        0  rtentry2.o(.ARM.Collect$$rtentry$$00000009)
    .ARM.Collect$$rtentry$$0000000A          0x080001bc   Section        4  rtentry2.o(.ARM.Collect$$rtentry$$0000000A)
    .ARM.Collect$$rtentry$$0000000C          0x080001c0   Section        0  rtentry2.o(.ARM.Collect$$rtentry$$0000000C)
    .ARM.Collect$$rtentry$$0000000D          0x080001c0   Section        8  rtentry2.o(.ARM.Collect$$rtentry$$0000000D)
    .ARM.Collect$$rtexit$$00000000           0x080001c8   Section        2  rtexit.o(.ARM.Collect$$rtexit$$00000000)
    .ARM.Collect$$rtexit$$00000002           0x080001ca   Section        0  rtexit2.o(.ARM.Collect$$rtexit$$00000002)
    .ARM.Collect$$rtexit$$00000003           0x080001ca   Section        4  rtexit2.o(.ARM.Collect$$rtexit$$00000003)
    .ARM.Collect$$rtexit$$00000004           0x080001ce   Section        6  rtexit2.o(.ARM.Collect$$rtexit$$00000004)
    .emb_text                                0x080001d4   Section       12  sys.o(.emb_text)
    .text                                    0x080001e0   Section       56  startup_stm32f10x_hd.o(.text)
    .text                                    0x08000218   Section        0  delay.o(.text)
    .text                                    0x080002c8   Section        0  sys.o(.text)
    .text                                    0x08000584   Section        0  usart.o(.text)
    .text                                    0x08000708   Section        0  main.o(.text)
    .text                                    0x08000e70   Section        0  key.o(.text)
    .text                                    0x08000f90   Section        0  led.o(.text)
    .text                                    0x08000fcc   Section        0  stmiic.o(.text)
    .text                                    0x080012c8   Section        0  ili93xx.o(.text)
    .text                                    0x08002eac   Section        0  adc.o(.text)
    .text                                    0x08003048   Section        0  uart4.o(.text)
    .text                                    0x080031fc   Section        0  mlx90614.o(.text)
    .text                                    0x080032b4   Section        0  usart2pm25.o(.text)
    .text                                    0x0800342c   Section        0  sendpack.o(.text)
    .text                                    0x080036c8   Section        0  read24c16.o(.text)
    .text                                    0x0800374e   Section        2  use_no_semi_2.o(.text)
    .text                                    0x08003750   Section        0  noretval__2printf.o(.text)
    .text                                    0x08003768   Section        0  __printf.o(.text)
    .text                                    0x080037d0   Section        0  _printf_hex_int.o(.text)
    .text                                    0x08003828   Section        0  heapauxi.o(.text)
    .text                                    0x0800382e   Section        2  use_no_semi.o(.text)
    .text                                    0x08003830   Section        0  _rserrno.o(.text)
    .text                                    0x08003846   Section        0  _printf_intcommon.o(.text)
    .text                                    0x080038f8   Section        0  _printf_char_file.o(.text)
    .text                                    0x0800391c   Section        8  rt_errno_addr_intlibspace.o(.text)
    .text                                    0x08003924   Section        0  _printf_char_common.o(.text)
    _printf_input_char                       0x08003925   Thumb Code    10  _printf_char_common.o(.text)
    .text                                    0x08003954   Section        0  ferror.o(.text)
    .text                                    0x0800395c   Section        8  libspace.o(.text)
    .text                                    0x08003964   Section       74  sys_stackheap_outer.o(.text)
    .text                                    0x080039ae   Section        0  exit.o(.text)
    i.__ARM_fpclassify                       0x080039ba   Section        0  fpclassify.o(i.__ARM_fpclassify)
    i.__kernel_poly                          0x080039e2   Section        0  poly.o(i.__kernel_poly)
    i.__mathlib_dbl_underflow                0x08003a8c   Section        0  dunder.o(i.__mathlib_dbl_underflow)
    i.pow                                    0x08003a9c   Section        0  pow.o(i.pow)
    i.sqrt                                   0x0800447c   Section        0  sqrt.o(i.sqrt)
    x$fpl$d2f                                0x080044c8   Section       98  d2f.o(x$fpl$d2f)
    x$fpl$dadd                               0x0800452c   Section      336  daddsub_clz.o(x$fpl$dadd)
    _dadd1                                   0x0800453d   Thumb Code     0  daddsub_clz.o(x$fpl$dadd)
    x$fpl$dcheck1                            0x0800467c   Section       16  dcheck1.o(x$fpl$dcheck1)
    x$fpl$dcmpinf                            0x0800468c   Section       24  dcmpi.o(x$fpl$dcmpinf)
    x$fpl$ddiv                               0x080046a4   Section      688  ddiv.o(x$fpl$ddiv)
    ddiv_entry                               0x080046ab   Thumb Code     0  ddiv.o(x$fpl$ddiv)
    x$fpl$dfix                               0x08004954   Section       94  dfix.o(x$fpl$dfix)
    x$fpl$dflt                               0x080049b2   Section       46  dflt_clz.o(x$fpl$dflt)
    x$fpl$dfltu                              0x080049e0   Section       38  dflt_clz.o(x$fpl$dfltu)
    x$fpl$dleqf                              0x08004a08   Section      120  dleqf.o(x$fpl$dleqf)
    x$fpl$dmul                               0x08004a80   Section      340  dmul.o(x$fpl$dmul)
    x$fpl$dnaninf                            0x08004bd4   Section      156  dnaninf.o(x$fpl$dnaninf)
    x$fpl$dretinf                            0x08004c70   Section       12  dretinf.o(x$fpl$dretinf)
    x$fpl$drleqf                             0x08004c7c   Section      108  drleqf.o(x$fpl$drleqf)
    x$fpl$drsb                               0x08004ce8   Section       22  daddsub_clz.o(x$fpl$drsb)
    x$fpl$dsqrt                              0x08004d00   Section      460  dsqrt_noumaal.o(x$fpl$dsqrt)
    x$fpl$dsub                               0x08004ecc   Section      468  daddsub_clz.o(x$fpl$dsub)
    _dsub1                                   0x08004edd   Thumb Code     0  daddsub_clz.o(x$fpl$dsub)
    x$fpl$f2d                                0x080050a0   Section       86  f2d.o(x$fpl$f2d)
    x$fpl$fadd                               0x080050f8   Section      196  faddsub_clz.o(x$fpl$fadd)
    _fadd1                                   0x08005107   Thumb Code     0  faddsub_clz.o(x$fpl$fadd)
    x$fpl$fdiv                               0x080051bc   Section      388  fdiv.o(x$fpl$fdiv)
    _fdiv1                                   0x080051bd   Thumb Code     0  fdiv.o(x$fpl$fdiv)
    x$fpl$ffix                               0x08005340   Section       54  ffix.o(x$fpl$ffix)
    x$fpl$ffixu                              0x08005378   Section       62  ffixu.o(x$fpl$ffixu)
    x$fpl$fflt                               0x080053b8   Section       48  fflt_clz.o(x$fpl$fflt)
    x$fpl$ffltu                              0x080053e8   Section       38  fflt_clz.o(x$fpl$ffltu)
    x$fpl$fmul                               0x08005410   Section      258  fmul.o(x$fpl$fmul)
    x$fpl$fnaninf                            0x08005512   Section      140  fnaninf.o(x$fpl$fnaninf)
    x$fpl$fretinf                            0x0800559e   Section       10  fretinf.o(x$fpl$fretinf)
    x$fpl$frsb                               0x080055a8   Section       20  faddsub_clz.o(x$fpl$frsb)
    x$fpl$fsub                               0x080055bc   Section      234  faddsub_clz.o(x$fpl$fsub)
    _fsub1                                   0x080055cb   Thumb Code     0  faddsub_clz.o(x$fpl$fsub)
    x$fpl$retnan                             0x080056a6   Section      100  retnan.o(x$fpl$retnan)
    x$fpl$scalbn                             0x0800570a   Section       92  scalbn.o(x$fpl$scalbn)
    x$fpl$trapveneer                         0x08005766   Section       48  trapv.o(x$fpl$trapveneer)
    .constdata                               0x08005796   Section     1432  main.o(.constdata)
    x$fpl$usenofp                            0x08005796   Section        0  usenofp.o(x$fpl$usenofp)
    .constdata                               0x08005d2e   Section     6080  ili93xx.o(.constdata)
    .constdata                               0x080074ee   Section       40  _printf_hex_int.o(.constdata)
    uc_hextab                                0x080074ee   Data          20  _printf_hex_int.o(.constdata)
    lc_hextab                                0x08007502   Data          20  _printf_hex_int.o(.constdata)
    .constdata                               0x08007518   Section      136  pow.o(.constdata)
    bp                                       0x08007518   Data          16  pow.o(.constdata)
    dp_h                                     0x08007528   Data          16  pow.o(.constdata)
    dp_l                                     0x08007538   Data          16  pow.o(.constdata)
    L                                        0x08007548   Data          48  pow.o(.constdata)
    P                                        0x08007578   Data          40  pow.o(.constdata)
    .constdata                               0x080075a0   Section        8  qnan.o(.constdata)
    .data                                    0x20000000   Section        4  delay.o(.data)
    fac_us                                   0x20000000   Data           1  delay.o(.data)
    fac_ms                                   0x20000002   Data           2  delay.o(.data)
    .data                                    0x20000004   Section        6  usart.o(.data)
    .data                                    0x2000000c   Section       38  main.o(.data)
    .data                                    0x20000032   Section        1  key.o(.data)
    key_up                                   0x20000032   Data           1  key.o(.data)
    .data                                    0x20000034   Section        4  ili93xx.o(.data)
    .data                                    0x20000038   Section        7  uart4.o(.data)
    Com4RecCount                             0x2000003d   Data           1  uart4.o(.data)
    Com4CheckSum                             0x2000003e   Data           1  uart4.o(.data)
    .data                                    0x2000003f   Section       10  usart2pm25.o(.data)
    Com2RecCount                             0x20000047   Data           1  usart2pm25.o(.data)
    Com2CheckSum                             0x20000048   Data           1  usart2pm25.o(.data)
    .bss                                     0x2000004c   Section      200  usart.o(.bss)
    .bss                                     0x20000114   Section     3368  main.o(.bss)
    .bss                                     0x20000e3c   Section       14  ili93xx.o(.bss)
    .bss                                     0x20000e4c   Section       96  libspace.o(.bss)
    HEAP                                     0x20000eb0   Section      512  startup_stm32f10x_hd.o(HEAP)
    Heap_Mem                                 0x20000eb0   Data         512  startup_stm32f10x_hd.o(HEAP)
    STACK                                    0x200010b0   Section     1024  startup_stm32f10x_hd.o(STACK)
    Stack_Mem                                0x200010b0   Data        1024  startup_stm32f10x_hd.o(STACK)
    __initial_sp                             0x200014b0   Data           0  startup_stm32f10x_hd.o(STACK)

    Global Symbols

    Symbol Name                              Value     Ov Type        Size  Object(Section)

    BuildAttributes$$THM_ISAv4$P$D$K$B$S$PE$A:L22UL41UL21$X:L11$S22US41US21$IEEE1$IW$USESV6$~STKCKD$USESV7$~SHL$OTIME$ROPI$IEEEX$EBA8$UX$STANDARDLIB$REQ8$PRES8$EABIv2 0x00000000   Number         0  anon$$obj.o ABSOLUTE
    __ARM_use_no_argv                        0x00000000   Number         0  main.o ABSOLUTE
    __ARM_exceptions_init                     - Undefined Weak Reference
    __alloca_initialize                       - Undefined Weak Reference
    __cpp_initialize__aeabi_                  - Undefined Weak Reference
    __cxa_finalize                            - Undefined Weak Reference
    __rt_locale                               - Undefined Weak Reference
    __sigvec_lookup                           - Undefined Weak Reference
    _atexit_init                              - Undefined Weak Reference
    _call_atexit_fns                          - Undefined Weak Reference
    _clock_init                               - Undefined Weak Reference
    _fp_trap_init                             - Undefined Weak Reference
    _fp_trap_shutdown                         - Undefined Weak Reference
    _get_lc_collate                           - Undefined Weak Reference
    _get_lc_ctype                             - Undefined Weak Reference
    _get_lc_monetary                          - Undefined Weak Reference
    _get_lc_numeric                           - Undefined Weak Reference
    _get_lc_time                              - Undefined Weak Reference
    _getenv_init                              - Undefined Weak Reference
    _handle_redirection                       - Undefined Weak Reference
    _init_alloc                               - Undefined Weak Reference
    _init_user_alloc                          - Undefined Weak Reference
    _initio                                   - Undefined Weak Reference
    _mutex_acquire                            - Undefined Weak Reference
    _mutex_release                            - Undefined Weak Reference
    _printf_post_padding                      - Undefined Weak Reference
    _printf_pre_padding                       - Undefined Weak Reference
    _printf_truncate_unsigned                 - Undefined Weak Reference
    _rand_init                                - Undefined Weak Reference
    _signal_finish                            - Undefined Weak Reference
    _signal_init                              - Undefined Weak Reference
    _terminate_alloc                          - Undefined Weak Reference
    _terminate_user_alloc                     - Undefined Weak Reference
    _terminateio                              - Undefined Weak Reference
    __Vectors_Size                           0x00000130   Number         0  startup_stm32f10x_hd.o ABSOLUTE
    __Vectors                                0x08000000   Data           4  startup_stm32f10x_hd.o(RESET)
    __Vectors_End                            0x08000130   Data           0  startup_stm32f10x_hd.o(RESET)
    __main                                   0x08000131   Thumb Code     8  __main.o(!!!main)
    __scatterload                            0x08000139   Thumb Code     0  __scatter.o(!!!scatter)
    __scatterload_rt2                        0x08000139   Thumb Code    44  __scatter.o(!!!scatter)
    __scatterload_rt2_thumb_only             0x08000139   Thumb Code     0  __scatter.o(!!!scatter)
    __scatterload_null                       0x08000147   Thumb Code     0  __scatter.o(!!!scatter)
    __scatterload_copy                       0x0800016d   Thumb Code    26  __scatter_copy.o(!!handler_copy)
    __scatterload_zeroinit                   0x08000189   Thumb Code    28  __scatter_zi.o(!!handler_zi)
    _printf_percent                          0x080001a5   Thumb Code     0  _printf_percent.o(.ARM.Collect$$_printf_percent$$00000000)
    _printf_x                                0x080001a5   Thumb Code     0  _printf_x.o(.ARM.Collect$$_printf_percent$$0000000C)
    _printf_percent_end                      0x080001ab   Thumb Code     0  _printf_percent_end.o(.ARM.Collect$$_printf_percent$$00000017)
    __rt_lib_init                            0x080001af   Thumb Code     0  libinit.o(.ARM.Collect$$libinit$$00000000)
    __rt_lib_init_alloca_1                   0x080001b1   Thumb Code     0  libinit2.o(.ARM.Collect$$libinit$$0000002C)
    __rt_lib_init_argv_1                     0x080001b1   Thumb Code     0  libinit2.o(.ARM.Collect$$libinit$$0000002A)
    __rt_lib_init_atexit_1                   0x080001b1   Thumb Code     0  libinit2.o(.ARM.Collect$$libinit$$00000019)
    __rt_lib_init_clock_1                    0x080001b1   Thumb Code     0  libinit2.o(.ARM.Collect$$libinit$$0000001F)
    __rt_lib_init_cpp_1                      0x080001b1   Thumb Code     0  libinit2.o(.ARM.Collect$$libinit$$00000030)
    __rt_lib_init_exceptions_1               0x080001b1   Thumb Code     0  libinit2.o(.ARM.Collect$$libinit$$0000002E)
    __rt_lib_init_fp_1                       0x080001b1   Thumb Code     0  libinit2.o(.ARM.Collect$$libinit$$00000002)
    __rt_lib_init_fp_trap_1                  0x080001b1   Thumb Code     0  libinit2.o(.ARM.Collect$$libinit$$0000001D)
    __rt_lib_init_getenv_1                   0x080001b1   Thumb Code     0  libinit2.o(.ARM.Collect$$libinit$$00000021)
    __rt_lib_init_heap_1                     0x080001b1   Thumb Code     0  libinit2.o(.ARM.Collect$$libinit$$00000008)
    __rt_lib_init_lc_collate_1               0x080001b1   Thumb Code     0  libinit2.o(.ARM.Collect$$libinit$$0000000F)
    __rt_lib_init_lc_ctype_1                 0x080001b1   Thumb Code     0  libinit2.o(.ARM.Collect$$libinit$$00000011)
    __rt_lib_init_lc_monetary_1              0x080001b1   Thumb Code     0  libinit2.o(.ARM.Collect$$libinit$$00000013)
    __rt_lib_init_lc_numeric_1               0x080001b1   Thumb Code     0  libinit2.o(.ARM.Collect$$libinit$$00000015)
    __rt_lib_init_lc_time_1                  0x080001b1   Thumb Code     0  libinit2.o(.ARM.Collect$$libinit$$00000017)
    __rt_lib_init_rand_1                     0x080001b1   Thumb Code     0  libinit2.o(.ARM.Collect$$libinit$$0000000C)
    __rt_lib_init_return                     0x080001b1   Thumb Code     0  libinit2.o(.ARM.Collect$$libinit$$00000031)
    __rt_lib_init_signal_1                   0x080001b1   Thumb Code     0  libinit2.o(.ARM.Collect$$libinit$$0000001B)
    __rt_lib_init_stdio_1                    0x080001b1   Thumb Code     0  libinit2.o(.ARM.Collect$$libinit$$00000023)
    __rt_lib_init_user_alloc_1               0x080001b1   Thumb Code     0  libinit2.o(.ARM.Collect$$libinit$$0000000A)
    __rt_lib_shutdown                        0x080001b3   Thumb Code     0  libshutdown.o(.ARM.Collect$$libshutdown$$00000000)
    __rt_lib_shutdown_fp_trap_1              0x080001b5   Thumb Code     0  libshutdown2.o(.ARM.Collect$$libshutdown$$00000006)
    __rt_lib_shutdown_heap_1                 0x080001b5   Thumb Code     0  libshutdown2.o(.ARM.Collect$$libshutdown$$0000000E)
    __rt_lib_shutdown_return                 0x080001b5   Thumb Code     0  libshutdown2.o(.ARM.Collect$$libshutdown$$0000000F)
    __rt_lib_shutdown_signal_1               0x080001b5   Thumb Code     0  libshutdown2.o(.ARM.Collect$$libshutdown$$00000009)
    __rt_lib_shutdown_stdio_1                0x080001b5   Thumb Code     0  libshutdown2.o(.ARM.Collect$$libshutdown$$00000003)
    __rt_lib_shutdown_user_alloc_1           0x080001b5   Thumb Code     0  libshutdown2.o(.ARM.Collect$$libshutdown$$0000000B)
    __rt_entry                               0x080001b7   Thumb Code     0  rtentry.o(.ARM.Collect$$rtentry$$00000000)
    __rt_entry_presh_1                       0x080001b7   Thumb Code     0  rtentry2.o(.ARM.Collect$$rtentry$$00000002)
    __rt_entry_sh                            0x080001b7   Thumb Code     0  rtentry4.o(.ARM.Collect$$rtentry$$00000004)
    __rt_entry_li                            0x080001bd   Thumb Code     0  rtentry2.o(.ARM.Collect$$rtentry$$0000000A)
    __rt_entry_postsh_1                      0x080001bd   Thumb Code     0  rtentry2.o(.ARM.Collect$$rtentry$$00000009)
    __rt_entry_main                          0x080001c1   Thumb Code     0  rtentry2.o(.ARM.Collect$$rtentry$$0000000D)
    __rt_entry_postli_1                      0x080001c1   Thumb Code     0  rtentry2.o(.ARM.Collect$$rtentry$$0000000C)
    __rt_exit                                0x080001c9   Thumb Code     0  rtexit.o(.ARM.Collect$$rtexit$$00000000)
    __rt_exit_ls                             0x080001cb   Thumb Code     0  rtexit2.o(.ARM.Collect$$rtexit$$00000003)
    __rt_exit_prels_1                        0x080001cb   Thumb Code     0  rtexit2.o(.ARM.Collect$$rtexit$$00000002)
    __rt_exit_exit                           0x080001cf   Thumb Code     0  rtexit2.o(.ARM.Collect$$rtexit$$00000004)
    WFI_SET                                  0x080001d5   Thumb Code     2  sys.o(.emb_text)
    INTX_DISABLE                             0x080001d7   Thumb Code     2  sys.o(.emb_text)
    INTX_ENABLE                              0x080001d9   Thumb Code     2  sys.o(.emb_text)
    MSR_MSP                                  0x080001db   Thumb Code     6  sys.o(.emb_text)
    Reset_Handler                            0x080001e1   Thumb Code     4  startup_stm32f10x_hd.o(.text)
    NMI_Handler                              0x080001e5   Thumb Code     2  startup_stm32f10x_hd.o(.text)
    HardFault_Handler                        0x080001e7   Thumb Code     2  startup_stm32f10x_hd.o(.text)
    MemManage_Handler                        0x080001e9   Thumb Code     2  startup_stm32f10x_hd.o(.text)
    BusFault_Handler                         0x080001eb   Thumb Code     2  startup_stm32f10x_hd.o(.text)
    UsageFault_Handler                       0x080001ed   Thumb Code     2  startup_stm32f10x_hd.o(.text)
    SVC_Handler                              0x080001ef   Thumb Code     2  startup_stm32f10x_hd.o(.text)
    DebugMon_Handler                         0x080001f1   Thumb Code     2  startup_stm32f10x_hd.o(.text)
    PendSV_Handler                           0x080001f3   Thumb Code     2  startup_stm32f10x_hd.o(.text)
    SysTick_Handler                          0x080001f5   Thumb Code     2  startup_stm32f10x_hd.o(.text)
    ADC1_2_IRQHandler                        0x080001f7   Thumb Code     0  startup_stm32f10x_hd.o(.text)
    ADC3_IRQHandler                          0x080001f7   Thumb Code     0  startup_stm32f10x_hd.o(.text)
    CAN1_RX1_IRQHandler                      0x080001f7   Thumb Code     0  startup_stm32f10x_hd.o(.text)
    CAN1_SCE_IRQHandler                      0x080001f7   Thumb Code     0  startup_stm32f10x_hd.o(.text)
    DMA1_Channel1_IRQHandler                 0x080001f7   Thumb Code     0  startup_stm32f10x_hd.o(.text)
    DMA1_Channel2_IRQHandler                 0x080001f7   Thumb Code     0  startup_stm32f10x_hd.o(.text)
    DMA1_Channel3_IRQHandler                 0x080001f7   Thumb Code     0  startup_stm32f10x_hd.o(.text)
    DMA1_Channel4_IRQHandler                 0x080001f7   Thumb Code     0  startup_stm32f10x_hd.o(.text)
    DMA1_Channel5_IRQHandler                 0x080001f7   Thumb Code     0  startup_stm32f10x_hd.o(.text)
    DMA1_Channel6_IRQHandler                 0x080001f7   Thumb Code     0  startup_stm32f10x_hd.o(.text)
    DMA1_Channel7_IRQHandler                 0x080001f7   Thumb Code     0  startup_stm32f10x_hd.o(.text)
    DMA2_Channel1_IRQHandler                 0x080001f7   Thumb Code     0  startup_stm32f10x_hd.o(.text)
    DMA2_Channel2_IRQHandler                 0x080001f7   Thumb Code     0  startup_stm32f10x_hd.o(.text)
    DMA2_Channel3_IRQHandler                 0x080001f7   Thumb Code     0  startup_stm32f10x_hd.o(.text)
    DMA2_Channel4_5_IRQHandler               0x080001f7   Thumb Code     0  startup_stm32f10x_hd.o(.text)
    EXTI0_IRQHandler                         0x080001f7   Thumb Code     0  startup_stm32f10x_hd.o(.text)
    EXTI15_10_IRQHandler                     0x080001f7   Thumb Code     0  startup_stm32f10x_hd.o(.text)
    EXTI1_IRQHandler                         0x080001f7   Thumb Code     0  startup_stm32f10x_hd.o(.text)
    EXTI2_IRQHandler                         0x080001f7   Thumb Code     0  startup_stm32f10x_hd.o(.text)
    EXTI3_IRQHandler                         0x080001f7   Thumb Code     0  startup_stm32f10x_hd.o(.text)
    EXTI4_IRQHandler                         0x080001f7   Thumb Code     0  startup_stm32f10x_hd.o(.text)
    EXTI9_5_IRQHandler                       0x080001f7   Thumb Code     0  startup_stm32f10x_hd.o(.text)
    FLASH_IRQHandler                         0x080001f7   Thumb Code     0  startup_stm32f10x_hd.o(.text)
    FSMC_IRQHandler                          0x080001f7   Thumb Code     0  startup_stm32f10x_hd.o(.text)
    I2C1_ER_IRQHandler                       0x080001f7   Thumb Code     0  startup_stm32f10x_hd.o(.text)
    I2C1_EV_IRQHandler                       0x080001f7   Thumb Code     0  startup_stm32f10x_hd.o(.text)
    I2C2_ER_IRQHandler                       0x080001f7   Thumb Code     0  startup_stm32f10x_hd.o(.text)
    I2C2_EV_IRQHandler                       0x080001f7   Thumb Code     0  startup_stm32f10x_hd.o(.text)
    PVD_IRQHandler                           0x080001f7   Thumb Code     0  startup_stm32f10x_hd.o(.text)
    RCC_IRQHandler                           0x080001f7   Thumb Code     0  startup_stm32f10x_hd.o(.text)
    RTCAlarm_IRQHandler                      0x080001f7   Thumb Code     0  startup_stm32f10x_hd.o(.text)
    RTC_IRQHandler                           0x080001f7   Thumb Code     0  startup_stm32f10x_hd.o(.text)
    SDIO_IRQHandler                          0x080001f7   Thumb Code     0  startup_stm32f10x_hd.o(.text)
    SPI1_IRQHandler                          0x080001f7   Thumb Code     0  startup_stm32f10x_hd.o(.text)
    SPI2_IRQHandler                          0x080001f7   Thumb Code     0  startup_stm32f10x_hd.o(.text)
    SPI3_IRQHandler                          0x080001f7   Thumb Code     0  startup_stm32f10x_hd.o(.text)
    TAMPER_IRQHandler                        0x080001f7   Thumb Code     0  startup_stm32f10x_hd.o(.text)
    TIM1_BRK_IRQHandler                      0x080001f7   Thumb Code     0  startup_stm32f10x_hd.o(.text)
    TIM1_CC_IRQHandler                       0x080001f7   Thumb Code     0  startup_stm32f10x_hd.o(.text)
    TIM1_TRG_COM_IRQHandler                  0x080001f7   Thumb Code     0  startup_stm32f10x_hd.o(.text)
    TIM1_UP_IRQHandler                       0x080001f7   Thumb Code     0  startup_stm32f10x_hd.o(.text)
    TIM2_IRQHandler                          0x080001f7   Thumb Code     0  startup_stm32f10x_hd.o(.text)
    TIM3_IRQHandler                          0x080001f7   Thumb Code     0  startup_stm32f10x_hd.o(.text)
    TIM4_IRQHandler                          0x080001f7   Thumb Code     0  startup_stm32f10x_hd.o(.text)
    TIM5_IRQHandler                          0x080001f7   Thumb Code     0  startup_stm32f10x_hd.o(.text)
    TIM6_IRQHandler                          0x080001f7   Thumb Code     0  startup_stm32f10x_hd.o(.text)
    TIM7_IRQHandler                          0x080001f7   Thumb Code     0  startup_stm32f10x_hd.o(.text)
    TIM8_BRK_IRQHandler                      0x080001f7   Thumb Code     0  startup_stm32f10x_hd.o(.text)
    TIM8_CC_IRQHandler                       0x080001f7   Thumb Code     0  startup_stm32f10x_hd.o(.text)
    TIM8_TRG_COM_IRQHandler                  0x080001f7   Thumb Code     0  startup_stm32f10x_hd.o(.text)
    TIM8_UP_IRQHandler                       0x080001f7   Thumb Code     0  startup_stm32f10x_hd.o(.text)
    UART5_IRQHandler                         0x080001f7   Thumb Code     0  startup_stm32f10x_hd.o(.text)
    USART3_IRQHandler                        0x080001f7   Thumb Code     0  startup_stm32f10x_hd.o(.text)
    USBWakeUp_IRQHandler                     0x080001f7   Thumb Code     0  startup_stm32f10x_hd.o(.text)
    USB_HP_CAN1_TX_IRQHandler                0x080001f7   Thumb Code     0  startup_stm32f10x_hd.o(.text)
    USB_LP_CAN1_RX0_IRQHandler               0x080001f7   Thumb Code     0  startup_stm32f10x_hd.o(.text)
    WWDG_IRQHandler                          0x080001f7   Thumb Code     0  startup_stm32f10x_hd.o(.text)
    __user_initial_stackheap                 0x080001f9   Thumb Code     0  startup_stm32f10x_hd.o(.text)
    delay_init                               0x08000219   Thumb Code    56  delay.o(.text)
    delay_us                                 0x08000251   Thumb Code    56  delay.o(.text)
    delay_ms                                 0x08000289   Thumb Code    56  delay.o(.text)
    MY_NVIC_SetVectorTable                   0x080002c9   Thumb Code    12  sys.o(.text)
    MY_NVIC_PriorityGroupConfig              0x080002d5   Thumb Code    36  sys.o(.text)
    MY_NVIC_Init                             0x080002f9   Thumb Code   116  sys.o(.text)
    Ex_NVIC_Config                           0x0800036d   Thumb Code   146  sys.o(.text)
    MYRCC_DeInit                             0x080003ff   Thumb Code    90  sys.o(.text)
    Sys_Standby                              0x08000459   Thumb Code    68  sys.o(.text)
    Sys_Soft_Reset                           0x0800049d   Thumb Code    12  sys.o(.text)
    JTAG_Set                                 0x080004a9   Thumb Code    42  sys.o(.text)
    Stm32_Clock_Init                         0x080004d3   Thumb Code   134  sys.o(.text)
    _sys_exit                                0x08000585   Thumb Code     6  usart.o(.text)
    fputc                                    0x0800058b   Thumb Code    24  usart.o(.text)
    USART1_IRQHandler                        0x080005a3   Thumb Code   118  usart.o(.text)
    uart_init                                0x08000619   Thumb Code   214  usart.o(.text)
    GetSpO2                                  0x08000709   Thumb Code   354  main.o(.text)
    DrawECG                                  0x0800086b   Thumb Code   180  main.o(.text)
    LCD_ShowChinese                          0x0800091f   Thumb Code   136  main.o(.text)
    LCD_ShowChinese24                        0x080009a7   Thumb Code   196  main.o(.text)
    main                                     0x08000a6b   Thumb Code   942  main.o(.text)
    LCD_ShowPic                              0x08000e19   Thumb Code     2  main.o(.text)
    Key_Init                                 0x08000e71   Thumb Code   144  key.o(.text)
    Key_Scan                                 0x08000f01   Thumb Code   120  key.o(.text)
    LED_Init                                 0x08000f91   Thumb Code    52  led.o(.text)
    IICdelay                                 0x08000fcd   Thumb Code    16  stmiic.o(.text)
    IICinit                                  0x08000fdd   Thumb Code   114  stmiic.o(.text)
    IICstart                                 0x0800104f   Thumb Code    62  stmiic.o(.text)
    IICstop                                  0x0800108d   Thumb Code    62  stmiic.o(.text)
    SlaRes                                   0x080010cb   Thumb Code    76  stmiic.o(.text)
    MasRes                                   0x08001117   Thumb Code    60  stmiic.o(.text)
    NoRes                                    0x08001153   Thumb Code    60  stmiic.o(.text)
    IICwrite                                 0x0800118f   Thumb Code    98  stmiic.o(.text)
    IICread                                  0x080011f1   Thumb Code    86  stmiic.o(.text)
    IICWriteOneByte                          0x08001247   Thumb Code    48  stmiic.o(.text)
    IICReadOneByte                           0x08001277   Thumb Code    64  stmiic.o(.text)
    LCD_WR_REG                               0x080012c9   Thumb Code    28  ili93xx.o(.text)
    LCD_WR_DATAX                             0x080012e5   Thumb Code    28  ili93xx.o(.text)
    LCD_RD_DATA                              0x08001301   Thumb Code    98  ili93xx.o(.text)
    LCD_WriteReg                             0x08001363   Thumb Code    40  ili93xx.o(.text)
    LCD_ReadReg                              0x0800138b   Thumb Code    16  ili93xx.o(.text)
    LCD_WriteRAM_Prepare                     0x0800139b   Thumb Code    12  ili93xx.o(.text)
    LCD_WriteRAM                             0x080013a7   Thumb Code    28  ili93xx.o(.text)
    LCD_BGR2RGB                              0x080013c3   Thumb Code    26  ili93xx.o(.text)
    LCD_SetCursor                            0x080013dd   Thumb Code   534  ili93xx.o(.text)
    LCD_ReadPoint                            0x080015f3   Thumb Code   440  ili93xx.o(.text)
    LCD_DisplayOn                            0x080017ab   Thumb Code    80  ili93xx.o(.text)
    LCD_DisplayOff                           0x080017fb   Thumb Code    78  ili93xx.o(.text)
    LCD_Scan_Dir                             0x08001849   Thumb Code  1110  ili93xx.o(.text)
    LCD_DrawPoint                            0x08001c9f   Thumb Code    54  ili93xx.o(.text)
    LCD_Fast_DrawPoint                       0x08001cd5   Thumb Code   630  ili93xx.o(.text)
    LCD_Display_Dir                          0x08001f4b   Thumb Code   420  ili93xx.o(.text)
    LCD_Set_Window                           0x080020ef   Thumb Code   800  ili93xx.o(.text)
    LCD_Clear                                0x0800240f   Thumb Code   122  ili93xx.o(.text)
    LCD_Init                                 0x08002489   Thumb Code  1094  ili93xx.o(.text)
    LCD_Fill                                 0x080028cf   Thumb Code   200  ili93xx.o(.text)
    LCD_Color_Fill                           0x08002997   Thumb Code   116  ili93xx.o(.text)
    LCD_DrawLine                             0x08002a0b   Thumb Code   176  ili93xx.o(.text)
    LCD_DrawRectangle                        0x08002abb   Thumb Code    60  ili93xx.o(.text)
    LCD_Draw_Circle                          0x08002af7   Thumb Code   176  ili93xx.o(.text)
    LCD_ShowChar                             0x08002ba7   Thumb Code   310  ili93xx.o(.text)
    LCD_Pow                                  0x08002cdd   Thumb Code    22  ili93xx.o(.text)
    LCD_ShowNum                              0x08002cf3   Thumb Code   148  ili93xx.o(.text)
    LCD_ShowxNum                             0x08002d87   Thumb Code   190  ili93xx.o(.text)
    LCD_ShowString                           0x08002e45   Thumb Code   102  ili93xx.o(.text)
    Adc_Init                                 0x08002ead   Thumb Code   280  adc.o(.text)
    Get_Adc                                  0x08002fc5   Thumb Code    68  adc.o(.text)
    Get_Adc_Average                          0x08003009   Thumb Code    46  adc.o(.text)
    UART4_Init                               0x08003049   Thumb Code   212  uart4.o(.text)
    UART4_IRQHandler                         0x0800311d   Thumb Code   192  uart4.o(.text)
    ReadTemperatureMLX90614                  0x080031fd   Thumb Code   162  mlx90614.o(.text)
    USART2_Init                              0x080032b5   Thumb Code   212  usart2pm25.o(.text)
    USART2_IRQHandler                        0x08003389   Thumb Code   130  usart2pm25.o(.text)
    Com1SendArray                            0x0800342d   Thumb Code   218  sendpack.o(.text)
    Com2SendArray                            0x08003507   Thumb Code   218  sendpack.o(.text)
    Com3SendArray                            0x080035e1   Thumb Code   218  sendpack.o(.text)
    Readxt                                   0x080036c9   Thumb Code    94  read24c16.o(.text)
    deal                                     0x08003727   Thumb Code    40  read24c16.o(.text)
    __use_no_semihosting                     0x0800374f   Thumb Code     2  use_no_semi_2.o(.text)
    __2printf                                0x08003751   Thumb Code    20  noretval__2printf.o(.text)
    __printf                                 0x08003769   Thumb Code   104  __printf.o(.text)
    _printf_int_hex                          0x080037d1   Thumb Code    84  _printf_hex_int.o(.text)
    _printf_longlong_hex                     0x080037d1   Thumb Code     0  _printf_hex_int.o(.text)
    __use_two_region_memory                  0x08003829   Thumb Code     2  heapauxi.o(.text)
    __rt_heap_escrow$2region                 0x0800382b   Thumb Code     2  heapauxi.o(.text)
    __rt_heap_expand$2region                 0x0800382d   Thumb Code     2  heapauxi.o(.text)
    __I$use$semihosting                      0x0800382f   Thumb Code     0  use_no_semi.o(.text)
    __use_no_semihosting_swi                 0x0800382f   Thumb Code     2  use_no_semi.o(.text)
    __read_errno                             0x08003831   Thumb Code    10  _rserrno.o(.text)
    __set_errno                              0x0800383b   Thumb Code    12  _rserrno.o(.text)
    _printf_int_common                       0x08003847   Thumb Code   178  _printf_intcommon.o(.text)
    _printf_char_file                        0x080038f9   Thumb Code    32  _printf_char_file.o(.text)
    __aeabi_errno_addr                       0x0800391d   Thumb Code     8  rt_errno_addr_intlibspace.o(.text)
    __errno$intlibspace                      0x0800391d   Thumb Code     0  rt_errno_addr_intlibspace.o(.text)
    __rt_errno_addr$intlibspace              0x0800391d   Thumb Code     0  rt_errno_addr_intlibspace.o(.text)
    _printf_char_common                      0x0800392f   Thumb Code    32  _printf_char_common.o(.text)
    ferror                                   0x08003955   Thumb Code     8  ferror.o(.text)
    __user_libspace                          0x0800395d   Thumb Code     8  libspace.o(.text)
    __user_perproc_libspace                  0x0800395d   Thumb Code     0  libspace.o(.text)
    __user_perthread_libspace                0x0800395d   Thumb Code     0  libspace.o(.text)
    __user_setup_stackheap                   0x08003965   Thumb Code    74  sys_stackheap_outer.o(.text)
    exit                                     0x080039af   Thumb Code    12  exit.o(.text)
    __ARM_fpclassify                         0x080039bb   Thumb Code    40  fpclassify.o(i.__ARM_fpclassify)
    __kernel_poly                            0x080039e3   Thumb Code   170  poly.o(i.__kernel_poly)
    __mathlib_dbl_underflow                  0x08003a8d   Thumb Code    10  dunder.o(i.__mathlib_dbl_underflow)
    pow                                      0x08003a9d   Thumb Code  2510  pow.o(i.pow)
    sqrt                                     0x0800447d   Thumb Code    76  sqrt.o(i.sqrt)
    __aeabi_d2f                              0x080044c9   Thumb Code     0  d2f.o(x$fpl$d2f)
    _d2f                                     0x080044c9   Thumb Code    98  d2f.o(x$fpl$d2f)
    __aeabi_dadd                             0x0800452d   Thumb Code     0  daddsub_clz.o(x$fpl$dadd)
    _dadd                                    0x0800452d   Thumb Code   332  daddsub_clz.o(x$fpl$dadd)
    __fpl_dcheck_NaN1                        0x0800467d   Thumb Code    10  dcheck1.o(x$fpl$dcheck1)
    __fpl_dcmp_Inf                           0x0800468d   Thumb Code    24  dcmpi.o(x$fpl$dcmpinf)
    __aeabi_ddiv                             0x080046a5   Thumb Code     0  ddiv.o(x$fpl$ddiv)
    _ddiv                                    0x080046a5   Thumb Code   552  ddiv.o(x$fpl$ddiv)
    __aeabi_d2iz                             0x08004955   Thumb Code     0  dfix.o(x$fpl$dfix)
    _dfix                                    0x08004955   Thumb Code    94  dfix.o(x$fpl$dfix)
    __aeabi_i2d                              0x080049b3   Thumb Code     0  dflt_clz.o(x$fpl$dflt)
    _dflt                                    0x080049b3   Thumb Code    46  dflt_clz.o(x$fpl$dflt)
    __aeabi_ui2d                             0x080049e1   Thumb Code     0  dflt_clz.o(x$fpl$dfltu)
    _dfltu                                   0x080049e1   Thumb Code    38  dflt_clz.o(x$fpl$dfltu)
    __aeabi_cdcmple                          0x08004a09   Thumb Code     0  dleqf.o(x$fpl$dleqf)
    _dcmple                                  0x08004a09   Thumb Code   120  dleqf.o(x$fpl$dleqf)
    __fpl_dcmple_InfNaN                      0x08004a6b   Thumb Code     0  dleqf.o(x$fpl$dleqf)
    __aeabi_dmul                             0x08004a81   Thumb Code     0  dmul.o(x$fpl$dmul)
    _dmul                                    0x08004a81   Thumb Code   332  dmul.o(x$fpl$dmul)
    __fpl_dnaninf                            0x08004bd5   Thumb Code   156  dnaninf.o(x$fpl$dnaninf)
    __fpl_dretinf                            0x08004c71   Thumb Code    12  dretinf.o(x$fpl$dretinf)
    __aeabi_cdrcmple                         0x08004c7d   Thumb Code     0  drleqf.o(x$fpl$drleqf)
    _drcmple                                 0x08004c7d   Thumb Code   108  drleqf.o(x$fpl$drleqf)
    __aeabi_drsub                            0x08004ce9   Thumb Code     0  daddsub_clz.o(x$fpl$drsb)
    _drsb                                    0x08004ce9   Thumb Code    22  daddsub_clz.o(x$fpl$drsb)
    _dsqrt                                   0x08004d01   Thumb Code   456  dsqrt_noumaal.o(x$fpl$dsqrt)
    __aeabi_dsub                             0x08004ecd   Thumb Code     0  daddsub_clz.o(x$fpl$dsub)
    _dsub                                    0x08004ecd   Thumb Code   464  daddsub_clz.o(x$fpl$dsub)
    __aeabi_f2d                              0x080050a1   Thumb Code     0  f2d.o(x$fpl$f2d)
    _f2d                                     0x080050a1   Thumb Code    86  f2d.o(x$fpl$f2d)
    __aeabi_fadd                             0x080050f9   Thumb Code     0  faddsub_clz.o(x$fpl$fadd)
    _fadd                                    0x080050f9   Thumb Code   196  faddsub_clz.o(x$fpl$fadd)
    __aeabi_fdiv                             0x080051bd   Thumb Code     0  fdiv.o(x$fpl$fdiv)
    _fdiv                                    0x080051bd   Thumb Code   384  fdiv.o(x$fpl$fdiv)
    __aeabi_f2iz                             0x08005341   Thumb Code     0  ffix.o(x$fpl$ffix)
    _ffix                                    0x08005341   Thumb Code    54  ffix.o(x$fpl$ffix)
    __aeabi_f2uiz                            0x08005379   Thumb Code     0  ffixu.o(x$fpl$ffixu)
    _ffixu                                   0x08005379   Thumb Code    62  ffixu.o(x$fpl$ffixu)
    __aeabi_i2f                              0x080053b9   Thumb Code     0  fflt_clz.o(x$fpl$fflt)
    _fflt                                    0x080053b9   Thumb Code    48  fflt_clz.o(x$fpl$fflt)
    __aeabi_ui2f                             0x080053e9   Thumb Code     0  fflt_clz.o(x$fpl$ffltu)
    _ffltu                                   0x080053e9   Thumb Code    38  fflt_clz.o(x$fpl$ffltu)
    __aeabi_fmul                             0x08005411   Thumb Code     0  fmul.o(x$fpl$fmul)
    _fmul                                    0x08005411   Thumb Code   258  fmul.o(x$fpl$fmul)
    __fpl_fnaninf                            0x08005513   Thumb Code   140  fnaninf.o(x$fpl$fnaninf)
    __fpl_fretinf                            0x0800559f   Thumb Code    10  fretinf.o(x$fpl$fretinf)
    __aeabi_frsub                            0x080055a9   Thumb Code     0  faddsub_clz.o(x$fpl$frsb)
    _frsb                                    0x080055a9   Thumb Code    20  faddsub_clz.o(x$fpl$frsb)
    __aeabi_fsub                             0x080055bd   Thumb Code     0  faddsub_clz.o(x$fpl$fsub)
    _fsub                                    0x080055bd   Thumb Code   234  faddsub_clz.o(x$fpl$fsub)
    __fpl_return_NaN                         0x080056a7   Thumb Code   100  retnan.o(x$fpl$retnan)
    __ARM_scalbn                             0x0800570b   Thumb Code    92  scalbn.o(x$fpl$scalbn)
    __fpl_cmpreturn                          0x08005767   Thumb Code    48  trapv.o(x$fpl$trapveneer)
    CHS                                      0x08005796   Data         736  main.o(.constdata)
    __I$use$fp                               0x08005796   Number         0  usenofp.o(x$fpl$usenofp)
    CHS24                                    0x08005a76   Data         576  main.o(.constdata)
    Logo                                     0x08005cb6   Data         120  main.o(.constdata)
    asc2_1206                                0x08005d2e   Data        1140  ili93xx.o(.constdata)
    asc2_1608                                0x080061a2   Data        1520  ili93xx.o(.constdata)
    asc2_2412                                0x08006792   Data        3420  ili93xx.o(.constdata)
    __mathlib_zero                           0x080075a0   Data           8  qnan.o(.constdata)
    Region$$Table$$Base                      0x080075a8   Number         0  anon$$obj.o(Region$$Table)
    Region$$Table$$Limit                     0x080075c8   Number         0  anon$$obj.o(Region$$Table)
    __stdout                                 0x20000004   Data           4  usart.o(.data)
    USART_RX_STA                             0x20000008   Data           2  usart.o(.data)
    ECG_axis                                 0x2000000c   Data           2  main.o(.data)
    ECG_value_old                            0x2000000e   Data           2  main.o(.data)
    ECG_value_new                            0x20000010   Data           2  main.o(.data)
    TempInt                                  0x20000012   Data           1  main.o(.data)
    TempFlo                                  0x20000013   Data           1  main.o(.data)
    SpO2                                     0x20000014   Data           1  main.o(.data)
    Pulse                                    0x20000015   Data           1  main.o(.data)
    PI                                       0x20000016   Data           2  main.o(.data)
    temperature                              0x20000018   Data           4  main.o(.data)
    pm25                                     0x2000001c   Data           4  main.o(.data)
    intpm25                                  0x20000020   Data           4  main.o(.data)
    count                                    0x20000024   Data           2  main.o(.data)
    ECG_data                                 0x20000026   Data           2  main.o(.data)
    Temp_data                                0x20000028   Data           2  main.o(.data)
    pm_data                                  0x2000002a   Data           4  main.o(.data)
    SpO2_data                                0x2000002e   Data           4  main.o(.data)
    POINT_COLOR                              0x20000034   Data           2  ili93xx.o(.data)
    BACK_COLOR                               0x20000036   Data           2  ili93xx.o(.data)
    Com4RecArr                               0x20000038   Data           4  uart4.o(.data)
    Com4RecComplete                          0x2000003c   Data           1  uart4.o(.data)
    Com2RecArr                               0x2000003f   Data           7  usart2pm25.o(.data)
    Com2RecComplete                          0x20000046   Data           1  usart2pm25.o(.data)
    USART_RX_BUF                             0x2000004c   Data         200  usart.o(.bss)
    BG_data                                  0x20000114   Data        1320  main.o(.bss)
    BG_data_source                           0x2000063c   Data        2048  main.o(.bss)
    lcddev                                   0x20000e3c   Data          14  ili93xx.o(.bss)
    __libspace_start                         0x20000e4c   Data          96  libspace.o(.bss)
    __temporary_stack_top$libspace           0x20000eac   Data           0  libspace.o(.bss)



==============================================================================

Memory Map of the image

  Image Entry point : 0x08000131

  Load Region LR_IROM1 (Base: 0x08000000, Size: 0x00007614, Max: 0x00040000, ABSOLUTE)

    Execution Region ER_IROM1 (Base: 0x08000000, Size: 0x000075c8, Max: 0x00040000, ABSOLUTE)

    Base Addr    Size         Type   Attr      Idx    E Section Name        Object

    0x08000000   0x00000130   Data   RO            3    RESET               startup_stm32f10x_hd.o
    0x08000130   0x00000008   Code   RO          566  * !!!main             c_w.l(__main.o)
    0x08000138   0x00000034   Code   RO          840    !!!scatter          c_w.l(__scatter.o)
    0x0800016c   0x0000001a   Code   RO          842    !!handler_copy      c_w.l(__scatter_copy.o)
    0x08000186   0x00000002   PAD
    0x08000188   0x0000001c   Code   RO          844    !!handler_zi        c_w.l(__scatter_zi.o)
    0x080001a4   0x00000000   Code   RO          563    .ARM.Collect$$_printf_percent$$00000000  c_w.l(_printf_percent.o)
    0x080001a4   0x00000006   Code   RO          562    .ARM.Collect$$_printf_percent$$0000000C  c_w.l(_printf_x.o)
    0x080001aa   0x00000004   Code   RO          635    .ARM.Collect$$_printf_percent$$00000017  c_w.l(_printf_percent_end.o)
    0x080001ae   0x00000002   Code   RO          714    .ARM.Collect$$libinit$$00000000  c_w.l(libinit.o)
    0x080001b0   0x00000000   Code   RO          722    .ARM.Collect$$libinit$$00000002  c_w.l(libinit2.o)
    0x080001b0   0x00000000   Code   RO          725    .ARM.Collect$$libinit$$00000008  c_w.l(libinit2.o)
    0x080001b0   0x00000000   Code   RO          727    .ARM.Collect$$libinit$$0000000A  c_w.l(libinit2.o)
    0x080001b0   0x00000000   Code   RO          729    .ARM.Collect$$libinit$$0000000C  c_w.l(libinit2.o)
    0x080001b0   0x00000000   Code   RO          732    .ARM.Collect$$libinit$$0000000F  c_w.l(libinit2.o)
    0x080001b0   0x00000000   Code   RO          734    .ARM.Collect$$libinit$$00000011  c_w.l(libinit2.o)
    0x080001b0   0x00000000   Code   RO          736    .ARM.Collect$$libinit$$00000013  c_w.l(libinit2.o)
    0x080001b0   0x00000000   Code   RO          738    .ARM.Collect$$libinit$$00000015  c_w.l(libinit2.o)
    0x080001b0   0x00000000   Code   RO          740    .ARM.Collect$$libinit$$00000017  c_w.l(libinit2.o)
    0x080001b0   0x00000000   Code   RO          742    .ARM.Collect$$libinit$$00000019  c_w.l(libinit2.o)
    0x080001b0   0x00000000   Code   RO          744    .ARM.Collect$$libinit$$0000001B  c_w.l(libinit2.o)
    0x080001b0   0x00000000   Code   RO          746    .ARM.Collect$$libinit$$0000001D  c_w.l(libinit2.o)
    0x080001b0   0x00000000   Code   RO          748    .ARM.Collect$$libinit$$0000001F  c_w.l(libinit2.o)
    0x080001b0   0x00000000   Code   RO          750    .ARM.Collect$$libinit$$00000021  c_w.l(libinit2.o)
    0x080001b0   0x00000000   Code   RO          752    .ARM.Collect$$libinit$$00000023  c_w.l(libinit2.o)
    0x080001b0   0x00000000   Code   RO          756    .ARM.Collect$$libinit$$0000002A  c_w.l(libinit2.o)
    0x080001b0   0x00000000   Code   RO          758    .ARM.Collect$$libinit$$0000002C  c_w.l(libinit2.o)
    0x080001b0   0x00000000   Code   RO          760    .ARM.Collect$$libinit$$0000002E  c_w.l(libinit2.o)
    0x080001b0   0x00000000   Code   RO          762    .ARM.Collect$$libinit$$00000030  c_w.l(libinit2.o)
    0x080001b0   0x00000002   Code   RO          763    .ARM.Collect$$libinit$$00000031  c_w.l(libinit2.o)
    0x080001b2   0x00000002   Code   RO          783    .ARM.Collect$$libshutdown$$00000000  c_w.l(libshutdown.o)
    0x080001b4   0x00000000   Code   RO          794    .ARM.Collect$$libshutdown$$00000003  c_w.l(libshutdown2.o)
    0x080001b4   0x00000000   Code   RO          797    .ARM.Collect$$libshutdown$$00000006  c_w.l(libshutdown2.o)
    0x080001b4   0x00000000   Code   RO          800    .ARM.Collect$$libshutdown$$00000009  c_w.l(libshutdown2.o)
    0x080001b4   0x00000000   Code   RO          802    .ARM.Collect$$libshutdown$$0000000B  c_w.l(libshutdown2.o)
    0x080001b4   0x00000000   Code   RO          805    .ARM.Collect$$libshutdown$$0000000E  c_w.l(libshutdown2.o)
    0x080001b4   0x00000002   Code   RO          806    .ARM.Collect$$libshutdown$$0000000F  c_w.l(libshutdown2.o)
    0x080001b6   0x00000000   Code   RO          628    .ARM.Collect$$rtentry$$00000000  c_w.l(rtentry.o)
    0x080001b6   0x00000000   Code   RO          669    .ARM.Collect$$rtentry$$00000002  c_w.l(rtentry2.o)
    0x080001b6   0x00000006   Code   RO          681    .ARM.Collect$$rtentry$$00000004  c_w.l(rtentry4.o)
    0x080001bc   0x00000000   Code   RO          671    .ARM.Collect$$rtentry$$00000009  c_w.l(rtentry2.o)
    0x080001bc   0x00000004   Code   RO          672    .ARM.Collect$$rtentry$$0000000A  c_w.l(rtentry2.o)
    0x080001c0   0x00000000   Code   RO          674    .ARM.Collect$$rtentry$$0000000C  c_w.l(rtentry2.o)
    0x080001c0   0x00000008   Code   RO          675    .ARM.Collect$$rtentry$$0000000D  c_w.l(rtentry2.o)
    0x080001c8   0x00000002   Code   RO          719    .ARM.Collect$$rtexit$$00000000  c_w.l(rtexit.o)
    0x080001ca   0x00000000   Code   RO          767    .ARM.Collect$$rtexit$$00000002  c_w.l(rtexit2.o)
    0x080001ca   0x00000004   Code   RO          768    .ARM.Collect$$rtexit$$00000003  c_w.l(rtexit2.o)
    0x080001ce   0x00000006   Code   RO          769    .ARM.Collect$$rtexit$$00000004  c_w.l(rtexit2.o)
    0x080001d4   0x0000000c   Code   RO           61    .emb_text           sys.o
    0x080001e0   0x00000038   Code   RO            4    .text               startup_stm32f10x_hd.o
    0x08000218   0x000000b0   Code   RO           12    .text               delay.o
    0x080002c8   0x000002bc   Code   RO           62    .text               sys.o
    0x08000584   0x00000184   Code   RO           85    .text               usart.o
    0x08000708   0x00000768   Code   RO          130    .text               main.o
    0x08000e70   0x00000120   Code   RO          203    .text               key.o
    0x08000f90   0x0000003c   Code   RO          244    .text               led.o
    0x08000fcc   0x000002fc   Code   RO          281    .text               stmiic.o
    0x080012c8   0x00001be2   Code   RO          304    .text               ili93xx.o
    0x08002eaa   0x00000002   PAD
    0x08002eac   0x0000019c   Code   RO          363    .text               adc.o
    0x08003048   0x000001b4   Code   RO          386    .text               uart4.o
    0x080031fc   0x000000b8   Code   RO          412    .text               mlx90614.o
    0x080032b4   0x00000178   Code   RO          432    .text               usart2pm25.o
    0x0800342c   0x0000029c   Code   RO          458    .text               sendpack.o
    0x080036c8   0x00000086   Code   RO          493    .text               read24c16.o
    0x0800374e   0x00000002   Code   RO          513    .text               c_w.l(use_no_semi_2.o)
    0x08003750   0x00000018   Code   RO          517    .text               c_w.l(noretval__2printf.o)
    0x08003768   0x00000068   Code   RO          519    .text               c_w.l(__printf.o)
    0x080037d0   0x00000058   Code   RO          524    .text               c_w.l(_printf_hex_int.o)
    0x08003828   0x00000006   Code   RO          564    .text               c_w.l(heapauxi.o)
    0x0800382e   0x00000002   Code   RO          626    .text               c_w.l(use_no_semi.o)
    0x08003830   0x00000016   Code   RO          629    .text               c_w.l(_rserrno.o)
    0x08003846   0x000000b2   Code   RO          631    .text               c_w.l(_printf_intcommon.o)
    0x080038f8   0x00000024   Code   RO          633    .text               c_w.l(_printf_char_file.o)
    0x0800391c   0x00000008   Code   RO          686    .text               c_w.l(rt_errno_addr_intlibspace.o)
    0x08003924   0x00000030   Code   RO          688    .text               c_w.l(_printf_char_common.o)
    0x08003954   0x00000008   Code   RO          690    .text               c_w.l(ferror.o)
    0x0800395c   0x00000008   Code   RO          700    .text               c_w.l(libspace.o)
    0x08003964   0x0000004a   Code   RO          703    .text               c_w.l(sys_stackheap_outer.o)
    0x080039ae   0x0000000c   Code   RO          707    .text               c_w.l(exit.o)
    0x080039ba   0x00000028   Code   RO          655    i.__ARM_fpclassify  m_ws.l(fpclassify.o)
    0x080039e2   0x000000aa   Code   RO          657    i.__kernel_poly     m_ws.l(poly.o)
    0x08003a8c   0x00000010   Code   RO          653    i.__mathlib_dbl_underflow  m_ws.l(dunder.o)
    0x08003a9c   0x000009e0   Code   RO          617    i.pow               m_ws.l(pow.o)
    0x0800447c   0x0000004c   Code   RO          661    i.sqrt              m_ws.l(sqrt.o)
    0x080044c8   0x00000062   Code   RO          568    x$fpl$d2f           fz_ws.l(d2f.o)
    0x0800452a   0x00000002   PAD
    0x0800452c   0x00000150   Code   RO          570    x$fpl$dadd          fz_ws.l(daddsub_clz.o)
    0x0800467c   0x00000010   Code   RO          694    x$fpl$dcheck1       fz_ws.l(dcheck1.o)
    0x0800468c   0x00000018   Code   RO          715    x$fpl$dcmpinf       fz_ws.l(dcmpi.o)
    0x080046a4   0x000002b0   Code   RO          637    x$fpl$ddiv          fz_ws.l(ddiv.o)
    0x08004954   0x0000005e   Code   RO          576    x$fpl$dfix          fz_ws.l(dfix.o)
    0x080049b2   0x0000002e   Code   RO          581    x$fpl$dflt          fz_ws.l(dflt_clz.o)
    0x080049e0   0x00000026   Code   RO          580    x$fpl$dfltu         fz_ws.l(dflt_clz.o)
    0x08004a06   0x00000002   PAD
    0x08004a08   0x00000078   Code   RO          696    x$fpl$dleqf         fz_ws.l(dleqf.o)
    0x08004a80   0x00000154   Code   RO          586    x$fpl$dmul          fz_ws.l(dmul.o)
    0x08004bd4   0x0000009c   Code   RO          640    x$fpl$dnaninf       fz_ws.l(dnaninf.o)
    0x08004c70   0x0000000c   Code   RO          642    x$fpl$dretinf       fz_ws.l(dretinf.o)
    0x08004c7c   0x0000006c   Code   RO          644    x$fpl$drleqf        fz_ws.l(drleqf.o)
    0x08004ce8   0x00000016   Code   RO          571    x$fpl$drsb          fz_ws.l(daddsub_clz.o)
    0x08004cfe   0x00000002   PAD
    0x08004d00   0x000001cc   Code   RO          698    x$fpl$dsqrt         fz_ws.l(dsqrt_noumaal.o)
    0x08004ecc   0x000001d4   Code   RO          572    x$fpl$dsub          fz_ws.l(daddsub_clz.o)
    0x080050a0   0x00000056   Code   RO          588    x$fpl$f2d           fz_ws.l(f2d.o)
    0x080050f6   0x00000002   PAD
    0x080050f8   0x000000c4   Code   RO          590    x$fpl$fadd          fz_ws.l(faddsub_clz.o)
    0x080051bc   0x00000184   Code   RO          597    x$fpl$fdiv          fz_ws.l(fdiv.o)
    0x08005340   0x00000036   Code   RO          600    x$fpl$ffix          fz_ws.l(ffix.o)
    0x08005376   0x00000002   PAD
    0x08005378   0x0000003e   Code   RO          604    x$fpl$ffixu         fz_ws.l(ffixu.o)
    0x080053b6   0x00000002   PAD
    0x080053b8   0x00000030   Code   RO          609    x$fpl$fflt          fz_ws.l(fflt_clz.o)
    0x080053e8   0x00000026   Code   RO          608    x$fpl$ffltu         fz_ws.l(fflt_clz.o)
    0x0800540e   0x00000002   PAD
    0x08005410   0x00000102   Code   RO          614    x$fpl$fmul          fz_ws.l(fmul.o)
    0x08005512   0x0000008c   Code   RO          646    x$fpl$fnaninf       fz_ws.l(fnaninf.o)
    0x0800559e   0x0000000a   Code   RO          648    x$fpl$fretinf       fz_ws.l(fretinf.o)
    0x080055a8   0x00000014   Code   RO          591    x$fpl$frsb          fz_ws.l(faddsub_clz.o)
    0x080055bc   0x000000ea   Code   RO          592    x$fpl$fsub          fz_ws.l(faddsub_clz.o)
    0x080056a6   0x00000064   Code   RO          717    x$fpl$retnan        fz_ws.l(retnan.o)
    0x0800570a   0x0000005c   Code   RO          650    x$fpl$scalbn        fz_ws.l(scalbn.o)
    0x08005766   0x00000030   Code   RO          764    x$fpl$trapveneer    fz_ws.l(trapv.o)
    0x08005796   0x00000000   Code   RO          652    x$fpl$usenofp       fz_ws.l(usenofp.o)
    0x08005796   0x00000598   Data   RO          132    .constdata          main.o
    0x08005d2e   0x000017c0   Data   RO          306    .constdata          ili93xx.o
    0x080074ee   0x00000028   Data   RO          525    .constdata          c_w.l(_printf_hex_int.o)
    0x08007516   0x00000002   PAD
    0x08007518   0x00000088   Data   RO          618    .constdata          m_ws.l(pow.o)
    0x080075a0   0x00000008   Data   RO          659    .constdata          m_ws.l(qnan.o)
    0x080075a8   0x00000020   Data   RO          838    Region$$Table       anon$$obj.o


    Execution Region RW_IRAM1 (Base: 0x20000000, Size: 0x000014b0, Max: 0x0000c000, ABSOLUTE)

    Base Addr    Size         Type   Attr      Idx    E Section Name        Object

    0x20000000   0x00000004   Data   RW           13    .data               delay.o
    0x20000004   0x00000006   Data   RW           87    .data               usart.o
    0x2000000a   0x00000002   PAD
    0x2000000c   0x00000026   Data   RW          133    .data               main.o
    0x20000032   0x00000001   Data   RW          204    .data               key.o
    0x20000033   0x00000001   PAD
    0x20000034   0x00000004   Data   RW          307    .data               ili93xx.o
    0x20000038   0x00000007   Data   RW          387    .data               uart4.o
    0x2000003f   0x0000000a   Data   RW          433    .data               usart2pm25.o
    0x20000049   0x00000003   PAD
    0x2000004c   0x000000c8   Zero   RW           86    .bss                usart.o
    0x20000114   0x00000d28   Zero   RW          131    .bss                main.o
    0x20000e3c   0x0000000e   Zero   RW          305    .bss                ili93xx.o
    0x20000e4a   0x00000002   PAD
    0x20000e4c   0x00000060   Zero   RW          701    .bss                c_w.l(libspace.o)
    0x20000eac   0x00000004   PAD
    0x20000eb0   0x00000200   Zero   RW            2    HEAP                startup_stm32f10x_hd.o
    0x200010b0   0x00000400   Zero   RW            1    STACK               startup_stm32f10x_hd.o


==============================================================================

Image component sizes


      Code (inc. data)   RO Data    RW Data    ZI Data      Debug   Object Name

       412         18          0          0          0       1063   adc.o
       176          8          0          4          0     208427   delay.o
      7138        146       6080          4         14     219296   ili93xx.o
       288         24          0          1          0     203920   key.o
        60          8          0          0          0        423   led.o
      1896        130       1432         38       3368       4456   main.o
       184         22          0          0          0        674   mlx90614.o
       134          0          0          0          0        886   read24c16.o
       668         14          0          0          0       2012   sendpack.o
        56         22        304          0       1536        808   startup_stm32f10x_hd.o
       764         18          0          0          0       2428   stmiic.o
       712         44          0          0          0       2755   sys.o
       436         32          0          7          0       1663   uart4.o
       388         26          0          6        200     206294   usart.o
       376         34          0         10          0       1677   usart2pm25.o

    ----------------------------------------------------------------------
     13690        546       7848         76       5120     856782   Object Totals
         0          0         32          0          0          0   (incl. Generated)
         2          0          0          6          2          0   (incl. Padding)

    ----------------------------------------------------------------------

      Code (inc. data)   RO Data    RW Data    ZI Data      Debug   Library Member Name

         8          0          0          0          0         68   __main.o
       104          0          0          0          0         84   __printf.o
        52          8          0          0          0          0   __scatter.o
        26          0          0          0          0          0   __scatter_copy.o
        28          0          0          0          0          0   __scatter_zi.o
        48          6          0          0          0         96   _printf_char_common.o
        36          4          0          0          0         80   _printf_char_file.o
        88          4         40          0          0         88   _printf_hex_int.o
       178          0          0          0          0         88   _printf_intcommon.o
         0          0          0          0          0          0   _printf_percent.o
         4          0          0          0          0          0   _printf_percent_end.o
         6          0          0          0          0          0   _printf_x.o
        22          0          0          0          0        100   _rserrno.o
        12          0          0          0          0         72   exit.o
         8          0          0          0          0         68   ferror.o
         6          0          0          0          0        152   heapauxi.o
         2          0          0          0          0          0   libinit.o
         2          0          0          0          0          0   libinit2.o
         2          0          0          0          0          0   libshutdown.o
         2          0          0          0          0          0   libshutdown2.o
         8          4          0          0         96         68   libspace.o
        24          4          0          0          0         84   noretval__2printf.o
         8          4          0          0          0         68   rt_errno_addr_intlibspace.o
         0          0          0          0          0          0   rtentry.o
        12          0          0          0          0          0   rtentry2.o
         6          0          0          0          0          0   rtentry4.o
         2          0          0          0          0          0   rtexit.o
        10          0          0          0          0          0   rtexit2.o
        74          0          0          0          0         80   sys_stackheap_outer.o
         2          0          0          0          0         68   use_no_semi.o
         2          0          0          0          0         68   use_no_semi_2.o
        98          4          0          0          0         92   d2f.o
       826         16          0          0          0        348   daddsub_clz.o
        16          4          0          0          0         68   dcheck1.o
        24          0          0          0          0         68   dcmpi.o
       688        140          0          0          0        208   ddiv.o
        94          4          0          0          0         92   dfix.o
        84          0          0          0          0        136   dflt_clz.o
       120          4          0          0          0         92   dleqf.o
       340         12          0          0          0        104   dmul.o
       156          4          0          0          0         92   dnaninf.o
        12          0          0          0          0         68   dretinf.o
       108          0          0          0          0         80   drleqf.o
       460         56          0          0          0        120   dsqrt_noumaal.o
        86          4          0          0          0         84   f2d.o
       450          8          0          0          0        236   faddsub_clz.o
       388         76          0          0          0         96   fdiv.o
        54          4          0          0          0         84   ffix.o
        62          4          0          0          0         84   ffixu.o
        86          0          0          0          0        136   fflt_clz.o
       258          4          0          0          0         84   fmul.o
       140          4          0          0          0         84   fnaninf.o
        10          0          0          0          0         68   fretinf.o
       100          0          0          0          0         68   retnan.o
        92          0          0          0          0         68   scalbn.o
        48          0          0          0          0         68   trapv.o
         0          0          0          0          0          0   usenofp.o
        16          6          0          0          0         68   dunder.o
        40          0          0          0          0         68   fpclassify.o
       170          0          0          0          0         96   poly.o
      2528        190        136          0          0        332   pow.o
         0          0          8          0          0          0   qnan.o
        76          0          0          0          0         84   sqrt.o

    ----------------------------------------------------------------------
      8428        578        186          0        100       4708   Library Totals
        16          0          2          0          4          0   (incl. Padding)

    ----------------------------------------------------------------------

      Code (inc. data)   RO Data    RW Data    ZI Data      Debug   Library Name

       782         34         40          0         96       1332   c_w.l
      4800        348          0          0          0       2728   fz_ws.l
      2830        196        144          0          0        648   m_ws.l

    ----------------------------------------------------------------------
      8428        578        186          0        100       4708   Library Totals

    ----------------------------------------------------------------------

==============================================================================


      Code (inc. data)   RO Data    RW Data    ZI Data      Debug   

     22118       1124       8034         76       5220     857898   Grand Totals
     22118       1124       8034         76       5220     857898   ELF Image Totals
     22118       1124       8034         76          0          0   ROM Totals

==============================================================================

    Total RO  Size (Code + RO Data)                30152 (  29.45kB)
    Total RW  Size (RW Data + ZI Data)              5296 (   5.17kB)
    Total ROM Size (Code + RO Data + RW Data)      30228 (  29.52kB)

==============================================================================

